<html>
<body>
<pre>
<h1>礦ision Build Log</h1>
<h2>Tool Versions:</h2>
IDE-Version: μVision V5.35.0.0
Copyright (C) 2021 ARM Ltd and ARM Germany GmbH. All rights reserved.
License Information: Sun Javee, zjut, LIC=HN0AE-5QZLY-IID5V-PS0HL-WQZ68-BT0F7
 
Tool Versions:
Toolchain:       MDK-ARM Plus  Version: 5.35.0.2
Toolchain Path:  D:\MDK-ARM\ARM\ARMCLANG\Bin
C Compiler:      ArmClang.exe V6.16
Assembler:       Armasm.exe V6.16
Linker/Locator:  ArmLink.exe V6.16
Library Manager: ArmAr.exe V6.16
Hex Converter:   FromElf.exe V6.16
CPU DLL:         SARMCM3.DLL V5.35.0.2
Dialog DLL:      DARMCM1.DLL V1.19.4.0
Target DLL:      Segger\JL2CM3.dll V2.99.40.0
Dialog DLL:      TARMCM1.DLL V1.14.4.0
 
<h2>Project:</h2>
D:\学习资料\嵌入式\luatos-soc-air001\ModuleDemo\IWDG\Example_HAL01\IWDG_Reset\MDK-ARM\Project.uvprojx
Project File Date:  07/12/2023

<h2>Output:</h2>
*** Using Compiler 'V6.16', folder: 'D:\MDK-ARM\ARM\ARMCLANG\Bin'
Build target 'Project'
compiling main.c...
linking...
Program Size: Code=2300 RO-data=256 RW-data=212 ZI-data=1108  
FromELF: creating hex file...
".\Output\Debug\Project.axf" - 0 Error(s), 0 Warning(s).

<h2>Software Packages used:</h2>

Package Vendor: ARM
                http://www.keil.com/pack/ARM.CMSIS.5.8.0.pack
                ARM.CMSIS.5.8.0
                CMSIS (Common Microcontroller Software Interface Standard)
   * Component: CORE Version: 5.5.0

Package Vendor: Keil
                https://luatos.com/t/air001/Keil.AIR001_DFP.1.0.1.pack
                Keil.AIR001_DFP.1.0.1
                AirM2M AIR001 Series Device Support, Drivers

<h2>Collection of Component include folders:</h2>
  .\RTE\_Project
  D:\MDK-ARM\Packs\ARM\CMSIS\5.8.0\CMSIS\Core\Include
  D:\MDK-ARM\Packs\Keil\AIR001_DFP\1.0.1\Device\Include

<h2>Collection of Component Files used:</h2>

   * Component: ARM::CMSIS:CORE:5.5.0
Build Time Elapsed:  00:00:00
</pre>
</body>
</html>
