Component: ARM Compiler 5.06 update 7 (build 960) Tool: armlink [4d3601]

==============================================================================

Section Cross References

    context_rvds.o(.text) refers to cpuport.o(i.rt_hw_hard_fault_exception) for rt_hw_hard_fault_exception
    context_rvds.o(.text) refers to cpuport.o(.data) for rt_thread_switch_interrupt_flag
    cpuport.o(i.rt_hw_hard_fault_exception) refers to kservice.o(i.rt_kprintf) for rt_kprintf
    cpuport.o(i.rt_hw_hard_fault_exception) refers to cmd.o(i.list_thread) for list_thread
    cpuport.o(i.rt_hw_hard_fault_exception) refers to scheduler.o(.data) for rt_current_thread
    clock.o(i.rt_tick_from_millisecond) refers to idiv.o(.text) for __aeabi_idivmod
    clock.o(i.rt_tick_get) refers to clock.o(.data) for rt_tick
    clock.o(i.rt_tick_increase) refers to thread.o(i.rt_thread_self) for rt_thread_self
    clock.o(i.rt_tick_increase) refers to thread.o(i.rt_thread_yield) for rt_thread_yield
    clock.o(i.rt_tick_increase) refers to timer.o(i.rt_timer_check) for rt_timer_check
    clock.o(i.rt_tick_increase) refers to clock.o(.data) for rt_tick
    clock.o(i.rt_tick_set) refers to context_rvds.o(.text) for rt_hw_interrupt_disable
    clock.o(i.rt_tick_set) refers to clock.o(.data) for rt_tick
    components.o(i.$Sub$$main) refers to components.o(i.rtthread_startup) for rtthread_startup
    components.o(i.main_thread_entry) refers to components.o(i.rt_components_init) for rt_components_init
    components.o(i.main_thread_entry) refers to main.o(i.main) for $Super$$main
    components.o(i.rt_application_init) refers to thread.o(i.rt_thread_init) for rt_thread_init
    components.o(i.rt_application_init) refers to thread.o(i.rt_thread_startup) for rt_thread_startup
    components.o(i.rt_application_init) refers to components.o(.bss) for main_thread
    components.o(i.rt_application_init) refers to components.o(i.main_thread_entry) for main_thread_entry
    components.o(i.rt_components_board_init) refers to components.o(.rti_fn.0.end) for __rt_init_rti_board_start
    components.o(i.rt_components_board_init) refers to components.o(.rti_fn.1.end) for __rt_init_rti_board_end
    components.o(i.rt_components_init) refers to components.o(.rti_fn.1.end) for __rt_init_rti_board_end
    components.o(i.rt_components_init) refers to components.o(.rti_fn.6.end) for __rt_init_rti_end
    components.o(i.rtthread_startup) refers to context_rvds.o(.text) for rt_hw_interrupt_disable
    components.o(i.rtthread_startup) refers to board.o(i.rt_hw_board_init) for rt_hw_board_init
    components.o(i.rtthread_startup) refers to kservice.o(i.rt_show_version) for rt_show_version
    components.o(i.rtthread_startup) refers to timer.o(i.rt_system_timer_init) for rt_system_timer_init
    components.o(i.rtthread_startup) refers to scheduler.o(i.rt_system_scheduler_init) for rt_system_scheduler_init
    components.o(i.rtthread_startup) refers to components.o(i.rt_application_init) for rt_application_init
    components.o(i.rtthread_startup) refers to timer.o(i.rt_system_timer_thread_init) for rt_system_timer_thread_init
    components.o(i.rtthread_startup) refers to idle.o(i.rt_thread_idle_init) for rt_thread_idle_init
    components.o(i.rtthread_startup) refers to scheduler.o(i.rt_system_scheduler_start) for rt_system_scheduler_start
    components.o(.rti_fn.0) refers to components.o(i.rti_start) for rti_start
    components.o(.rti_fn.0.end) refers to components.o(i.rti_board_start) for rti_board_start
    components.o(.rti_fn.1.end) refers to components.o(i.rti_board_end) for rti_board_end
    components.o(.rti_fn.6.end) refers to components.o(i.rti_end) for rti_end
    idle.o(i.rt_thread_idle_entry) refers to idle.o(i.rt_thread_idle_excute) for rt_thread_idle_excute
    idle.o(i.rt_thread_idle_gethandler) refers to idle.o(.bss) for idle
    idle.o(i.rt_thread_idle_init) refers to thread.o(i.rt_thread_init) for rt_thread_init
    idle.o(i.rt_thread_idle_init) refers to thread.o(i.rt_thread_startup) for rt_thread_startup
    idle.o(i.rt_thread_idle_init) refers to idle.o(.bss) for rt_thread_stack
    idle.o(i.rt_thread_idle_init) refers to idle.o(i.rt_thread_idle_entry) for rt_thread_idle_entry
    ipc.o(i.rt_ipc_list_resume) refers to thread.o(i.rt_thread_resume) for rt_thread_resume
    ipc.o(i.rt_ipc_list_resume_all) refers to context_rvds.o(.text) for rt_hw_interrupt_disable
    ipc.o(i.rt_ipc_list_resume_all) refers to thread.o(i.rt_thread_resume) for rt_thread_resume
    ipc.o(i.rt_ipc_list_resume_all) refers to ipc.o(i.rt_list_isempty) for rt_list_isempty
    ipc.o(i.rt_ipc_list_suspend) refers to thread.o(i.rt_thread_suspend) for rt_thread_suspend
    ipc.o(i.rt_ipc_list_suspend) refers to ipc.o(i.rt_list_insert_before) for rt_list_insert_before
    ipc.o(i.rt_ipc_object_init) refers to ipc.o(i.rt_list_init) for rt_list_init
    ipc.o(i.rt_mb_control) refers to context_rvds.o(.text) for rt_hw_interrupt_disable
[...]
    ../rtthread/src/irq.c                    0x00000000   Number         0  irq.o ABSOLUTE
    ../rtthread/src/kservice.c               0x00000000   Number         0  kservice.o ABSOLUTE
    ../rtthread/src/mem.c                    0x00000000   Number         0  mem.o ABSOLUTE
    ../rtthread/src/memheap.c                0x00000000   Number         0  memheap.o ABSOLUTE
    ../rtthread/src/mempool.c                0x00000000   Number         0  mempool.o ABSOLUTE
    ../rtthread/src/object.c                 0x00000000   Number         0  object.o ABSOLUTE
    ../rtthread/src/scheduler.c              0x00000000   Number         0  scheduler.o ABSOLUTE
    ../rtthread/src/slab.c                   0x00000000   Number         0  slab.o ABSOLUTE
    ../rtthread/src/thread.c                 0x00000000   Number         0  thread.o ABSOLUTE
    ../rtthread/src/timer.c                  0x00000000   Number         0  timer.o ABSOLUTE
    ..\Libraries\AIR001xx_HAL_Driver\Src\air001xx_hal.c 0x00000000   Number         0  air001xx_hal.o ABSOLUTE
    ..\Libraries\AIR001xx_HAL_Driver\Src\air001xx_hal_cortex.c 0x00000000   Number         0  air001xx_hal_cortex.o ABSOLUTE
    ..\Libraries\AIR001xx_HAL_Driver\Src\air001xx_hal_dma.c 0x00000000   Number         0  air001xx_hal_dma.o ABSOLUTE
    ..\Libraries\AIR001xx_HAL_Driver\Src\air001xx_hal_flash.c 0x00000000   Number         0  air001xx_hal_flash.o ABSOLUTE
    ..\Libraries\AIR001xx_HAL_Driver\Src\air001xx_hal_gpio.c 0x00000000   Number         0  air001xx_hal_gpio.o ABSOLUTE
    ..\Libraries\AIR001xx_HAL_Driver\Src\air001xx_hal_iwdg.c 0x00000000   Number         0  air001xx_hal_iwdg.o ABSOLUTE
    ..\Libraries\AIR001xx_HAL_Driver\Src\air001xx_hal_pwr.c 0x00000000   Number         0  air001xx_hal_pwr.o ABSOLUTE
    ..\Libraries\AIR001xx_HAL_Driver\Src\air001xx_hal_rcc.c 0x00000000   Number         0  air001xx_hal_rcc.o ABSOLUTE
    ..\Libraries\AIR001xx_HAL_Driver\Src\air001xx_hal_rcc_ex.c 0x00000000   Number         0  air001xx_hal_rcc_ex.o ABSOLUTE
    ..\Libraries\AIR001xx_HAL_Driver\Src\air001xx_hal_uart.c 0x00000000   Number         0  air001xx_hal_uart.o ABSOLUTE
    ..\Libraries\BSP\AIR001_Core_Board\air001_Core_Board.c 0x00000000   Number         0  air001_core_board.o ABSOLUTE
    ..\Src\air001xx_hal_msp.c                0x00000000   Number         0  air001xx_hal_msp.o ABSOLUTE
    ..\Src\air001xx_it.c                     0x00000000   Number         0  air001xx_it.o ABSOLUTE
    ..\Src\board.c                           0x00000000   Number         0  board.o ABSOLUTE
    ..\Src\main.c                            0x00000000   Number         0  main.o ABSOLUTE
    ..\Src\system_air001xx.c                 0x00000000   Number         0  system_air001xx.o ABSOLUTE
    ..\\Libraries\\AIR001xx_HAL_Driver\\Src\\air001xx_hal.c 0x00000000   Number         0  air001xx_hal.o ABSOLUTE
    ..\\Libraries\\AIR001xx_HAL_Driver\\Src\\air001xx_hal_cortex.c 0x00000000   Number         0  air001xx_hal_cortex.o ABSOLUTE
    ..\\Libraries\\AIR001xx_HAL_Driver\\Src\\air001xx_hal_dma.c 0x00000000   Number         0  air001xx_hal_dma.o ABSOLUTE
    ..\\Libraries\\AIR001xx_HAL_Driver\\Src\\air001xx_hal_flash.c 0x00000000   Number         0  air001xx_hal_flash.o ABSOLUTE
    ..\\Libraries\\AIR001xx_HAL_Driver\\Src\\air001xx_hal_gpio.c 0x00000000   Number         0  air001xx_hal_gpio.o ABSOLUTE
    ..\\Libraries\\AIR001xx_HAL_Driver\\Src\\air001xx_hal_iwdg.c 0x00000000   Number         0  air001xx_hal_iwdg.o ABSOLUTE
    ..\\Libraries\\AIR001xx_HAL_Driver\\Src\\air001xx_hal_pwr.c 0x00000000   Number         0  air001xx_hal_pwr.o ABSOLUTE
    ..\\Libraries\\AIR001xx_HAL_Driver\\Src\\air001xx_hal_rcc.c 0x00000000   Number         0  air001xx_hal_rcc.o ABSOLUTE
    ..\\Libraries\\AIR001xx_HAL_Driver\\Src\\air001xx_hal_rcc_ex.c 0x00000000   Number         0  air001xx_hal_rcc_ex.o ABSOLUTE
    ..\\Libraries\\AIR001xx_HAL_Driver\\Src\\air001xx_hal_uart.c 0x00000000   Number         0  air001xx_hal_uart.o ABSOLUTE
    ..\\Libraries\\BSP\\AIR001_Core_Board\\air001_Core_Board.c 0x00000000   Number         0  air001_core_board.o ABSOLUTE
    ..\rtthread\components\finsh\cmd.c       0x00000000   Number         0  cmd.o ABSOLUTE
    ..\rtthread\components\finsh\finsh_port.c 0x00000000   Number         0  finsh_port.o ABSOLUTE
    ..\rtthread\components\finsh\msh.c       0x00000000   Number         0  msh.o ABSOLUTE
    ..\rtthread\components\finsh\shell.c     0x00000000   Number         0  shell.o ABSOLUTE
    ..\rtthread\libcpu\arm\cortex-m0\cpuport.c 0x00000000   Number         0  cpuport.o ABSOLUTE
    ..\rtthread\src\clock.c                  0x00000000   Number         0  clock.o ABSOLUTE
    ..\rtthread\src\components.c             0x00000000   Number         0  components.o ABSOLUTE
    ..\rtthread\src\cpu.c                    0x00000000   Number         0  cpu.o ABSOLUTE
    ..\rtthread\src\idle.c                   0x00000000   Number         0  idle.o ABSOLUTE
    ..\rtthread\src\ipc.c                    0x00000000   Number         0  ipc.o ABSOLUTE
    ..\rtthread\src\irq.c                    0x00000000   Number         0  irq.o ABSOLUTE
    ..\rtthread\src\kservice.c               0x00000000   Number         0  kservice.o ABSOLUTE
    ..\rtthread\src\mem.c                    0x00000000   Number         0  mem.o ABSOLUTE
    ..\rtthread\src\memheap.c                0x00000000   Number         0  memheap.o ABSOLUTE
    ..\rtthread\src\mempool.c                0x00000000   Number         0  mempool.o ABSOLUTE
    ..\rtthread\src\object.c                 0x00000000   Number         0  object.o ABSOLUTE
    ..\rtthread\src\scheduler.c              0x00000000   Number         0  scheduler.o ABSOLUTE
    ..\rtthread\src\slab.c                   0x00000000   Number         0  slab.o ABSOLUTE
    ..\rtthread\src\thread.c                 0x00000000   Number         0  thread.o ABSOLUTE
    ..\rtthread\src\timer.c                  0x00000000   Number         0  timer.o ABSOLUTE
    dc.s                                     0x00000000   Number         0  dc.o ABSOLUTE
    handlers.s                               0x00000000   Number         0  handlers.o ABSOLUTE
    init.s                                   0x00000000   Number         0  init.o ABSOLUTE
    ringbuff.c                               0x00000000   Number         0  ringbuff.o ABSOLUTE
    ringbuff.c                               0x00000000   Number         0  ringbuff.o ABSOLUTE
    startup_air001_dev.s                     0x00000000   Number         0  startup_air001_dev.o ABSOLUTE
    RESET                                    0x08000000   Section      192  startup_air001_dev.o(RESET)
    .ARM.Collect$$$$00000000                 0x080000c0   Section        0  entry.o(.ARM.Collect$$$$00000000)
    .ARM.Collect$$$$00000001                 0x080000c0   Section        4  entry2.o(.ARM.Collect$$$$00000001)
    .ARM.Collect$$$$00000004                 0x080000c4   Section        4  entry5.o(.ARM.Collect$$$$00000004)
    .ARM.Collect$$$$00000008                 0x080000c8   Section        0  entry7b.o(.ARM.Collect$$$$00000008)
    .ARM.Collect$$$$0000000A                 0x080000c8   Section        0  entry8b.o(.ARM.Collect$$$$0000000A)
    .ARM.Collect$$$$0000000B                 0x080000c8   Section        8  entry9a.o(.ARM.Collect$$$$0000000B)
    .ARM.Collect$$$$0000000E                 0x080000d0   Section        4  entry12b.o(.ARM.Collect$$$$0000000E)
    .ARM.Collect$$$$0000000F                 0x080000d4   Section        0  entry10a.o(.ARM.Collect$$$$0000000F)
    .ARM.Collect$$$$00000011                 0x080000d4   Section        0  entry11a.o(.ARM.Collect$$$$00000011)
    .ARM.Collect$$$$00002712                 0x080000d4   Section        4  entry2.o(.ARM.Collect$$$$00002712)
    __lit__00000000                          0x080000d4   Data           4  entry2.o(.ARM.Collect$$$$00002712)
    .text                                    0x080000d8   Section      216  context_rvds.o(.text)
    .text                                    0x080001b0   Section       28  startup_air001_dev.o(.text)
    .text                                    0x080001cc   Section        0  uidiv.o(.text)
    .text                                    0x080001f8   Section        0  idiv.o(.text)
    .text                                    0x08000220   Section        0  memcpya.o(.text)
    .text                                    0x08000244   Section        0  memseta.o(.text)
    .text                                    0x08000268   Section        0  strcat.o(.text)
    .text                                    0x08000280   Section        0  strncpy.o(.text)
    .text                                    0x0800029a   Section        0  strlen.o(.text)
    .text                                    0x080002a8   Section        0  strcpy.o(.text)
    .text                                    0x080002ba   Section        0  strncmp.o(.text)
    .text                                    0x080002d8   Section       36  init.o(.text)
    i.$Sub$$main                             0x080002fc   Section        0  components.o(i.$Sub$$main)
    i.BSP_LED_Init                           0x08000308   Section        0  air001_core_board.o(i.BSP_LED_Init)
    i.BSP_LED_Toggle                         0x08000370   Section        0  air001_core_board.o(i.BSP_LED_Toggle)
    i.BSP_USART_Config                       0x08000390   Section        0  air001_core_board.o(i.BSP_USART_Config)
    i.HAL_DMA_Abort_IT                       0x080004b8   Section        0  air001xx_hal_dma.o(i.HAL_DMA_Abort_IT)
    i.HAL_GPIO_Init                          0x08000530   Section        0  air001xx_hal_gpio.o(i.HAL_GPIO_Init)
    i.HAL_GPIO_TogglePin                     0x080006e4   Section        0  air001xx_hal_gpio.o(i.HAL_GPIO_TogglePin)
    i.HAL_GPIO_WritePin                      0x080006f4   Section        0  air001xx_hal_gpio.o(i.HAL_GPIO_WritePin)
    i.HAL_GetTick                            0x08000700   Section        0  air001xx_hal.o(i.HAL_GetTick)
    i.HAL_Init                               0x0800070c   Section        0  air001xx_hal.o(i.HAL_Init)
    i.HAL_InitTick                           0x08000728   Section        0  air001xx_hal.o(i.HAL_InitTick)
    i.HAL_MspInit                            0x08000788   Section        0  air001xx_hal_msp.o(i.HAL_MspInit)
    i.HAL_NVIC_EnableIRQ                     0x080007a8   Section        0  air001xx_hal_cortex.o(i.HAL_NVIC_EnableIRQ)
    i.HAL_NVIC_SetPriority                   0x080007cc   Section        0  air001xx_hal_cortex.o(i.HAL_NVIC_SetPriority)
    i.HAL_RCC_GetHCLKFreq                    0x080007e0   Section        0  air001xx_hal_rcc.o(i.HAL_RCC_GetHCLKFreq)
    i.HAL_RCC_GetPCLK1Freq                   0x080007ec   Section        0  air001xx_hal_rcc.o(i.HAL_RCC_GetPCLK1Freq)
    i.HAL_SYSTICK_Config                     0x08000814   Section        0  air001xx_hal_cortex.o(i.HAL_SYSTICK_Config)
    i.HAL_UART_ErrorCallback                 0x0800084c   Section        0  air001xx_hal_uart.o(i.HAL_UART_ErrorCallback)
    i.HAL_UART_IRQHandler                    0x08000850   Section        0  air001xx_hal_uart.o(i.HAL_UART_IRQHandler)
    i.HAL_UART_Init                          0x080009cc   Section        0  air001xx_hal_uart.o(i.HAL_UART_Init)
    i.HAL_UART_MspInit                       0x08000a56   Section        0  air001xx_hal_uart.o(i.HAL_UART_MspInit)
    i.HAL_UART_Receive_IT                    0x08000a58   Section        0  air001xx_hal_uart.o(i.HAL_UART_Receive_IT)
    i.HAL_UART_RxCpltCallback                0x08000ad0   Section        0  air001_core_board.o(i.HAL_UART_RxCpltCallback)
    i.HAL_UART_Transmit                      0x08000b28   Section        0  air001xx_hal_uart.o(i.HAL_UART_Transmit)
    i.HAL_UART_TxCpltCallback                0x08000c26   Section        0  air001xx_hal_uart.o(i.HAL_UART_TxCpltCallback)
    i.NMI_Handler                            0x08000c28   Section        0  air001xx_it.o(i.NMI_Handler)
    i.SVC_Handler                            0x08000c2a   Section        0  air001xx_it.o(i.SVC_Handler)
    i.SysTick_Handler                        0x08000c2c   Section        0  board.o(i.SysTick_Handler)
    i.SystemInit                             0x08000c34   Section        0  system_air001xx.o(i.SystemInit)
    i.UART_AdvFeatureConfig                  0x08000c60   Section        0  air001xx_hal_uart.o(i.UART_AdvFeatureConfig)
    UART_AdvFeatureConfig                    0x08000c61   Thumb Code    56  air001xx_hal_uart.o(i.UART_AdvFeatureConfig)
    i.UART_DMAAbortOnError                   0x08000c98   Section        0  air001xx_hal_uart.o(i.UART_DMAAbortOnError)
    UART_DMAAbortOnError                     0x08000c99   Thumb Code    20  air001xx_hal_uart.o(i.UART_DMAAbortOnError)
    i.UART_EndRxTransfer                     0x08000cac   Section        0  air001xx_hal_uart.o(i.UART_EndRxTransfer)
    UART_EndRxTransfer                       0x08000cad   Thumb Code    34  air001xx_hal_uart.o(i.UART_EndRxTransfer)
    i.UART_EndTransmit_IT                    0x08000cce   Section        0  air001xx_hal_uart.o(i.UART_EndTransmit_IT)
    UART_EndTransmit_IT                      0x08000ccf   Thumb Code    32  air001xx_hal_uart.o(i.UART_EndTransmit_IT)
    i.UART_Receive_IT                        0x08000cee   Section        0  air001xx_hal_uart.o(i.UART_Receive_IT)
    UART_Receive_IT                          0x08000cef   Thumb Code   136  air001xx_hal_uart.o(i.UART_Receive_IT)
    i.UART_SetConfig                         0x08000d78   Section        0  air001xx_hal_uart.o(i.UART_SetConfig)
    UART_SetConfig                           0x08000d79   Thumb Code   414  air001xx_hal_uart.o(i.UART_SetConfig)
    i.UART_Transmit_IT                       0x08000f1c   Section        0  air001xx_hal_uart.o(i.UART_Transmit_IT)
    UART_Transmit_IT                         0x08000f1d   Thumb Code   106  air001xx_hal_uart.o(i.UART_Transmit_IT)
    i.UART_WaitOnFlagUntilTimeout            0x08000f86   Section        0  air001xx_hal_uart.o(i.UART_WaitOnFlagUntilTimeout)
    UART_WaitOnFlagUntilTimeout              0x08000f87   Thumb Code   112  air001xx_hal_uart.o(i.UART_WaitOnFlagUntilTimeout)
    i.USART2_IRQHandler                      0x08000ff8   Section        0  air001_core_board.o(i.USART2_IRQHandler)
    i.__ARM_common_switch8                   0x08001008   Section        0  timer.o(i.__ARM_common_switch8)
    i.__NVIC_SetPriority                     0x08001024   Section        0  air001xx_hal_cortex.o(i.__NVIC_SetPriority)
    __NVIC_SetPriority                       0x08001025   Thumb Code   110  air001xx_hal_cortex.o(i.__NVIC_SetPriority)
    i.__rt_ffs                               0x0800109c   Section        0  kservice.o(i.__rt_ffs)
    i.__scatterload_copy                     0x080010f8   Section       14  handlers.o(i.__scatterload_copy)
    i.__scatterload_null                     0x08001106   Section        2  handlers.o(i.__scatterload_null)
    i.__scatterload_zeroinit                 0x08001108   Section       14  handlers.o(i.__scatterload_zeroinit)
    i._msh_exec_cmd                          0x08001116   Section        0  msh.o(i._msh_exec_cmd)
    _msh_exec_cmd                            0x08001117   Thumb Code   100  msh.o(i._msh_exec_cmd)
    i._rt_thread_init                        0x0800117c   Section        0  thread.o(i._rt_thread_init)
    _rt_thread_init                          0x0800117d   Thumb Code   126  thread.o(i._rt_thread_init)
    i._rt_timer_init                         0x08001204   Section        0  timer.o(i._rt_timer_init)
    _rt_timer_init                           0x08001205   Thumb Code    60  timer.o(i._rt_timer_init)
    i._rt_timer_remove                       0x08001240   Section        0  timer.o(i._rt_timer_remove)
    _rt_timer_remove                         0x08001241   Thumb Code    28  timer.o(i._rt_timer_remove)
    i._thread_cleanup_execute                0x0800125c   Section        0  thread.o(i._thread_cleanup_execute)
    _thread_cleanup_execute                  0x0800125d   Thumb Code    30  thread.o(i._thread_cleanup_execute)
    i.cmd_ps                                 0x0800127a   Section        0  msh.o(i.cmd_ps)
    i.finsh_get_prompt                       0x08001288   Section        0  shell.o(i.finsh_get_prompt)
    i.finsh_getchar                          0x08001300   Section        0  shell.o(i.finsh_getchar)
    finsh_getchar                            0x08001301   Thumb Code     8  shell.o(i.finsh_getchar)
    i.finsh_set_prompt_mode                  0x08001308   Section        0  shell.o(i.finsh_set_prompt_mode)
    i.finsh_system_function_init             0x0800132c   Section        0  shell.o(i.finsh_system_function_init)
    i.finsh_system_init                      0x08001340   Section        0  shell.o(i.finsh_system_init)
    i.finsh_thread_entry                     0x080013c8   Section        0  shell.o(i.finsh_thread_entry)
    i.hello                                  0x080017ac   Section        0  cmd.o(i.hello)
    i.list                                   0x080017cc   Section        0  cmd.o(i.list)
    i.list_find_init                         0x08001834   Section        0  cmd.o(i.list_find_init)
    list_find_init                           0x08001835   Thumb Code    40  cmd.o(i.list_find_init)
    i.list_get_next                          0x0800185c   Section        0  cmd.o(i.list_get_next)
    list_get_next                            0x0800185d   Thumb Code   150  cmd.o(i.list_get_next)
    i.list_mailbox                           0x080018f4   Section        0  cmd.o(i.list_mailbox)
    i.list_sem                               0x08001a50   Section        0  cmd.o(i.list_sem)
    i.list_thread                            0x08001b88   Section        0  cmd.o(i.list_thread)
    i.list_timer                             0x08001d74   Section        0  cmd.o(i.list_timer)
    i.main                                   0x08001ed0   Section        0  main.o(i.main)
    i.main_thread_entry                      0x08001ee6   Section        0  components.o(i.main_thread_entry)
    i.msh_auto_complete                      0x08001ef4   Section        0  msh.o(i.msh_auto_complete)
    i.msh_exec                               0x08001f98   Section        0  msh.o(i.msh_exec)
    i.msh_get_cmd                            0x0800200c   Section        0  msh.o(i.msh_get_cmd)
    msh_get_cmd                              0x0800200d   Thumb Code    78  msh.o(i.msh_get_cmd)
    i.msh_help                               0x0800206c   Section        0  msh.o(i.msh_help)
    i.msh_is_used                            0x080020ec   Section        0  msh.o(i.msh_is_used)
    i.msh_split                              0x080020f0   Section        0  msh.o(i.msh_split)
    msh_split                                0x080020f1   Thumb Code   210  msh.o(i.msh_split)
    i.object_split                           0x080021e8   Section        0  cmd.o(i.object_split)
    object_split                             0x080021e9   Thumb Code    22  cmd.o(i.object_split)
    i.print_number                           0x08002204   Section        0  kservice.o(i.print_number)
    print_number                             0x08002205   Thumb Code   396  kservice.o(i.print_number)
    i.rt_application_init                    0x08002398   Section        0  components.o(i.rt_application_init)
    i.rt_components_board_init               0x080023d8   Section        0  components.o(i.rt_components_board_init)
    i.rt_components_init                     0x080023f4   Section        0  components.o(i.rt_components_init)
    i.rt_enter_critical                      0x08002410   Section        0  scheduler.o(i.rt_enter_critical)
    i.rt_exit_critical                       0x08002430   Section        0  scheduler.o(i.rt_exit_critical)
    i.rt_hw_board_init                       0x08002478   Section        0  board.o(i.rt_hw_board_init)
    i.rt_hw_console_getchar                  0x08002484   Section        0  air001_core_board.o(i.rt_hw_console_getchar)
    i.rt_hw_console_output                   0x080024b0   Section        0  air001_core_board.o(i.rt_hw_console_output)
    i.rt_hw_hard_fault_exception             0x08002500   Section        0  cpuport.o(i.rt_hw_hard_fault_exception)
    i.rt_hw_stack_init                       0x080025f4   Section        0  cpuport.o(i.rt_hw_stack_init)
    i.rt_interrupt_enter                     0x08002634   Section        0  irq.o(i.rt_interrupt_enter)
    i.rt_interrupt_leave                     0x08002654   Section        0  irq.o(i.rt_interrupt_leave)
    i.rt_ipc_list_resume                     0x08002674   Section        0  ipc.o(i.rt_ipc_list_resume)
    rt_ipc_list_resume                       0x08002675   Thumb Code    20  ipc.o(i.rt_ipc_list_resume)
    i.rt_ipc_list_suspend                    0x08002688   Section        0  ipc.o(i.rt_ipc_list_suspend)
    rt_ipc_list_suspend                      0x08002689   Thumb Code   100  ipc.o(i.rt_ipc_list_suspend)
    i.rt_ipc_object_init                     0x080026ec   Section        0  ipc.o(i.rt_ipc_object_init)
    rt_ipc_object_init                       0x080026ed   Thumb Code    16  ipc.o(i.rt_ipc_object_init)
    i.rt_kprintf                             0x080026fc   Section        0  kservice.o(i.rt_kprintf)
    i.rt_list_init                           0x08002730   Section        0  ipc.o(i.rt_list_init)
    rt_list_init                             0x08002731   Thumb Code     6  ipc.o(i.rt_list_init)
    i.rt_list_init                           0x08002736   Section        0  scheduler.o(i.rt_list_init)
    rt_list_init                             0x08002737   Thumb Code     6  scheduler.o(i.rt_list_init)
    i.rt_list_init                           0x0800273c   Section        0  timer.o(i.rt_list_init)
    rt_list_init                             0x0800273d   Thumb Code     6  timer.o(i.rt_list_init)
    i.rt_list_insert_after                   0x08002742   Section        0  thread.o(i.rt_list_insert_after)
    rt_list_insert_after                     0x08002743   Thumb Code    14  thread.o(i.rt_list_insert_after)
    i.rt_list_insert_after                   0x08002750   Section        0  timer.o(i.rt_list_insert_after)
    rt_list_insert_after                     0x08002751   Thumb Code    14  timer.o(i.rt_list_insert_after)
    i.rt_list_insert_before                  0x0800275e   Section        0  ipc.o(i.rt_list_insert_before)
    rt_list_insert_before                    0x0800275f   Thumb Code    14  ipc.o(i.rt_list_insert_before)
    i.rt_list_isempty                        0x0800276c   Section        0  ipc.o(i.rt_list_isempty)
    rt_list_isempty                          0x0800276d   Thumb Code    16  ipc.o(i.rt_list_isempty)
    i.rt_list_isempty                        0x0800277c   Section        0  timer.o(i.rt_list_isempty)
    rt_list_isempty                          0x0800277d   Thumb Code    16  timer.o(i.rt_list_isempty)
    i.rt_list_isempty                        0x0800278c   Section        0  cmd.o(i.rt_list_isempty)
    rt_list_isempty                          0x0800278d   Thumb Code    16  cmd.o(i.rt_list_isempty)
    i.rt_list_len                            0x0800279c   Section        0  cmd.o(i.rt_list_len)
    rt_list_len                              0x0800279d   Thumb Code    20  cmd.o(i.rt_list_len)
    i.rt_list_remove                         0x080027b0   Section        0  thread.o(i.rt_list_remove)
    rt_list_remove                           0x080027b1   Thumb Code    18  thread.o(i.rt_list_remove)
    i.rt_list_remove                         0x080027c2   Section        0  timer.o(i.rt_list_remove)
    rt_list_remove                           0x080027c3   Thumb Code    18  timer.o(i.rt_list_remove)
    i.rt_memmove                             0x080027d4   Section        0  kservice.o(i.rt_memmove)
    i.rt_memset                              0x08002816   Section        0  kservice.o(i.rt_memset)
    i.rt_object_detach                       0x08002862   Section        0  object.o(i.rt_object_detach)
    i.rt_object_get_information              0x08002890   Section        0  object.o(i.rt_object_get_information)
    i.rt_object_init                         0x080028b4   Section        0  object.o(i.rt_object_init)
    i.rt_object_is_systemobject              0x08002912   Section        0  object.o(i.rt_object_is_systemobject)
    i.rt_os_tick_callback                    0x08002926   Section        0  board.o(i.rt_os_tick_callback)
    i.rt_ringbuffer_data_len                 0x08002936   Section        0  ringbuff.o(i.rt_ringbuffer_data_len)
    i.rt_ringbuffer_getchar                  0x080029a4   Section        0  ringbuff.o(i.rt_ringbuffer_getchar)
    i.rt_ringbuffer_init                     0x08002a08   Section        0  ringbuff.o(i.rt_ringbuffer_init)
    i.rt_ringbuffer_putchar                  0x08002a44   Section        0  ringbuff.o(i.rt_ringbuffer_putchar)
    i.rt_schedule                            0x08002aac   Section        0  scheduler.o(i.rt_schedule)
    i.rt_schedule_insert_thread              0x08002b30   Section        0  scheduler.o(i.rt_schedule_insert_thread)
    i.rt_schedule_remove_thread              0x08002b84   Section        0  scheduler.o(i.rt_schedule_remove_thread)
    i.rt_sem_init                            0x08002bdc   Section        0  ipc.o(i.rt_sem_init)
    i.rt_sem_release                         0x08002c00   Section        0  ipc.o(i.rt_sem_release)
    i.rt_sem_take                            0x08002c58   Section        0  ipc.o(i.rt_sem_take)
    i.rt_show_version                        0x08002cd0   Section        0  kservice.o(i.rt_show_version)
    i.rt_strlen                              0x08002d80   Section        0  kservice.o(i.rt_strlen)
    i.rt_strncpy                             0x08002d92   Section        0  kservice.o(i.rt_strncpy)
    i.rt_system_scheduler_init               0x08002dcc   Section        0  scheduler.o(i.rt_system_scheduler_init)
    i.rt_system_scheduler_start              0x08002e18   Section        0  scheduler.o(i.rt_system_scheduler_start)
    i.rt_system_timer_init                   0x08002e48   Section        0  timer.o(i.rt_system_timer_init)
    i.rt_system_timer_thread_init            0x08002e64   Section        0  timer.o(i.rt_system_timer_thread_init)
    i.rt_thread_exit                         0x08002e68   Section        0  thread.o(i.rt_thread_exit)
    i.rt_thread_idle_entry                   0x08002ec0   Section        0  idle.o(i.rt_thread_idle_entry)
    rt_thread_idle_entry                     0x08002ec1   Thumb Code     8  idle.o(i.rt_thread_idle_entry)
    i.rt_thread_idle_excute                  0x08002ec8   Section        0  idle.o(i.rt_thread_idle_excute)
    i.rt_thread_idle_init                    0x08002ecc   Section        0  idle.o(i.rt_thread_idle_init)
    i.rt_thread_init                         0x08002f08   Section        0  thread.o(i.rt_thread_init)
    i.rt_thread_mdelay                       0x08002f34   Section        0  thread.o(i.rt_thread_mdelay)
    i.rt_thread_resume                       0x08002f48   Section        0  thread.o(i.rt_thread_resume)
    i.rt_thread_self                         0x08002f84   Section        0  thread.o(i.rt_thread_self)
    i.rt_thread_sleep                        0x08002f90   Section        0  thread.o(i.rt_thread_sleep)
    i.rt_thread_startup                      0x08002fd4   Section        0  thread.o(i.rt_thread_startup)
    i.rt_thread_suspend                      0x08003004   Section        0  thread.o(i.rt_thread_suspend)
    i.rt_thread_timeout                      0x08003048   Section        0  thread.o(i.rt_thread_timeout)
    i.rt_thread_yield                        0x08003068   Section        0  thread.o(i.rt_thread_yield)
    i.rt_tick_from_millisecond               0x080030cc   Section        0  clock.o(i.rt_tick_from_millisecond)
    i.rt_tick_get                            0x0800310c   Section        0  clock.o(i.rt_tick_get)
    i.rt_tick_increase                       0x08003118   Section        0  clock.o(i.rt_tick_increase)
    i.rt_timer_check                         0x08003148   Section        0  timer.o(i.rt_timer_check)
    i.rt_timer_control                       0x080031f8   Section        0  timer.o(i.rt_timer_control)
    i.rt_timer_detach                        0x08003258   Section        0  timer.o(i.rt_timer_detach)
    i.rt_timer_init                          0x08003280   Section        0  timer.o(i.rt_timer_init)
    i.rt_timer_start                         0x080032a8   Section        0  timer.o(i.rt_timer_start)
    i.rt_timer_stop                          0x080033a4   Section        0  timer.o(i.rt_timer_stop)
    i.rt_vsnprintf                           0x080033d4   Section        0  kservice.o(i.rt_vsnprintf)
    i.rti_board_end                          0x08003750   Section        0  components.o(i.rti_board_end)
    rti_board_end                            0x08003751   Thumb Code     4  components.o(i.rti_board_end)
    i.rti_board_start                        0x08003754   Section        0  components.o(i.rti_board_start)
    rti_board_start                          0x08003755   Thumb Code     4  components.o(i.rti_board_start)
    i.rti_end                                0x08003758   Section        0  components.o(i.rti_end)
    rti_end                                  0x08003759   Thumb Code     4  components.o(i.rti_end)
    i.rti_start                              0x0800375c   Section        0  components.o(i.rti_start)
    rti_start                                0x0800375d   Thumb Code     4  components.o(i.rti_start)
    i.rtthread_startup                       0x08003760   Section        0  components.o(i.rtthread_startup)
    i.shell_auto_complete                    0x0800378c   Section        0  shell.o(i.shell_auto_complete)
    shell_auto_complete                      0x0800378d   Thumb Code    42  shell.o(i.shell_auto_complete)
    i.show_wait_queue                        0x080037c4   Section        0  cmd.o(i.show_wait_queue)
    show_wait_queue                          0x080037c5   Thumb Code    40  cmd.o(i.show_wait_queue)
    i.skip_atoi                              0x080037f4   Section        0  kservice.o(i.skip_atoi)
    skip_atoi                                0x080037f5   Thumb Code    36  kservice.o(i.skip_atoi)
    i.str_common                             0x08003818   Section        0  msh.o(i.str_common)
    str_common                               0x08003819   Thumb Code    36  msh.o(i.str_common)
    i.version                                0x0800383c   Section        0  cmd.o(i.version)
    .constdata                               0x08003846   Section      290  kservice.o(.constdata)
    small_digits                             0x08003946   Data          17  kservice.o(.constdata)
    large_digits                             0x08003957   Data          17  kservice.o(.constdata)
    .constdata                               0x08003968   Section      128  system_air001xx.o(.constdata)
    .constdata                               0x080039e8   Section        5  air001_core_board.o(.constdata)
    .conststring                             0x080039f0   Section       68  cmd.o(.conststring)
    .rodata.name                             0x08003a34   Section      423  cmd.o(.rodata.name)
    .rodata.name                             0x08003bdb   Section       70  msh.o(.rodata.name)
    .rti_fn.0                                0x08003c24   Section        4  components.o(.rti_fn.0)
    __tagsym$$used                           0x08003c24   Number         0  components.o(.rti_fn.0)
    .rti_fn.0.end                            0x08003c28   Section        4  components.o(.rti_fn.0.end)
    __tagsym$$used                           0x08003c28   Number         0  components.o(.rti_fn.0.end)
    .rti_fn.1                                0x08003c2c   Section        4  air001_core_board.o(.rti_fn.1)
    __tagsym$$used                           0x08003c2c   Number         0  air001_core_board.o(.rti_fn.1)
    .rti_fn.1.end                            0x08003c30   Section        4  components.o(.rti_fn.1.end)
    __tagsym$$used                           0x08003c30   Number         0  components.o(.rti_fn.1.end)
    .rti_fn.6                                0x08003c34   Section        4  shell.o(.rti_fn.6)
    __tagsym$$used                           0x08003c34   Number         0  shell.o(.rti_fn.6)
    .rti_fn.6.end                            0x08003c38   Section        4  components.o(.rti_fn.6.end)
    __tagsym$$used                           0x08003c38   Number         0  components.o(.rti_fn.6.end)
    FSymTab                                  0x08003c3c   Section      144  cmd.o(FSymTab)
    __tagsym$$used                           0x08003c3c   Number         0  cmd.o(FSymTab)
    __tagsym$$used                           0x08003c48   Number         0  cmd.o(FSymTab)
    __tagsym$$used                           0x08003c54   Number         0  cmd.o(FSymTab)
    __tagsym$$used                           0x08003c60   Number         0  cmd.o(FSymTab)
    __tagsym$$used                           0x08003c6c   Number         0  cmd.o(FSymTab)
    __tagsym$$used                           0x08003c78   Number         0  cmd.o(FSymTab)
    __tagsym$$used                           0x08003c84   Number         0  cmd.o(FSymTab)
    __tagsym$$used                           0x08003c90   Number         0  cmd.o(FSymTab)
    __tagsym$$used                           0x08003c9c   Number         0  cmd.o(FSymTab)
    __tagsym$$used                           0x08003ca8   Number         0  cmd.o(FSymTab)
    __tagsym$$used                           0x08003cb4   Number         0  cmd.o(FSymTab)
    __tagsym$$used                           0x08003cc0   Number         0  cmd.o(FSymTab)
    FSymTab                                  0x08003ccc   Section       24  msh.o(FSymTab)
    __tagsym$$used                           0x08003ccc   Number         0  msh.o(FSymTab)
    __tagsym$$used                           0x08003cd8   Number         0  msh.o(FSymTab)
    .data                                    0x20000000   Section       12  cpuport.o(.data)
    .data                                    0x2000000c   Section        4  clock.o(.data)
    rt_tick                                  0x2000000c   Data           4  clock.o(.data)
    .data                                    0x20000010   Section        1  irq.o(.data)
    .data                                    0x20000014   Section       64  object.o(.data)
    rt_object_container                      0x20000014   Data          64  object.o(.data)
    .data                                    0x20000054   Section       24  scheduler.o(.data)
    rt_scheduler_lock_nest                   0x20000058   Data           2  scheduler.o(.data)
    .data                                    0x2000006c   Section       12  timer.o(.data)
    rt_timer_list                            0x2000006c   Data           8  timer.o(.data)
    random_nr                                0x20000074   Data           4  timer.o(.data)
    .data                                    0x20000078   Section       24  shell.o(.data)
    finsh_prompt_custom                      0x2000008c   Data           4  shell.o(.data)
    .data                                    0x20000090   Section       12  air001xx_hal.o(.data)
    .data                                    0x2000009c   Section        4  system_air001xx.o(.data)
    .data                                    0x200000a0   Section        9  air001_core_board.o(.data)
    .bss                                     0x200000b0   Section      376  components.o(.bss)
    main_stack                               0x200000b0   Data         256  components.o(.bss)
    .bss                                     0x20000228   Section      248  idle.o(.bss)
    idle                                     0x20000228   Data         120  idle.o(.bss)
    rt_thread_stack                          0x200002a0   Data         128  idle.o(.bss)
    .bss                                     0x20000320   Section      128  kservice.o(.bss)
    rt_log_buf                               0x20000320   Data         128  kservice.o(.bss)
    .bss                                     0x200003a0   Section       64  scheduler.o(.bss)
    .bss                                     0x200003e0   Section     1393  shell.o(.bss)
    finsh_thread                             0x200003e0   Data         120  shell.o(.bss)
    finsh_thread_stack                       0x20000458   Data        1024  shell.o(.bss)
    finsh_prompt                             0x200008d0   Data         129  shell.o(.bss)
    .bss                                     0x20000954   Section      136  air001_core_board.o(.bss)
    shell_rx_sem                             0x200009bc   Data          32  air001_core_board.o(.bss)
    STACK                                    0x200009e0   Section     1024  startup_air001_dev.o(STACK)

    Global Symbols

    Symbol Name                              Value     Ov Type        Size  Object(Section)

    BuildAttributes$$THM_ISAv3M$S$PE$A:L22$X:L11$S22$IEEE1$IW$USESV6$~STKCKD$USESV7$~SHL$OSPACE$EBA8$MICROLIB$REQ8$PRES8$EABIv2 0x00000000   Number         0  anon$$obj.o ABSOLUTE
    __ARM_use_no_argv                        0x00000000   Number         0  main.o ABSOLUTE
    __arm_fini_                               - Undefined Weak Reference
    __cpp_initialize__aeabi_                  - Undefined Weak Reference
    __cxa_finalize                            - Undefined Weak Reference
    __decompress                              - Undefined Weak Reference
    _clock_init                               - Undefined Weak Reference
    _microlib_exit                            - Undefined Weak Reference
    __Vectors_Size                           0x000000c0   Number         0  startup_air001_dev.o ABSOLUTE
    __Vectors                                0x08000000   Data           4  startup_air001_dev.o(RESET)
    __Vectors_End                            0x080000c0   Data           0  startup_air001_dev.o(RESET)
    __main                                   0x080000c1   Thumb Code     0  entry.o(.ARM.Collect$$$$00000000)
    _main_stk                                0x080000c1   Thumb Code     0  entry2.o(.ARM.Collect$$$$00000001)
    _main_scatterload                        0x080000c5   Thumb Code     0  entry5.o(.ARM.Collect$$$$00000004)
    __main_after_scatterload                 0x080000c9   Thumb Code     0  entry5.o(.ARM.Collect$$$$00000004)
    _main_clock                              0x080000c9   Thumb Code     0  entry7b.o(.ARM.Collect$$$$00000008)
    _main_cpp_init                           0x080000c9   Thumb Code     0  entry8b.o(.ARM.Collect$$$$0000000A)
    _main_init                               0x080000c9   Thumb Code     0  entry9a.o(.ARM.Collect$$$$0000000B)
    __rt_lib_shutdown_fini                   0x080000d1   Thumb Code     0  entry12b.o(.ARM.Collect$$$$0000000E)
    __rt_final_cpp                           0x080000d5   Thumb Code     0  entry10a.o(.ARM.Collect$$$$0000000F)
    __rt_final_exit                          0x080000d5   Thumb Code     0  entry11a.o(.ARM.Collect$$$$00000011)
    rt_hw_interrupt_disable                  0x080000d9   Thumb Code     8  context_rvds.o(.text)
    rt_hw_interrupt_enable                   0x080000e1   Thumb Code     6  context_rvds.o(.text)
    rt_hw_context_switch                     0x080000e7   Thumb Code    28  context_rvds.o(.text)
    rt_hw_context_switch_interrupt           0x080000e7   Thumb Code     0  context_rvds.o(.text)
    PendSV_Handler                           0x08000103   Thumb Code    84  context_rvds.o(.text)
    rt_hw_context_switch_to                  0x08000157   Thumb Code    44  context_rvds.o(.text)
    rt_hw_interrupt_thread_switch            0x08000183   Thumb Code     2  context_rvds.o(.text)
    HardFault_Handler                        0x08000185   Thumb Code    12  context_rvds.o(.text)
    Reset_Handler                            0x080001b1   Thumb Code     8  startup_air001_dev.o(.text)
    ADC_COMP_IRQHandler                      0x080001c3   Thumb Code     0  startup_air001_dev.o(.text)
    DMA1_Channel1_IRQHandler                 0x080001c3   Thumb Code     0  startup_air001_dev.o(.text)
    DMA1_Channel2_3_IRQHandler               0x080001c3   Thumb Code     0  startup_air001_dev.o(.text)
    EXTI0_1_IRQHandler                       0x080001c3   Thumb Code     0  startup_air001_dev.o(.text)
    EXTI2_3_IRQHandler                       0x080001c3   Thumb Code     0  startup_air001_dev.o(.text)
    EXTI4_15_IRQHandler                      0x080001c3   Thumb Code     0  startup_air001_dev.o(.text)
    FLASH_IRQHandler                         0x080001c3   Thumb Code     0  startup_air001_dev.o(.text)
    I2C1_IRQHandler                          0x080001c3   Thumb Code     0  startup_air001_dev.o(.text)
    LED_IRQHandler                           0x080001c3   Thumb Code     0  startup_air001_dev.o(.text)
    LPTIM1_IRQHandler                        0x080001c3   Thumb Code     0  startup_air001_dev.o(.text)
    PVD_IRQHandler                           0x080001c3   Thumb Code     0  startup_air001_dev.o(.text)
    RCC_IRQHandler                           0x080001c3   Thumb Code     0  startup_air001_dev.o(.text)
    RTC_IRQHandler                           0x080001c3   Thumb Code     0  startup_air001_dev.o(.text)
    SPI1_IRQHandler                          0x080001c3   Thumb Code     0  startup_air001_dev.o(.text)
    SPI2_IRQHandler                          0x080001c3   Thumb Code     0  startup_air001_dev.o(.text)
    TIM14_IRQHandler                         0x080001c3   Thumb Code     0  startup_air001_dev.o(.text)
    TIM16_IRQHandler                         0x080001c3   Thumb Code     0  startup_air001_dev.o(.text)
    TIM17_IRQHandler                         0x080001c3   Thumb Code     0  startup_air001_dev.o(.text)
    TIM1_BRK_UP_TRG_COM_IRQHandler           0x080001c3   Thumb Code     0  startup_air001_dev.o(.text)
    TIM1_CC_IRQHandler                       0x080001c3   Thumb Code     0  startup_air001_dev.o(.text)
    TIM3_IRQHandler                          0x080001c3   Thumb Code     0  startup_air001_dev.o(.text)
    USART1_IRQHandler                        0x080001c3   Thumb Code     0  startup_air001_dev.o(.text)
    WWDG_IRQHandler                          0x080001c3   Thumb Code     0  startup_air001_dev.o(.text)
    __aeabi_uidiv                            0x080001cd   Thumb Code     0  uidiv.o(.text)
    __aeabi_uidivmod                         0x080001cd   Thumb Code    44  uidiv.o(.text)
    __aeabi_idiv                             0x080001f9   Thumb Code     0  idiv.o(.text)
    __aeabi_idivmod                          0x080001f9   Thumb Code    40  idiv.o(.text)
    __aeabi_memcpy                           0x08000221   Thumb Code    36  memcpya.o(.text)
    __aeabi_memcpy4                          0x08000221   Thumb Code     0  memcpya.o(.text)
    __aeabi_memcpy8                          0x08000221   Thumb Code     0  memcpya.o(.text)
    __aeabi_memset                           0x08000245   Thumb Code    14  memseta.o(.text)
    __aeabi_memset4                          0x08000245   Thumb Code     0  memseta.o(.text)
    __aeabi_memset8                          0x08000245   Thumb Code     0  memseta.o(.text)
    __aeabi_memclr                           0x08000253   Thumb Code     4  memseta.o(.text)
    __aeabi_memclr4                          0x08000253   Thumb Code     0  memseta.o(.text)
    __aeabi_memclr8                          0x08000253   Thumb Code     0  memseta.o(.text)
    _memset$wrapper                          0x08000257   Thumb Code    18  memseta.o(.text)
    strcat                                   0x08000269   Thumb Code    24  strcat.o(.text)
    strncpy                                  0x08000281   Thumb Code    26  strncpy.o(.text)
    strlen                                   0x0800029b   Thumb Code    14  strlen.o(.text)
    strcpy                                   0x080002a9   Thumb Code    18  strcpy.o(.text)
    strncmp                                  0x080002bb   Thumb Code    30  strncmp.o(.text)
    __scatterload                            0x080002d9   Thumb Code    28  init.o(.text)
    __scatterload_rt2                        0x080002d9   Thumb Code     0  init.o(.text)
    main                                     0x080002fd   Thumb Code    10  components.o(i.$Sub$$main)
    BSP_LED_Init                             0x08000309   Thumb Code    92  air001_core_board.o(i.BSP_LED_Init)
    BSP_LED_Toggle                           0x08000371   Thumb Code    22  air001_core_board.o(i.BSP_LED_Toggle)
    BSP_USART_Config                         0x08000391   Thumb Code   254  air001_core_board.o(i.BSP_USART_Config)
    HAL_DMA_Abort_IT                         0x080004b9   Thumb Code   114  air001xx_hal_dma.o(i.HAL_DMA_Abort_IT)
    HAL_GPIO_Init                            0x08000531   Thumb Code   428  air001xx_hal_gpio.o(i.HAL_GPIO_Init)
    HAL_GPIO_TogglePin                       0x080006e5   Thumb Code    16  air001xx_hal_gpio.o(i.HAL_GPIO_TogglePin)
    HAL_GPIO_WritePin                        0x080006f5   Thumb Code    12  air001xx_hal_gpio.o(i.HAL_GPIO_WritePin)
    HAL_GetTick                              0x08000701   Thumb Code     6  air001xx_hal.o(i.HAL_GetTick)
    HAL_Init                                 0x0800070d   Thumb Code    26  air001xx_hal.o(i.HAL_Init)
    HAL_InitTick                             0x08000729   Thumb Code    82  air001xx_hal.o(i.HAL_InitTick)
    HAL_MspInit                              0x08000789   Thumb Code    28  air001xx_hal_msp.o(i.HAL_MspInit)
    HAL_NVIC_EnableIRQ                       0x080007a9   Thumb Code    30  air001xx_hal_cortex.o(i.HAL_NVIC_EnableIRQ)
    HAL_NVIC_SetPriority                     0x080007cd   Thumb Code    18  air001xx_hal_cortex.o(i.HAL_NVIC_SetPriority)
    HAL_RCC_GetHCLKFreq                      0x080007e1   Thumb Code     6  air001xx_hal_rcc.o(i.HAL_RCC_GetHCLKFreq)
    HAL_RCC_GetPCLK1Freq                     0x080007ed   Thumb Code    32  air001xx_hal_rcc.o(i.HAL_RCC_GetPCLK1Freq)
    HAL_SYSTICK_Config                       0x08000815   Thumb Code    46  air001xx_hal_cortex.o(i.HAL_SYSTICK_Config)
    HAL_UART_ErrorCallback                   0x0800084d   Thumb Code     2  air001xx_hal_uart.o(i.HAL_UART_ErrorCallback)
    HAL_UART_IRQHandler                      0x08000851   Thumb Code   376  air001xx_hal_uart.o(i.HAL_UART_IRQHandler)
    HAL_UART_Init                            0x080009cd   Thumb Code   138  air001xx_hal_uart.o(i.HAL_UART_Init)
    HAL_UART_MspInit                         0x08000a57   Thumb Code     2  air001xx_hal_uart.o(i.HAL_UART_MspInit)
    HAL_UART_Receive_IT                      0x08000a59   Thumb Code   118  air001xx_hal_uart.o(i.HAL_UART_Receive_IT)
    HAL_UART_RxCpltCallback                  0x08000ad1   Thumb Code    74  air001_core_board.o(i.HAL_UART_RxCpltCallback)
    HAL_UART_Transmit                        0x08000b29   Thumb Code   254  air001xx_hal_uart.o(i.HAL_UART_Transmit)
    HAL_UART_TxCpltCallback                  0x08000c27   Thumb Code     2  air001xx_hal_uart.o(i.HAL_UART_TxCpltCallback)
    NMI_Handler                              0x08000c29   Thumb Code     2  air001xx_it.o(i.NMI_Handler)
    SVC_Handler                              0x08000c2b   Thumb Code     2  air001xx_it.o(i.SVC_Handler)
    SysTick_Handler                          0x08000c2d   Thumb Code     8  board.o(i.SysTick_Handler)
    SystemInit                               0x08000c35   Thumb Code    32  system_air001xx.o(i.SystemInit)
    USART2_IRQHandler                        0x08000ff9   Thumb Code    10  air001_core_board.o(i.USART2_IRQHandler)
    __ARM_common_switch8                     0x08001009   Thumb Code    28  timer.o(i.__ARM_common_switch8)
    __rt_ffs                                 0x0800109d   Thumb Code    86  kservice.o(i.__rt_ffs)
    __scatterload_copy                       0x080010f9   Thumb Code    14  handlers.o(i.__scatterload_copy)
    __scatterload_null                       0x08001107   Thumb Code     2  handlers.o(i.__scatterload_null)
    __scatterload_zeroinit                   0x08001109   Thumb Code    14  handlers.o(i.__scatterload_zeroinit)
    cmd_ps                                   0x0800127b   Thumb Code    14  msh.o(i.cmd_ps)
    finsh_get_prompt                         0x08001289   Thumb Code    88  shell.o(i.finsh_get_prompt)
    finsh_set_prompt_mode                    0x08001309   Thumb Code    30  shell.o(i.finsh_set_prompt_mode)
    finsh_system_function_init               0x0800132d   Thumb Code    10  shell.o(i.finsh_system_function_init)
    finsh_system_init                        0x08001341   Thumb Code    92  shell.o(i.finsh_system_init)
    finsh_thread_entry                       0x080013c9   Thumb Code   962  shell.o(i.finsh_thread_entry)
    hello                                    0x080017ad   Thumb Code    12  cmd.o(i.hello)
    list                                     0x080017cd   Thumb Code    56  cmd.o(i.list)
    list_mailbox                             0x080018f5   Thumb Code   222  cmd.o(i.list_mailbox)
    list_sem                                 0x08001a51   Thumb Code   214  cmd.o(i.list_sem)
    list_thread                              0x08001b89   Thumb Code   302  cmd.o(i.list_thread)
    list_timer                               0x08001d75   Thumb Code   188  cmd.o(i.list_timer)
    $Super$$main                             0x08001ed1   Thumb Code    22  main.o(i.main)
    main_thread_entry                        0x08001ee7   Thumb Code    14  components.o(i.main_thread_entry)
    msh_auto_complete                        0x08001ef5   Thumb Code   144  msh.o(i.msh_auto_complete)
    msh_exec                                 0x08001f99   Thumb Code    90  msh.o(i.msh_exec)
    msh_help                                 0x0800206d   Thumb Code    68  msh.o(i.msh_help)
    msh_is_used                              0x080020ed   Thumb Code     4  msh.o(i.msh_is_used)
    rt_application_init                      0x08002399   Thumb Code    42  components.o(i.rt_application_init)
    rt_components_board_init                 0x080023d9   Thumb Code    20  components.o(i.rt_components_board_init)
    rt_components_init                       0x080023f5   Thumb Code    20  components.o(i.rt_components_init)
    rt_enter_critical                        0x08002411   Thumb Code    28  scheduler.o(i.rt_enter_critical)
    rt_exit_critical                         0x08002431   Thumb Code    64  scheduler.o(i.rt_exit_critical)
    rt_hw_board_init                         0x08002479   Thumb Code    12  board.o(i.rt_hw_board_init)
    rt_hw_console_getchar                    0x08002485   Thumb Code    36  air001_core_board.o(i.rt_hw_console_getchar)
    rt_hw_console_output                     0x080024b1   Thumb Code    76  air001_core_board.o(i.rt_hw_console_output)
    rt_hw_hard_fault_exception               0x08002501   Thumb Code    84  cpuport.o(i.rt_hw_hard_fault_exception)
    rt_hw_stack_init                         0x080025f5   Thumb Code    58  cpuport.o(i.rt_hw_stack_init)
    rt_interrupt_enter                       0x08002635   Thumb Code    26  irq.o(i.rt_interrupt_enter)
    rt_interrupt_leave                       0x08002655   Thumb Code    26  irq.o(i.rt_interrupt_leave)
    rt_kprintf                               0x080026fd   Thumb Code    46  kservice.o(i.rt_kprintf)
    rt_memmove                               0x080027d5   Thumb Code    66  kservice.o(i.rt_memmove)
    rt_memset                                0x08002817   Thumb Code    76  kservice.o(i.rt_memset)
    rt_object_detach                         0x08002863   Thumb Code    44  object.o(i.rt_object_detach)
    rt_object_get_information                0x08002891   Thumb Code    32  object.o(i.rt_object_get_information)
    rt_object_init                           0x080028b5   Thumb Code    94  object.o(i.rt_object_init)
    rt_object_is_systemobject                0x08002913   Thumb Code    20  object.o(i.rt_object_is_systemobject)
    rt_os_tick_callback                      0x08002927   Thumb Code    16  board.o(i.rt_os_tick_callback)
    rt_ringbuffer_data_len                   0x08002937   Thumb Code   110  ringbuff.o(i.rt_ringbuffer_data_len)
    rt_ringbuffer_getchar                    0x080029a5   Thumb Code    96  ringbuff.o(i.rt_ringbuffer_getchar)
    rt_ringbuffer_init                       0x08002a09   Thumb Code    54  ringbuff.o(i.rt_ringbuffer_init)
    rt_ringbuffer_putchar                    0x08002a45   Thumb Code    98  ringbuff.o(i.rt_ringbuffer_putchar)
    rt_schedule                              0x08002aad   Thumb Code   106  scheduler.o(i.rt_schedule)
    rt_schedule_insert_thread                0x08002b31   Thumb Code    74  scheduler.o(i.rt_schedule_insert_thread)
    rt_schedule_remove_thread                0x08002b85   Thumb Code    78  scheduler.o(i.rt_schedule_remove_thread)
    rt_sem_init                              0x08002bdd   Thumb Code    34  ipc.o(i.rt_sem_init)
    rt_sem_release                           0x08002c01   Thumb Code    82  ipc.o(i.rt_sem_release)
    rt_sem_take                              0x08002c59   Thumb Code   120  ipc.o(i.rt_sem_take)
    rt_show_version                          0x08002cd1   Thumb Code    38  kservice.o(i.rt_show_version)
    rt_strlen                                0x08002d81   Thumb Code    18  kservice.o(i.rt_strlen)
    rt_strncpy                               0x08002d93   Thumb Code    56  kservice.o(i.rt_strncpy)
    rt_system_scheduler_init                 0x08002dcd   Thumb Code    52  scheduler.o(i.rt_system_scheduler_init)
    rt_system_scheduler_start                0x08002e19   Thumb Code    36  scheduler.o(i.rt_system_scheduler_start)
    rt_system_timer_init                     0x08002e49   Thumb Code    24  timer.o(i.rt_system_timer_init)
    rt_system_timer_thread_init              0x08002e65   Thumb Code     2  timer.o(i.rt_system_timer_thread_init)
    rt_thread_exit                           0x08002e69   Thumb Code    78  thread.o(i.rt_thread_exit)
    rt_thread_idle_excute                    0x08002ec9   Thumb Code     2  idle.o(i.rt_thread_idle_excute)
    rt_thread_idle_init                      0x08002ecd   Thumb Code    38  idle.o(i.rt_thread_idle_init)
    rt_thread_init                           0x08002f09   Thumb Code    44  thread.o(i.rt_thread_init)
    rt_thread_mdelay                         0x08002f35   Thumb Code    20  thread.o(i.rt_thread_mdelay)
    rt_thread_resume                         0x08002f49   Thumb Code    60  thread.o(i.rt_thread_resume)
    rt_thread_self                           0x08002f85   Thumb Code     6  thread.o(i.rt_thread_self)
    rt_thread_sleep                          0x08002f91   Thumb Code    62  thread.o(i.rt_thread_sleep)
    rt_thread_startup                        0x08002fd5   Thumb Code    48  thread.o(i.rt_thread_startup)
    rt_thread_suspend                        0x08003005   Thumb Code    68  thread.o(i.rt_thread_suspend)
    rt_thread_timeout                        0x08003049   Thumb Code    32  thread.o(i.rt_thread_timeout)
    rt_thread_yield                          0x08003069   Thumb Code    92  thread.o(i.rt_thread_yield)
    rt_tick_from_millisecond                 0x080030cd   Thumb Code    62  clock.o(i.rt_tick_from_millisecond)
    rt_tick_get                              0x0800310d   Thumb Code     6  clock.o(i.rt_tick_get)
    rt_tick_increase                         0x08003119   Thumb Code    44  clock.o(i.rt_tick_increase)
    rt_timer_check                           0x08003149   Thumb Code   166  timer.o(i.rt_timer_check)
    rt_timer_control                         0x080031f9   Thumb Code    96  timer.o(i.rt_timer_control)
    rt_timer_detach                          0x08003259   Thumb Code    40  timer.o(i.rt_timer_detach)
    rt_timer_init                            0x08003281   Thumb Code    38  timer.o(i.rt_timer_init)
    rt_timer_start                           0x080032a9   Thumb Code   238  timer.o(i.rt_timer_start)
    rt_timer_stop                            0x080033a5   Thumb Code    48  timer.o(i.rt_timer_stop)
    rt_vsnprintf                             0x080033d5   Thumb Code   882  kservice.o(i.rt_vsnprintf)
    rtthread_startup                         0x08003761   Thumb Code    42  components.o(i.rtthread_startup)
    version                                  0x0800383d   Thumb Code    10  cmd.o(i.version)
    __lowest_bit_bitmap                      0x08003846   Data         256  kservice.o(.constdata)
    AHBPrescTable                            0x08003968   Data          64  system_air001xx.o(.constdata)
    APBPrescTable                            0x080039a8   Data          32  system_air001xx.o(.constdata)
    HSIFreqTable                             0x080039c8   Data          32  system_air001xx.o(.constdata)
    LED_PIN                                  0x080039e8   Data           2  air001_core_board.o(.constdata)
    BUTTON_PIN                               0x080039ea   Data           2  air001_core_board.o(.constdata)
    BUTTON_IRQn                              0x080039ec   Data           1  air001_core_board.o(.constdata)
    __fsym_hello_name                        0x08003a34   Data           6  cmd.o(.rodata.name)
    __fsym_hello_desc                        0x08003a3a   Data          16  cmd.o(.rodata.name)
    __fsym_version_name                      0x08003a4a   Data           8  cmd.o(.rodata.name)
    __fsym_version_desc                      0x08003a52   Data          35  cmd.o(.rodata.name)
    __fsym___cmd_version_name                0x08003a75   Data          14  cmd.o(.rodata.name)
    __fsym___cmd_version_desc                0x08003a83   Data          35  cmd.o(.rodata.name)
    __fsym_list_thread_name                  0x08003aa6   Data          12  cmd.o(.rodata.name)
    __fsym_list_thread_desc                  0x08003ab2   Data          12  cmd.o(.rodata.name)
    __fsym___cmd_list_thread_name            0x08003abe   Data          18  cmd.o(.rodata.name)
    __fsym___cmd_list_thread_desc            0x08003ad0   Data          12  cmd.o(.rodata.name)
    __fsym_list_sem_name                     0x08003adc   Data           9  cmd.o(.rodata.name)
    __fsym_list_sem_desc                     0x08003ae5   Data          25  cmd.o(.rodata.name)
    __fsym___cmd_list_sem_name               0x08003afe   Data          15  cmd.o(.rodata.name)
    __fsym___cmd_list_sem_desc               0x08003b0d   Data          25  cmd.o(.rodata.name)
    __fsym_list_mailbox_name                 0x08003b26   Data          13  cmd.o(.rodata.name)
    __fsym_list_mailbox_desc                 0x08003b33   Data          24  cmd.o(.rodata.name)
    __fsym___cmd_list_mailbox_name           0x08003b4b   Data          19  cmd.o(.rodata.name)
    __fsym___cmd_list_mailbox_desc           0x08003b5e   Data          24  cmd.o(.rodata.name)
    __fsym_list_timer_name                   0x08003b76   Data          11  cmd.o(.rodata.name)
    __fsym_list_timer_desc                   0x08003b81   Data          21  cmd.o(.rodata.name)
    __fsym___cmd_list_timer_name             0x08003b96   Data          17  cmd.o(.rodata.name)
    __fsym___cmd_list_timer_desc             0x08003ba7   Data          21  cmd.o(.rodata.name)
    __fsym_list_name                         0x08003bbc   Data           5  cmd.o(.rodata.name)
    __fsym_list_desc                         0x08003bc1   Data          26  cmd.o(.rodata.name)
    __fsym___cmd_help_name                   0x08003bdb   Data          11  msh.o(.rodata.name)
    __fsym___cmd_help_desc                   0x08003be6   Data          22  msh.o(.rodata.name)
    __fsym___cmd_ps_name                     0x08003bfc   Data           9  msh.o(.rodata.name)
    __fsym___cmd_ps_desc                     0x08003c05   Data          28  msh.o(.rodata.name)
    __rt_init_rti_start                      0x08003c24   Data           4  components.o(.rti_fn.0)
    __rt_init_rti_board_start                0x08003c28   Data           4  components.o(.rti_fn.0.end)
    __rt_init_BSP_USART_Config               0x08003c2c   Data           4  air001_core_board.o(.rti_fn.1)
    __rt_init_rti_board_end                  0x08003c30   Data           4  components.o(.rti_fn.1.end)
    __rt_init_finsh_system_init              0x08003c34   Data           4  shell.o(.rti_fn.6)
    __rt_init_rti_end                        0x08003c38   Data           4  components.o(.rti_fn.6.end)
    FSymTab$$Base                            0x08003c3c   Number         0  cmd.o(FSymTab)
    __fsym_hello                             0x08003c3c   Data          12  cmd.o(FSymTab)
    __fsym_version                           0x08003c48   Data          12  cmd.o(FSymTab)
    __fsym___cmd_version                     0x08003c54   Data          12  cmd.o(FSymTab)
    __fsym_list_thread                       0x08003c60   Data          12  cmd.o(FSymTab)
    __fsym___cmd_list_thread                 0x08003c6c   Data          12  cmd.o(FSymTab)
    __fsym_list_sem                          0x08003c78   Data          12  cmd.o(FSymTab)
    __fsym___cmd_list_sem                    0x08003c84   Data          12  cmd.o(FSymTab)
    __fsym_list_mailbox                      0x08003c90   Data          12  cmd.o(FSymTab)
    __fsym___cmd_list_mailbox                0x08003c9c   Data          12  cmd.o(FSymTab)
    __fsym_list_timer                        0x08003ca8   Data          12  cmd.o(FSymTab)
    __fsym___cmd_list_timer                  0x08003cb4   Data          12  cmd.o(FSymTab)
    __fsym_list                              0x08003cc0   Data          12  cmd.o(FSymTab)
    __fsym___cmd_help                        0x08003ccc   Data          12  msh.o(FSymTab)
    __fsym___cmd_ps                          0x08003cd8   Data          12  msh.o(FSymTab)
    FSymTab$$Limit                           0x08003ce4   Number         0  msh.o(FSymTab)
    Region$$Table$$Base                      0x08003ce4   Number         0  anon$$obj.o(Region$$Table)
    Region$$Table$$Limit                     0x08003d04   Number         0  anon$$obj.o(Region$$Table)
    rt_interrupt_from_thread                 0x20000000   Data           4  cpuport.o(.data)
    rt_interrupt_to_thread                   0x20000004   Data           4  cpuport.o(.data)
    rt_thread_switch_interrupt_flag          0x20000008   Data           4  cpuport.o(.data)
    rt_interrupt_nest                        0x20000010   Data           1  irq.o(.data)
    rt_thread_ready_priority_group           0x20000054   Data           4  scheduler.o(.data)
    rt_current_thread                        0x2000005c   Data           4  scheduler.o(.data)
    rt_current_priority                      0x20000060   Data           1  scheduler.o(.data)
    rt_thread_defunct                        0x20000064   Data           8  scheduler.o(.data)
    _syscall_table_begin                     0x20000078   Data           4  shell.o(.data)
    _syscall_table_end                       0x2000007c   Data           4  shell.o(.data)
    _sysvar_table_begin                      0x20000080   Data           4  shell.o(.data)
    _sysvar_table_end                        0x20000084   Data           4  shell.o(.data)
    shell                                    0x20000088   Data           4  shell.o(.data)
    uwTick                                   0x20000090   Data           4  air001xx_hal.o(.data)
    uwTickPrio                               0x20000094   Data           4  air001xx_hal.o(.data)
    uwTickFreq                               0x20000098   Data           4  air001xx_hal.o(.data)
    SystemCoreClock                          0x2000009c   Data           4  system_air001xx.o(.data)
    LED_PORT                                 0x200000a0   Data           4  air001_core_board.o(.data)
    BUTTON_PORT                              0x200000a4   Data           4  air001_core_board.o(.data)
    rx_buf                                   0x200000a8   Data           1  air001_core_board.o(.data)
    main_thread                              0x200001b0   Data         120  components.o(.bss)
    rt_thread_priority_table                 0x200003a0   Data          64  scheduler.o(.bss)
    _shell                                   0x20000858   Data         120  shell.o(.bss)
    DebugUartHandle                          0x20000954   Data          76  air001_core_board.o(.bss)
    uart_rx_buf                              0x200009a0   Data          16  air001_core_board.o(.bss)
    uart_rxcb                                0x200009b0   Data          12  air001_core_board.o(.bss)
    __initial_sp                             0x20000de0   Data           0  startup_air001_dev.o(STACK)



==============================================================================

Memory Map of the image

  Image Entry point : 0x080000c1

  Load Region LR_IROM1 (Base: 0x08000000, Size: 0x00003db0, Max: 0x00008000, ABSOLUTE)

    Execution Region ER_IROM1 (Exec base: 0x08000000, Load base: 0x08000000, Size: 0x00003d04, Max: 0x00008000, ABSOLUTE)

    Exec Addr    Load Addr    Size         Type   Attr      Idx    E Section Name        Object

    0x08000000   0x08000000   0x000000c0   Data   RO         2629    RESET               startup_air001_dev.o
    0x080000c0   0x080000c0   0x00000000   Code   RO         2904  * .ARM.Collect$$$$00000000  mc_p.l(entry.o)
    0x080000c0   0x080000c0   0x00000004   Code   RO         2927    .ARM.Collect$$$$00000001  mc_p.l(entry2.o)
    0x080000c4   0x080000c4   0x00000004   Code   RO         2930    .ARM.Collect$$$$00000004  mc_p.l(entry5.o)
    0x080000c8   0x080000c8   0x00000000   Code   RO         2932    .ARM.Collect$$$$00000008  mc_p.l(entry7b.o)
    0x080000c8   0x080000c8   0x00000000   Code   RO         2934    .ARM.Collect$$$$0000000A  mc_p.l(entry8b.o)
    0x080000c8   0x080000c8   0x00000008   Code   RO         2935    .ARM.Collect$$$$0000000B  mc_p.l(entry9a.o)
    0x080000d0   0x080000d0   0x00000004   Code   RO         2942    .ARM.Collect$$$$0000000E  mc_p.l(entry12b.o)
    0x080000d4   0x080000d4   0x00000000   Code   RO         2937    .ARM.Collect$$$$0000000F  mc_p.l(entry10a.o)
    0x080000d4   0x080000d4   0x00000000   Code   RO         2939    .ARM.Collect$$$$00000011  mc_p.l(entry11a.o)
    0x080000d4   0x080000d4   0x00000004   Code   RO         2928    .ARM.Collect$$$$00002712  mc_p.l(entry2.o)
    0x080000d8   0x080000d8   0x000000d8   Code   RO            1    .text               context_rvds.o
    0x080001b0   0x080001b0   0x0000001c   Code   RO         2630    .text               startup_air001_dev.o
    0x080001cc   0x080001cc   0x0000002c   Code   RO         2907    .text               mc_p.l(uidiv.o)
    0x080001f8   0x080001f8   0x00000028   Code   RO         2909    .text               mc_p.l(idiv.o)
    0x08000220   0x08000220   0x00000024   Code   RO         2911    .text               mc_p.l(memcpya.o)
    0x08000244   0x08000244   0x00000024   Code   RO         2913    .text               mc_p.l(memseta.o)
    0x08000268   0x08000268   0x00000018   Code   RO         2915    .text               mc_p.l(strcat.o)
    0x08000280   0x08000280   0x0000001a   Code   RO         2917    .text               mc_p.l(strncpy.o)
    0x0800029a   0x0800029a   0x0000000e   Code   RO         2919    .text               mc_p.l(strlen.o)
    0x080002a8   0x080002a8   0x00000012   Code   RO         2921    .text               mc_p.l(strcpy.o)
    0x080002ba   0x080002ba   0x0000001e   Code   RO         2923    .text               mc_p.l(strncmp.o)
    0x080002d8   0x080002d8   0x00000024   Code   RO         2943    .text               mc_p.l(init.o)
    0x080002fc   0x080002fc   0x0000000a   Code   RO          206    i.$Sub$$main        components.o
    0x08000306   0x08000306   0x00000002   PAD
    0x08000308   0x08000308   0x00000068   Code   RO         2638    i.BSP_LED_Init      air001_core_board.o
    0x08000370   0x08000370   0x00000020   Code   RO         2641    i.BSP_LED_Toggle    air001_core_board.o
    0x08000390   0x08000390   0x00000128   Code   RO         2645    i.BSP_USART_Config  air001_core_board.o
    0x080004b8   0x080004b8   0x00000078   Code   RO         1650    i.HAL_DMA_Abort_IT  air001xx_hal_dma.o
    0x08000530   0x08000530   0x000001b4   Code   RO         1921    i.HAL_GPIO_Init     air001xx_hal_gpio.o
    0x080006e4   0x080006e4   0x00000010   Code   RO         1924    i.HAL_GPIO_TogglePin  air001xx_hal_gpio.o
    0x080006f4   0x080006f4   0x0000000c   Code   RO         1925    i.HAL_GPIO_WritePin  air001xx_hal_gpio.o
    0x08000700   0x08000700   0x0000000c   Code   RO         1405    i.HAL_GetTick       air001xx_hal.o
    0x0800070c   0x0800070c   0x0000001a   Code   RO         1412    i.HAL_Init          air001xx_hal.o
    0x08000726   0x08000726   0x00000002   PAD
    0x08000728   0x08000728   0x00000060   Code   RO         1413    i.HAL_InitTick      air001xx_hal.o
    0x08000788   0x08000788   0x00000020   Code   RO         2758    i.HAL_MspInit       air001xx_hal_msp.o
    0x080007a8   0x080007a8   0x00000024   Code   RO         1556    i.HAL_NVIC_EnableIRQ  air001xx_hal_cortex.o
    0x080007cc   0x080007cc   0x00000012   Code   RO         1560    i.HAL_NVIC_SetPriority  air001xx_hal_cortex.o
    0x080007de   0x080007de   0x00000002   PAD
    0x080007e0   0x080007e0   0x0000000c   Code   RO         2123    i.HAL_RCC_GetHCLKFreq  air001xx_hal_rcc.o
    0x080007ec   0x080007ec   0x00000028   Code   RO         2125    i.HAL_RCC_GetPCLK1Freq  air001xx_hal_rcc.o
    0x08000814   0x08000814   0x00000038   Code   RO         1564    i.HAL_SYSTICK_Config  air001xx_hal_cortex.o
    0x0800084c   0x0800084c   0x00000002   Code   RO         2289    i.HAL_UART_ErrorCallback  air001xx_hal_uart.o
    0x0800084e   0x0800084e   0x00000002   PAD
    0x08000850   0x08000850   0x0000017c   Code   RO         2292    i.HAL_UART_IRQHandler  air001xx_hal_uart.o
    0x080009cc   0x080009cc   0x0000008a   Code   RO         2293    i.HAL_UART_Init     air001xx_hal_uart.o
    0x08000a56   0x08000a56   0x00000002   Code   RO         2295    i.HAL_UART_MspInit  air001xx_hal_uart.o
    0x08000a58   0x08000a58   0x00000076   Code   RO         2298    i.HAL_UART_Receive_IT  air001xx_hal_uart.o
    0x08000ace   0x08000ace   0x00000002   PAD
    0x08000ad0   0x08000ad0   0x00000058   Code   RO         2646    i.HAL_UART_RxCpltCallback  air001_core_board.o
    0x08000b28   0x08000b28   0x000000fe   Code   RO         2302    i.HAL_UART_Transmit  air001xx_hal_uart.o
    0x08000c26   0x08000c26   0x00000002   Code   RO         2305    i.HAL_UART_TxCpltCallback  air001xx_hal_uart.o
    0x08000c28   0x08000c28   0x00000002   Code   RO         2778    i.NMI_Handler       air001xx_it.o
    0x08000c2a   0x08000c2a   0x00000002   Code   RO         2779    i.SVC_Handler       air001xx_it.o
    0x08000c2c   0x08000c2c   0x00000008   Code   RO         2807    i.SysTick_Handler   board.o
    0x08000c34   0x08000c34   0x0000002c   Code   RO         2597    i.SystemInit        system_air001xx.o
    0x08000c60   0x08000c60   0x00000038   Code   RO         2307    i.UART_AdvFeatureConfig  air001xx_hal_uart.o
    0x08000c98   0x08000c98   0x00000014   Code   RO         2308    i.UART_DMAAbortOnError  air001xx_hal_uart.o
    0x08000cac   0x08000cac   0x00000022   Code   RO         2318    i.UART_EndRxTransfer  air001xx_hal_uart.o
    0x08000cce   0x08000cce   0x00000020   Code   RO         2319    i.UART_EndTransmit_IT  air001xx_hal_uart.o
    0x08000cee   0x08000cee   0x00000088   Code   RO         2321    i.UART_Receive_IT   air001xx_hal_uart.o
    0x08000d76   0x08000d76   0x00000002   PAD
    0x08000d78   0x08000d78   0x000001a4   Code   RO         2322    i.UART_SetConfig    air001xx_hal_uart.o
    0x08000f1c   0x08000f1c   0x0000006a   Code   RO         2323    i.UART_Transmit_IT  air001xx_hal_uart.o
    0x08000f86   0x08000f86   0x00000070   Code   RO         2324    i.UART_WaitOnFlagUntilTimeout  air001xx_hal_uart.o
    0x08000ff6   0x08000ff6   0x00000002   PAD
    0x08000ff8   0x08000ff8   0x00000010   Code   RO         2647    i.USART2_IRQHandler  air001_core_board.o
    0x08001008   0x08001008   0x0000001c   Code   RO         1095    i.__ARM_common_switch8  timer.o
    0x08001024   0x08001024   0x00000078   Code   RO         1566    i.__NVIC_SetPriority  air001xx_hal_cortex.o
    0x0800109c   0x0800109c   0x0000005c   Code   RO          496    i.__rt_ffs          kservice.o
    0x080010f8   0x080010f8   0x0000000e   Code   RO         2947    i.__scatterload_copy  mc_p.l(handlers.o)
    0x08001106   0x08001106   0x00000002   Code   RO         2948    i.__scatterload_null  mc_p.l(handlers.o)
    0x08001108   0x08001108   0x0000000e   Code   RO         2949    i.__scatterload_zeroinit  mc_p.l(handlers.o)
    0x08001116   0x08001116   0x00000064   Code   RO         1226    i._msh_exec_cmd     msh.o
    0x0800117a   0x0800117a   0x00000002   PAD
    0x0800117c   0x0800117c   0x00000088   Code   RO          867    i._rt_thread_init   thread.o
    0x08001204   0x08001204   0x0000003c   Code   RO          995    i._rt_timer_init    timer.o
    0x08001240   0x08001240   0x0000001c   Code   RO          996    i._rt_timer_remove  timer.o
    0x0800125c   0x0800125c   0x0000001e   Code   RO          868    i._thread_cleanup_execute  thread.o
    0x0800127a   0x0800127a   0x0000000e   Code   RO         1227    i.cmd_ps            msh.o
    0x08001288   0x08001288   0x00000078   Code   RO         1305    i.finsh_get_prompt  shell.o
    0x08001300   0x08001300   0x00000008   Code   RO         1307    i.finsh_getchar     shell.o
    0x08001308   0x08001308   0x00000024   Code   RO         1309    i.finsh_set_prompt_mode  shell.o
    0x0800132c   0x0800132c   0x00000014   Code   RO         1310    i.finsh_system_function_init  shell.o
    0x08001340   0x08001340   0x00000088   Code   RO         1311    i.finsh_system_init  shell.o
    0x080013c8   0x080013c8   0x000003e4   Code   RO         1313    i.finsh_thread_entry  shell.o
    0x080017ac   0x080017ac   0x00000020   Code   RO         1105    i.hello             cmd.o
    0x080017cc   0x080017cc   0x00000068   Code   RO         1106    i.list              cmd.o
    0x08001834   0x08001834   0x00000028   Code   RO         1107    i.list_find_init    cmd.o
    0x0800185c   0x0800185c   0x00000096   Code   RO         1108    i.list_get_next     cmd.o
    0x080018f2   0x080018f2   0x00000002   PAD
    0x080018f4   0x080018f4   0x0000015c   Code   RO         1109    i.list_mailbox      cmd.o
    0x08001a50   0x08001a50   0x00000138   Code   RO         1110    i.list_sem          cmd.o
    0x08001b88   0x08001b88   0x000001ec   Code   RO         1111    i.list_thread       cmd.o
    0x08001d74   0x08001d74   0x0000015c   Code   RO         1112    i.list_timer        cmd.o
    0x08001ed0   0x08001ed0   0x00000016   Code   RO         2840    i.main              main.o
    0x08001ee6   0x08001ee6   0x0000000e   Code   RO          207    i.main_thread_entry  components.o
    0x08001ef4   0x08001ef4   0x000000a4   Code   RO         1228    i.msh_auto_complete  msh.o
    0x08001f98   0x08001f98   0x00000074   Code   RO         1229    i.msh_exec          msh.o
    0x0800200c   0x0800200c   0x00000060   Code   RO         1230    i.msh_get_cmd       msh.o
    0x0800206c   0x0800206c   0x00000080   Code   RO         1231    i.msh_help          msh.o
    0x080020ec   0x080020ec   0x00000004   Code   RO         1232    i.msh_is_used       msh.o
    0x080020f0   0x080020f0   0x000000f8   Code   RO         1233    i.msh_split         msh.o
    0x080021e8   0x080021e8   0x0000001c   Code   RO         1113    i.object_split      cmd.o
    0x08002204   0x08002204   0x00000194   Code   RO          498    i.print_number      kservice.o
    0x08002398   0x08002398   0x00000040   Code   RO          208    i.rt_application_init  components.o
    0x080023d8   0x080023d8   0x0000001c   Code   RO          209    i.rt_components_board_init  components.o
    0x080023f4   0x080023f4   0x0000001c   Code   RO          210    i.rt_components_init  components.o
    0x08002410   0x08002410   0x00000020   Code   RO          779    i.rt_enter_critical  scheduler.o
    0x08002430   0x08002430   0x00000048   Code   RO          780    i.rt_exit_critical  scheduler.o
    0x08002478   0x08002478   0x0000000c   Code   RO         2808    i.rt_hw_board_init  board.o
    0x08002484   0x08002484   0x0000002c   Code   RO         2650    i.rt_hw_console_getchar  air001_core_board.o
    0x080024b0   0x080024b0   0x00000050   Code   RO         2651    i.rt_hw_console_output  air001_core_board.o
    0x08002500   0x08002500   0x000000f4   Code   RO           10    i.rt_hw_hard_fault_exception  cpuport.o
    0x080025f4   0x080025f4   0x00000040   Code   RO           11    i.rt_hw_stack_init  cpuport.o
    0x08002634   0x08002634   0x00000020   Code   RO          461    i.rt_interrupt_enter  irq.o
    0x08002654   0x08002654   0x00000020   Code   RO          463    i.rt_interrupt_leave  irq.o
    0x08002674   0x08002674   0x00000014   Code   RO          337    i.rt_ipc_list_resume  ipc.o
    0x08002688   0x08002688   0x00000064   Code   RO          339    i.rt_ipc_list_suspend  ipc.o
    0x080026ec   0x080026ec   0x00000010   Code   RO          340    i.rt_ipc_object_init  ipc.o
    0x080026fc   0x080026fc   0x00000034   Code   RO          501    i.rt_kprintf        kservice.o
    0x08002730   0x08002730   0x00000006   Code   RO          341    i.rt_list_init      ipc.o
    0x08002736   0x08002736   0x00000006   Code   RO          781    i.rt_list_init      scheduler.o
    0x0800273c   0x0800273c   0x00000006   Code   RO          997    i.rt_list_init      timer.o
    0x08002742   0x08002742   0x0000000e   Code   RO          869    i.rt_list_insert_after  thread.o
    0x08002750   0x08002750   0x0000000e   Code   RO          998    i.rt_list_insert_after  timer.o
    0x0800275e   0x0800275e   0x0000000e   Code   RO          342    i.rt_list_insert_before  ipc.o
    0x0800276c   0x0800276c   0x00000010   Code   RO          343    i.rt_list_isempty   ipc.o
    0x0800277c   0x0800277c   0x00000010   Code   RO          999    i.rt_list_isempty   timer.o
    0x0800278c   0x0800278c   0x00000010   Code   RO         1114    i.rt_list_isempty   cmd.o
    0x0800279c   0x0800279c   0x00000014   Code   RO         1115    i.rt_list_len       cmd.o
    0x080027b0   0x080027b0   0x00000012   Code   RO          870    i.rt_list_remove    thread.o
    0x080027c2   0x080027c2   0x00000012   Code   RO         1000    i.rt_list_remove    timer.o
    0x080027d4   0x080027d4   0x00000042   Code   RO          505    i.rt_memmove        kservice.o
    0x08002816   0x08002816   0x0000004c   Code   RO          506    i.rt_memset         kservice.o
    0x08002862   0x08002862   0x0000002c   Code   RO          705    i.rt_object_detach  object.o
    0x0800288e   0x0800288e   0x00000002   PAD
    0x08002890   0x08002890   0x00000024   Code   RO          707    i.rt_object_get_information  object.o
    0x080028b4   0x080028b4   0x0000005e   Code   RO          711    i.rt_object_init    object.o
    0x08002912   0x08002912   0x00000014   Code   RO          712    i.rt_object_is_systemobject  object.o
    0x08002926   0x08002926   0x00000010   Code   RO         2809    i.rt_os_tick_callback  board.o
    0x08002936   0x08002936   0x0000006e   Code   RO         2865    i.rt_ringbuffer_data_len  ringbuff.o
    0x080029a4   0x080029a4   0x00000064   Code   RO         2866    i.rt_ringbuffer_getchar  ringbuff.o
    0x08002a08   0x08002a08   0x0000003c   Code   RO         2867    i.rt_ringbuffer_init  ringbuff.o
    0x08002a44   0x08002a44   0x00000068   Code   RO         2868    i.rt_ringbuffer_putchar  ringbuff.o
    0x08002aac   0x08002aac   0x00000084   Code   RO          782    i.rt_schedule       scheduler.o
    0x08002b30   0x08002b30   0x00000054   Code   RO          783    i.rt_schedule_insert_thread  scheduler.o
    0x08002b84   0x08002b84   0x00000058   Code   RO          784    i.rt_schedule_remove_thread  scheduler.o
    0x08002bdc   0x08002bdc   0x00000022   Code   RO          352    i.rt_sem_init       ipc.o
    0x08002bfe   0x08002bfe   0x00000002   PAD
    0x08002c00   0x08002c00   0x00000058   Code   RO          353    i.rt_sem_release    ipc.o
    0x08002c58   0x08002c58   0x00000078   Code   RO          354    i.rt_sem_take       ipc.o
    0x08002cd0   0x08002cd0   0x000000b0   Code   RO          508    i.rt_show_version   kservice.o
    0x08002d80   0x08002d80   0x00000012   Code   RO          513    i.rt_strlen         kservice.o
    0x08002d92   0x08002d92   0x00000038   Code   RO          515    i.rt_strncpy        kservice.o
    0x08002dca   0x08002dca   0x00000002   PAD
    0x08002dcc   0x08002dcc   0x0000004c   Code   RO          785    i.rt_system_scheduler_init  scheduler.o
    0x08002e18   0x08002e18   0x00000030   Code   RO          786    i.rt_system_scheduler_start  scheduler.o
    0x08002e48   0x08002e48   0x0000001c   Code   RO         1001    i.rt_system_timer_init  timer.o
    0x08002e64   0x08002e64   0x00000002   Code   RO         1002    i.rt_system_timer_thread_init  timer.o
    0x08002e66   0x08002e66   0x00000002   PAD
    0x08002e68   0x08002e68   0x00000058   Code   RO          875    i.rt_thread_exit    thread.o
    0x08002ec0   0x08002ec0   0x00000008   Code   RO          297    i.rt_thread_idle_entry  idle.o
    0x08002ec8   0x08002ec8   0x00000002   Code   RO          298    i.rt_thread_idle_excute  idle.o
    0x08002eca   0x08002eca   0x00000002   PAD
    0x08002ecc   0x08002ecc   0x0000003c   Code   RO          300    i.rt_thread_idle_init  idle.o
    0x08002f08   0x08002f08   0x0000002c   Code   RO          877    i.rt_thread_init    thread.o
    0x08002f34   0x08002f34   0x00000014   Code   RO          878    i.rt_thread_mdelay  thread.o
    0x08002f48   0x08002f48   0x0000003c   Code   RO          879    i.rt_thread_resume  thread.o
    0x08002f84   0x08002f84   0x0000000c   Code   RO          880    i.rt_thread_self    thread.o
    0x08002f90   0x08002f90   0x00000044   Code   RO          881    i.rt_thread_sleep   thread.o
    0x08002fd4   0x08002fd4   0x00000030   Code   RO          882    i.rt_thread_startup  thread.o
    0x08003004   0x08003004   0x00000044   Code   RO          883    i.rt_thread_suspend  thread.o
    0x08003048   0x08003048   0x00000020   Code   RO          884    i.rt_thread_timeout  thread.o
    0x08003068   0x08003068   0x00000064   Code   RO          885    i.rt_thread_yield   thread.o
    0x080030cc   0x080030cc   0x0000003e   Code   RO          158    i.rt_tick_from_millisecond  clock.o
    0x0800310a   0x0800310a   0x00000002   PAD
    0x0800310c   0x0800310c   0x0000000c   Code   RO          159    i.rt_tick_get       clock.o
    0x08003118   0x08003118   0x00000030   Code   RO          160    i.rt_tick_increase  clock.o
    0x08003148   0x08003148   0x000000b0   Code   RO         1003    i.rt_timer_check    timer.o
    0x080031f8   0x080031f8   0x00000060   Code   RO         1004    i.rt_timer_control  timer.o
    0x08003258   0x08003258   0x00000028   Code   RO         1005    i.rt_timer_detach   timer.o
    0x08003280   0x08003280   0x00000026   Code   RO         1006    i.rt_timer_init     timer.o
    0x080032a6   0x080032a6   0x00000002   PAD
    0x080032a8   0x080032a8   0x000000fc   Code   RO         1009    i.rt_timer_start    timer.o
    0x080033a4   0x080033a4   0x00000030   Code   RO         1010    i.rt_timer_stop     timer.o
    0x080033d4   0x080033d4   0x0000037c   Code   RO          518    i.rt_vsnprintf      kservice.o
    0x08003750   0x08003750   0x00000004   Code   RO          211    i.rti_board_end     components.o
    0x08003754   0x08003754   0x00000004   Code   RO          212    i.rti_board_start   components.o
    0x08003758   0x08003758   0x00000004   Code   RO          213    i.rti_end           components.o
    0x0800375c   0x0800375c   0x00000004   Code   RO          214    i.rti_start         components.o
    0x08003760   0x08003760   0x0000002a   Code   RO          215    i.rtthread_startup  components.o
    0x0800378a   0x0800378a   0x00000002   PAD
    0x0800378c   0x0800378c   0x00000038   Code   RO         1314    i.shell_auto_complete  shell.o
    0x080037c4   0x080037c4   0x00000030   Code   RO         1116    i.show_wait_queue   cmd.o
    0x080037f4   0x080037f4   0x00000024   Code   RO          520    i.skip_atoi         kservice.o
    0x08003818   0x08003818   0x00000024   Code   RO         1234    i.str_common        msh.o
    0x0800383c   0x0800383c   0x0000000a   Code   RO         1117    i.version           cmd.o
    0x08003846   0x08003846   0x00000122   Data   RO          522    .constdata          kservice.o
    0x08003968   0x08003968   0x00000080   Data   RO         2598    .constdata          system_air001xx.o
    0x080039e8   0x080039e8   0x00000005   Data   RO         2653    .constdata          air001_core_board.o
    0x080039ed   0x080039ed   0x00000003   PAD
    0x080039f0   0x080039f0   0x00000044   Data   RO         1118    .conststring        cmd.o
    0x08003a34   0x08003a34   0x000001a7   Data   RO         1119    .rodata.name        cmd.o
    0x08003bdb   0x08003bdb   0x00000046   Data   RO         1235    .rodata.name        msh.o
    0x08003c21   0x08003c21   0x00000003   PAD
    0x08003c24   0x08003c24   0x00000004   Data   RO          217    .rti_fn.0           components.o
    0x08003c28   0x08003c28   0x00000004   Data   RO          218    .rti_fn.0.end       components.o
    0x08003c2c   0x08003c2c   0x00000004   Data   RO         2655    .rti_fn.1           air001_core_board.o
    0x08003c30   0x08003c30   0x00000004   Data   RO          219    .rti_fn.1.end       components.o
    0x08003c34   0x08003c34   0x00000004   Data   RO         1317    .rti_fn.6           shell.o
    0x08003c38   0x08003c38   0x00000004   Data   RO          220    .rti_fn.6.end       components.o
    0x08003c3c   0x08003c3c   0x00000090   Data   RO         1120    FSymTab             cmd.o
    0x08003ccc   0x08003ccc   0x00000018   Data   RO         1236    FSymTab             msh.o
    0x08003ce4   0x08003ce4   0x00000020   Data   RO         2945    Region$$Table       anon$$obj.o


    Execution Region RW_IRAM1 (Exec base: 0x20000000, Load base: 0x08003d04, Size: 0x00000de0, Max: 0x00001000, ABSOLUTE)

    Exec Addr    Load Addr    Size         Type   Attr      Idx    E Section Name        Object

    0x20000000   0x08003d04   0x0000000c   Data   RW           12    .data               cpuport.o
    0x2000000c   0x08003d10   0x00000004   Data   RW          162    .data               clock.o
    0x20000010   0x08003d14   0x00000001   Data   RW          464    .data               irq.o
    0x20000011   0x08003d15   0x00000003   PAD
    0x20000014   0x08003d18   0x00000040   Data   RW          714    .data               object.o
    0x20000054   0x08003d58   0x00000018   Data   RW          788    .data               scheduler.o
    0x2000006c   0x08003d70   0x0000000c   Data   RW         1011    .data               timer.o
    0x20000078   0x08003d7c   0x00000018   Data   RW         1316    .data               shell.o
    0x20000090   0x08003d94   0x0000000c   Data   RW         1420    .data               air001xx_hal.o
    0x2000009c   0x08003da0   0x00000004   Data   RW         2599    .data               system_air001xx.o
    0x200000a0   0x08003da4   0x00000009   Data   RW         2654    .data               air001_core_board.o
    0x200000a9   0x08003dad   0x00000007   PAD
    0x200000b0        -       0x00000178   Zero   RW          216    .bss                components.o
    0x20000228        -       0x000000f8   Zero   RW          301    .bss                idle.o
    0x20000320        -       0x00000080   Zero   RW          521    .bss                kservice.o
    0x200003a0        -       0x00000040   Zero   RW          787    .bss                scheduler.o
    0x200003e0        -       0x00000571   Zero   RW         1315    .bss                shell.o
    0x20000951   0x08003dad   0x00000003   PAD
    0x20000954        -       0x00000088   Zero   RW         2652    .bss                air001_core_board.o
    0x200009dc   0x08003dad   0x00000004   PAD
    0x200009e0        -       0x00000400   Zero   RW         2627    STACK               startup_air001_dev.o


==============================================================================

Image component sizes


      Code (inc. data)   RO Data    RW Data    ZI Data      Debug   Object Name

       660         96          9          9        136       9006   air001_core_board.o
       134         20          0         12          0       2675   air001xx_hal.o
       230         26          0          0          0      10441   air001xx_hal_cortex.o
       120          6          0          0          0       1043   air001xx_hal_dma.o
       464          8          0          0          0       2745   air001xx_hal_gpio.o
        32          4          0          0          0        422   air001xx_hal_msp.o
        52         14          0          0          0       1053   air001xx_hal_rcc.o
      1812         10          0          0          0      10578   air001xx_hal_uart.o
         4          0          0          0          0        788   air001xx_it.o
        36          0          0          0          0       1291   board.o
       122         10          0          4          0       1664   clock.o
      1948        656        635          0          0      14801   cmd.o
       202         38         16          0        376       5540   components.o
       216         32          0          0          0        824   context_rvds.o
       308        166          0         12          0     197292   cpuport.o
        70         22          0          0        248       1942   idle.o
       414          6          0          0          0       7949   ipc.o
        64         12          0          1          0       1466   irq.o
      1868        168        290          0        128       9245   kservice.o
        22          0          0          0          0        415   main.o
       906        162         94          0          0       7521   msh.o
       194          4          0         64          0       6044   object.o
       374         16          0          0          0       3310   ringbuff.o
       538         94          0         24         64       8066   scheduler.o
      1372        140          4         24       1393      10751   shell.o
        28          8        192          0       1024        604   startup_air001_dev.o
        44         12        128          4          0       1148   system_air001xx.o
       738         40          0          0          0      10853   thread.o
       850         36          0         12          0      11128   timer.o

    ----------------------------------------------------------------------
     13856       1806       1406        172       3380     340605   Object Totals
         0          0         32          0          0          0   (incl. Generated)
        34          0          6          6         11          0   (incl. Padding)

    ----------------------------------------------------------------------

      Code (inc. data)   RO Data    RW Data    ZI Data      Debug   Library Member Name

         0          0          0          0          0          0   entry.o
         0          0          0          0          0          0   entry10a.o
         0          0          0          0          0          0   entry11a.o
         4          0          0          0          0          0   entry12b.o
         8          4          0          0          0          0   entry2.o
         4          0          0          0          0          0   entry5.o
         0          0          0          0          0          0   entry7b.o
         0          0          0          0          0          0   entry8b.o
         8          4          0          0          0          0   entry9a.o
        30          0          0          0          0          0   handlers.o
        40          0          0          0          0         72   idiv.o
        36          8          0          0          0         68   init.o
        36          0          0          0          0         60   memcpya.o
        36          0          0          0          0        100   memseta.o
        24          0          0          0          0         60   strcat.o
        18          0          0          0          0         60   strcpy.o
        14          0          0          0          0         60   strlen.o
        30          0          0          0          0         72   strncmp.o
        26          0          0          0          0         68   strncpy.o
        44          0          0          0          0         72   uidiv.o

    ----------------------------------------------------------------------
       358         16          0          0          0        692   Library Totals
         0          0          0          0          0          0   (incl. Padding)

    ----------------------------------------------------------------------

      Code (inc. data)   RO Data    RW Data    ZI Data      Debug   Library Name

       358         16          0          0          0        692   mc_p.l

    ----------------------------------------------------------------------
       358         16          0          0          0        692   Library Totals

    ----------------------------------------------------------------------

==============================================================================


      Code (inc. data)   RO Data    RW Data    ZI Data      Debug   

     14214       1822       1406        172       3380     334445   Grand Totals
     14214       1822       1406        172       3380     334445   ELF Image Totals
     14214       1822       1406        172          0          0   ROM Totals

==============================================================================

    Total RO  Size (Code + RO Data)                15620 (  15.25kB)
    Total RW  Size (RW Data + ZI Data)              3552 (   3.47kB)
    Total ROM Size (Code + RO Data + RW Data)      15792 (  15.42kB)

==============================================================================

