Component: ARM Compiler 6.16 Tool: armlink [5dfeaa00]

==============================================================================

Section Cross References

    context_rvds.o(.text) refers to cpuport.o(.text.rt_hw_hard_fault_exception) for rt_hw_hard_fault_exception
    context_rvds.o(.text) refers to cpuport.o(.bss.rt_thread_switch_interrupt_flag) for rt_thread_switch_interrupt_flag
    context_rvds.o(.text) refers to cpuport.o(.bss.rt_interrupt_from_thread) for rt_interrupt_from_thread
    context_rvds.o(.text) refers to cpuport.o(.bss.rt_interrupt_to_thread) for rt_interrupt_to_thread
    cpuport.o(.ARM.exidx.text.rt_hw_stack_init) refers to cpuport.o(.text.rt_hw_stack_init) for [Anonymous Symbol]
    cpuport.o(.text.rt_hw_hard_fault_exception) refers to kservice.o(.text.rt_kprintf) for rt_kprintf
    cpuport.o(.text.rt_hw_hard_fault_exception) refers to cpuport.o(.rodata.str1.1) for [Anonymous Symbol]
    cpuport.o(.text.rt_hw_hard_fault_exception) refers to scheduler.o(.bss.rt_current_thread) for rt_current_thread
    cpuport.o(.ARM.exidx.text.rt_hw_hard_fault_exception) refers to cpuport.o(.text.rt_hw_hard_fault_exception) for [Anonymous Symbol]
    cpuport.o(.ARM.exidx.text.rt_hw_cpu_reset) refers to cpuport.o(.text.rt_hw_cpu_reset) for [Anonymous Symbol]
    clock.o(.ARM.exidx.text.rt_system_tick_init) refers to clock.o(.text.rt_system_tick_init) for [Anonymous Symbol]
    clock.o(.text.rt_tick_get) refers to clock.o(.bss.rt_tick) for [Anonymous Symbol]
    clock.o(.ARM.exidx.text.rt_tick_get) refers to clock.o(.text.rt_tick_get) for [Anonymous Symbol]
    clock.o(.text.rt_tick_set) refers to context_rvds.o(.text) for rt_hw_interrupt_disable
    clock.o(.text.rt_tick_set) refers to clock.o(.bss.rt_tick) for [Anonymous Symbol]
    clock.o(.ARM.exidx.text.rt_tick_set) refers to clock.o(.text.rt_tick_set) for [Anonymous Symbol]
    clock.o(.text.rt_tick_increase) refers to thread.o(.text.rt_thread_self) for rt_thread_self
    clock.o(.text.rt_tick_increase) refers to thread.o(.text.rt_thread_yield) for rt_thread_yield
    clock.o(.text.rt_tick_increase) refers to timer.o(.text.rt_timer_check) for rt_timer_check
    clock.o(.text.rt_tick_increase) refers to clock.o(.bss.rt_tick) for [Anonymous Symbol]
    clock.o(.ARM.exidx.text.rt_tick_increase) refers to clock.o(.text.rt_tick_increase) for [Anonymous Symbol]
    clock.o(.text.rt_tick_from_millisecond) refers to idiv_div0.o(.text) for __aeabi_idiv
    clock.o(.ARM.exidx.text.rt_tick_from_millisecond) refers to clock.o(.text.rt_tick_from_millisecond) for [Anonymous Symbol]
    components.o(.ARM.exidx.text.rti_start) refers to components.o(.text.rti_start) for [Anonymous Symbol]
    components.o(.ARM.exidx.text.rti_board_start) refers to components.o(.text.rti_board_start) for [Anonymous Symbol]
    components.o(.ARM.exidx.text.rti_board_end) refers to components.o(.text.rti_board_end) for [Anonymous Symbol]
    components.o(.ARM.exidx.text.rti_end) refers to components.o(.text.rti_end) for [Anonymous Symbol]
    components.o(.text.rt_components_board_init) refers to components.o(.rti_fn.0.end) for __rt_init_rti_board_start
    components.o(.text.rt_components_board_init) refers to components.o(.rti_fn.1.end) for __rt_init_rti_board_end
    components.o(.ARM.exidx.text.rt_components_board_init) refers to components.o(.text.rt_components_board_init) for [Anonymous Symbol]
    components.o(.text.rt_components_init) refers to components.o(.rti_fn.1.end) for __rt_init_rti_board_end
    components.o(.text.rt_components_init) refers to components.o(.rti_fn.6.end) for __rt_init_rti_end
    components.o(.ARM.exidx.text.rt_components_init) refers to components.o(.text.rt_components_init) for [Anonymous Symbol]
    components.o(.text.$Sub$$main) refers to components.o(.text.rtthread_startup) for rtthread_startup
    components.o(.ARM.exidx.text.$Sub$$main) refers to components.o(.text.$Sub$$main) for [Anonymous Symbol]
    components.o(.text.rtthread_startup) refers to context_rvds.o(.text) for rt_hw_interrupt_disable
    components.o(.text.rtthread_startup) refers to board.o(.text.rt_hw_board_init) for rt_hw_board_init
    components.o(.text.rtthread_startup) refers to kservice.o(.text.rt_show_version) for rt_show_version
    components.o(.text.rtthread_startup) refers to timer.o(.text.rt_system_timer_init) for rt_system_timer_init
    components.o(.text.rtthread_startup) refers to scheduler.o(.text.rt_system_scheduler_init) for rt_system_scheduler_init
    components.o(.text.rtthread_startup) refers to components.o(.text.rt_application_init) for rt_application_init
    components.o(.text.rtthread_startup) refers to timer.o(.text.rt_system_timer_thread_init) for rt_system_timer_thread_init
    components.o(.text.rtthread_startup) refers to idle.o(.text.rt_thread_idle_init) for rt_thread_idle_init
    components.o(.text.rtthread_startup) refers to scheduler.o(.text.rt_system_scheduler_start) for rt_system_scheduler_start
[...]
    [Anonymous Symbol]                       0x08001db6   Section        0  cmd.o(.text.list_get_next)
    [Anonymous Symbol]                       0x08001e8c   Section        0  cmd.o(.text.list_mailbox)
    __arm_cp.10_0                            0x08001fa8   Number         4  cmd.o(.text.list_mailbox)
    __arm_cp.10_1                            0x08001fac   Number         4  cmd.o(.text.list_mailbox)
    __arm_cp.10_2                            0x08001fb0   Number         4  cmd.o(.text.list_mailbox)
    __arm_cp.10_3                            0x08001fb4   Number         4  cmd.o(.text.list_mailbox)
    __arm_cp.10_5                            0x08001fb8   Number         4  cmd.o(.text.list_mailbox)
    [Anonymous Symbol]                       0x08001fbc   Section        0  cmd.o(.text.list_sem)
    __arm_cp.6_0                             0x080020c8   Number         4  cmd.o(.text.list_sem)
    __arm_cp.6_1                             0x080020cc   Number         4  cmd.o(.text.list_sem)
    __arm_cp.6_2                             0x080020d0   Number         4  cmd.o(.text.list_sem)
    __arm_cp.6_3                             0x080020d4   Number         4  cmd.o(.text.list_sem)
    __arm_cp.6_4                             0x080020d8   Number         4  cmd.o(.text.list_sem)
    __arm_cp.6_5                             0x080020dc   Number         4  cmd.o(.text.list_sem)
    [Anonymous Symbol]                       0x080020e0   Section        0  cmd.o(.text.list_thread)
    __arm_cp.2_0                             0x08002258   Number         4  cmd.o(.text.list_thread)
    __arm_cp.2_1                             0x0800225c   Number         4  cmd.o(.text.list_thread)
    __arm_cp.2_2                             0x08002260   Number         4  cmd.o(.text.list_thread)
    __arm_cp.2_3                             0x08002264   Number         4  cmd.o(.text.list_thread)
    __arm_cp.2_4                             0x08002268   Number         4  cmd.o(.text.list_thread)
    __arm_cp.2_5                             0x0800226c   Number         4  cmd.o(.text.list_thread)
    __arm_cp.2_6                             0x08002270   Number         4  cmd.o(.text.list_thread)
    __arm_cp.2_7                             0x08002274   Number         4  cmd.o(.text.list_thread)
    __arm_cp.2_8                             0x08002278   Number         4  cmd.o(.text.list_thread)
    __arm_cp.2_9                             0x0800227c   Number         4  cmd.o(.text.list_thread)
    [Anonymous Symbol]                       0x08002280   Section        0  cmd.o(.text.list_timer)
    __arm_cp.11_0                            0x0800235c   Number         4  cmd.o(.text.list_timer)
    __arm_cp.11_1                            0x08002360   Number         4  cmd.o(.text.list_timer)
    __arm_cp.11_2                            0x08002364   Number         4  cmd.o(.text.list_timer)
    __arm_cp.11_3                            0x08002368   Number         4  cmd.o(.text.list_timer)
    __arm_cp.11_4                            0x0800236c   Number         4  cmd.o(.text.list_timer)
    __arm_cp.11_5                            0x08002370   Number         4  cmd.o(.text.list_timer)
    __arm_cp.11_6                            0x08002374   Number         4  cmd.o(.text.list_timer)
    [Anonymous Symbol]                       0x08002378   Section        0  main.o(.text.main)
    [Anonymous Symbol]                       0x08002394   Section        0  components.o(.text.main_thread_entry)
    [Anonymous Symbol]                       0x080023a8   Section        0  msh.o(.text.msh_auto_complete)
    __arm_cp.5_3                             0x08002474   Number         4  msh.o(.text.msh_auto_complete)
    [Anonymous Symbol]                       0x08002478   Section        0  msh.o(.text.msh_exec)
    __arm_cp.3_0                             0x0800253c   Number         4  msh.o(.text.msh_exec)
    msh_get_cmd                              0x08002541   Thumb Code   112  msh.o(.text.msh_get_cmd)
    [Anonymous Symbol]                       0x08002540   Section        0  msh.o(.text.msh_get_cmd)
    [Anonymous Symbol]                       0x080025b0   Section        0  msh.o(.text.msh_help)
    __arm_cp.1_0                             0x0800260c   Number         4  msh.o(.text.msh_help)
    __arm_cp.1_1                             0x08002610   Number         4  msh.o(.text.msh_help)
    __arm_cp.1_2                             0x08002614   Number         4  msh.o(.text.msh_help)
    __arm_cp.1_4                             0x08002618   Number         4  msh.o(.text.msh_help)
    __arm_cp.1_5                             0x0800261c   Number         4  msh.o(.text.msh_help)
    [Anonymous Symbol]                       0x08002620   Section        0  msh.o(.text.msh_is_used)
    msh_split                                0x08002625   Thumb Code   480  msh.o(.text.msh_split)
    [Anonymous Symbol]                       0x08002624   Section        0  msh.o(.text.msh_split)
    __arm_cp.8_0                             0x08002804   Number         4  msh.o(.text.msh_split)
    __arm_cp.8_1                             0x08002808   Number         4  msh.o(.text.msh_split)
    __arm_cp.8_2                             0x0800280c   Number         4  msh.o(.text.msh_split)
    object_split                             0x08002811   Thumb Code    32  cmd.o(.text.object_split)
    [Anonymous Symbol]                       0x08002810   Section        0  cmd.o(.text.object_split)
    __arm_cp.4_0                             0x08002830   Number         4  cmd.o(.text.object_split)
    print_number                             0x08002835   Thumb Code   608  kservice.o(.text.print_number)
    [Anonymous Symbol]                       0x08002834   Section        0  kservice.o(.text.print_number)
    __arm_cp.18_0                            0x08002a94   Number         4  kservice.o(.text.print_number)
    __arm_cp.18_1                            0x08002a98   Number         4  kservice.o(.text.print_number)
    [Anonymous Symbol]                       0x08002a9c   Section        0  components.o(.text.rt_application_init)
    __arm_cp.9_0                             0x08002ad0   Number         4  components.o(.text.rt_application_init)
    __arm_cp.9_1                             0x08002ad4   Number         4  components.o(.text.rt_application_init)
    __arm_cp.9_2                             0x08002ad8   Number         4  components.o(.text.rt_application_init)
    __arm_cp.9_3                             0x08002adc   Number         4  components.o(.text.rt_application_init)
    [Anonymous Symbol]                       0x08002ae0   Section        0  components.o(.text.rt_components_board_init)
    __arm_cp.4_0                             0x08002b08   Number         4  components.o(.text.rt_components_board_init)
    [Anonymous Symbol]                       0x08002b0c   Section        0  components.o(.text.rt_components_init)
    __arm_cp.5_0                             0x08002b34   Number         4  components.o(.text.rt_components_init)
    __arm_cp.5_1                             0x08002b38   Number         4  components.o(.text.rt_components_init)
    [Anonymous Symbol]                       0x08002b3c   Section        0  scheduler.o(.text.rt_enter_critical)
    [Anonymous Symbol]                       0x08002b58   Section        0  scheduler.o(.text.rt_exit_critical)
    __arm_cp.10_0                            0x08002ba0   Number         4  scheduler.o(.text.rt_exit_critical)
    [Anonymous Symbol]                       0x08002ba4   Section        0  board.o(.text.rt_hw_board_init)
    [Anonymous Symbol]                       0x08002bb0   Section        0  air001_core_board.o(.text.rt_hw_console_getchar)
    __arm_cp.13_0                            0x08002be0   Number         4  air001_core_board.o(.text.rt_hw_console_getchar)
    __arm_cp.13_1                            0x08002be4   Number         4  air001_core_board.o(.text.rt_hw_console_getchar)
    [Anonymous Symbol]                       0x08002be8   Section        0  air001_core_board.o(.text.rt_hw_console_output)
    __arm_cp.10_0                            0x08002c58   Number         4  air001_core_board.o(.text.rt_hw_console_output)
    [Anonymous Symbol]                       0x08002c5c   Section        0  cpuport.o(.text.rt_hw_hard_fault_exception)
    __arm_cp.1_0                             0x08002cc0   Number         4  cpuport.o(.text.rt_hw_hard_fault_exception)
    __arm_cp.1_1                             0x08002cc4   Number         4  cpuport.o(.text.rt_hw_hard_fault_exception)
    __arm_cp.1_2                             0x08002cc8   Number         4  cpuport.o(.text.rt_hw_hard_fault_exception)
    __arm_cp.1_3                             0x08002ccc   Number         4  cpuport.o(.text.rt_hw_hard_fault_exception)
    __arm_cp.1_4                             0x08002cd0   Number         4  cpuport.o(.text.rt_hw_hard_fault_exception)
    __arm_cp.1_5                             0x08002cd4   Number         4  cpuport.o(.text.rt_hw_hard_fault_exception)
    __arm_cp.1_6                             0x08002cd8   Number         4  cpuport.o(.text.rt_hw_hard_fault_exception)
    __arm_cp.1_7                             0x08002cdc   Number         4  cpuport.o(.text.rt_hw_hard_fault_exception)
    __arm_cp.1_8                             0x08002ce0   Number         4  cpuport.o(.text.rt_hw_hard_fault_exception)
    __arm_cp.1_9                             0x08002ce4   Number         4  cpuport.o(.text.rt_hw_hard_fault_exception)
    [Anonymous Symbol]                       0x08002ce8   Section        0  cpuport.o(.text.rt_hw_stack_init)
    __arm_cp.0_0                             0x08002d60   Number         4  cpuport.o(.text.rt_hw_stack_init)
    [Anonymous Symbol]                       0x08002d64   Section        0  irq.o(.text.rt_interrupt_enter)
    [Anonymous Symbol]                       0x08002d80   Section        0  irq.o(.text.rt_interrupt_leave)
    __arm_cp.1_0                             0x08002d9c   Number         4  irq.o(.text.rt_interrupt_leave)
    rt_ipc_list_resume                       0x08002da1   Thumb Code    26  ipc.o(.text.rt_ipc_list_resume)
    [Anonymous Symbol]                       0x08002da0   Section        0  ipc.o(.text.rt_ipc_list_resume)
    rt_ipc_list_suspend                      0x08002dbb   Thumb Code   148  ipc.o(.text.rt_ipc_list_suspend)
    [Anonymous Symbol]                       0x08002dba   Section        0  ipc.o(.text.rt_ipc_list_suspend)
    rt_ipc_object_init                       0x08002e4f   Thumb Code    20  ipc.o(.text.rt_ipc_object_init)
    [Anonymous Symbol]                       0x08002e4e   Section        0  ipc.o(.text.rt_ipc_object_init)
    [Anonymous Symbol]                       0x08002e64   Section        0  kservice.o(.text.rt_kprintf)
    __arm_cp.15_0                            0x08002ea4   Number         4  kservice.o(.text.rt_kprintf)
    rt_list_init                             0x08002ea9   Thumb Code    16  ipc.o(.text.rt_list_init)
    [Anonymous Symbol]                       0x08002ea8   Section        0  ipc.o(.text.rt_list_init)
    rt_list_init                             0x08002eb9   Thumb Code    16  scheduler.o(.text.rt_list_init)
    [Anonymous Symbol]                       0x08002eb8   Section        0  scheduler.o(.text.rt_list_init)
    rt_list_init                             0x08002ec9   Thumb Code    16  thread.o(.text.rt_list_init)
    [Anonymous Symbol]                       0x08002ec8   Section        0  thread.o(.text.rt_list_init)
    rt_list_init                             0x08002ed9   Thumb Code    16  timer.o(.text.rt_list_init)
    [Anonymous Symbol]                       0x08002ed8   Section        0  timer.o(.text.rt_list_init)
    rt_list_insert_after                     0x08002ee9   Thumb Code    38  object.o(.text.rt_list_insert_after)
    [Anonymous Symbol]                       0x08002ee8   Section        0  object.o(.text.rt_list_insert_after)
    rt_list_insert_after                     0x08002f0f   Thumb Code    38  thread.o(.text.rt_list_insert_after)
    [Anonymous Symbol]                       0x08002f0e   Section        0  thread.o(.text.rt_list_insert_after)
    rt_list_insert_after                     0x08002f35   Thumb Code    38  timer.o(.text.rt_list_insert_after)
    [Anonymous Symbol]                       0x08002f34   Section        0  timer.o(.text.rt_list_insert_after)
    rt_list_insert_before                    0x08002f5b   Thumb Code    38  ipc.o(.text.rt_list_insert_before)
    [Anonymous Symbol]                       0x08002f5a   Section        0  ipc.o(.text.rt_list_insert_before)
    rt_list_insert_before                    0x08002f81   Thumb Code    38  scheduler.o(.text.rt_list_insert_before)
    [Anonymous Symbol]                       0x08002f80   Section        0  scheduler.o(.text.rt_list_insert_before)
    rt_list_insert_before                    0x08002fa7   Thumb Code    38  thread.o(.text.rt_list_insert_before)
    [Anonymous Symbol]                       0x08002fa6   Section        0  thread.o(.text.rt_list_insert_before)
    rt_list_isempty                          0x08002fcd   Thumb Code    18  ipc.o(.text.rt_list_isempty)
    [Anonymous Symbol]                       0x08002fcc   Section        0  ipc.o(.text.rt_list_isempty)
    rt_list_isempty                          0x08002fdf   Thumb Code    18  scheduler.o(.text.rt_list_isempty)
    [Anonymous Symbol]                       0x08002fde   Section        0  scheduler.o(.text.rt_list_isempty)
    rt_list_isempty                          0x08002ff1   Thumb Code    18  timer.o(.text.rt_list_isempty)
    [Anonymous Symbol]                       0x08002ff0   Section        0  timer.o(.text.rt_list_isempty)
    rt_list_isempty                          0x08003003   Thumb Code    18  cmd.o(.text.rt_list_isempty)
    [Anonymous Symbol]                       0x08003002   Section        0  cmd.o(.text.rt_list_isempty)
    rt_list_len                              0x08003015   Thumb Code    46  cmd.o(.text.rt_list_len)
    [Anonymous Symbol]                       0x08003014   Section        0  cmd.o(.text.rt_list_len)
    rt_list_remove                           0x08003043   Thumb Code    32  object.o(.text.rt_list_remove)
    [Anonymous Symbol]                       0x08003042   Section        0  object.o(.text.rt_list_remove)
    rt_list_remove                           0x08003063   Thumb Code    32  scheduler.o(.text.rt_list_remove)
    [Anonymous Symbol]                       0x08003062   Section        0  scheduler.o(.text.rt_list_remove)
    rt_list_remove                           0x08003083   Thumb Code    32  thread.o(.text.rt_list_remove)
    [Anonymous Symbol]                       0x08003082   Section        0  thread.o(.text.rt_list_remove)
    rt_list_remove                           0x080030a3   Thumb Code    32  timer.o(.text.rt_list_remove)
    [Anonymous Symbol]                       0x080030a2   Section        0  timer.o(.text.rt_list_remove)
    [Anonymous Symbol]                       0x080030c2   Section        0  kservice.o(.text.rt_memmove)
    [Anonymous Symbol]                       0x08003144   Section        0  kservice.o(.text.rt_memset)
    [Anonymous Symbol]                       0x080031fa   Section        0  object.o(.text.rt_object_detach)
    [Anonymous Symbol]                       0x08003220   Section        0  object.o(.text.rt_object_get_information)
    __arm_cp.1_0                             0x08003268   Number         4  object.o(.text.rt_object_get_information)
    [Anonymous Symbol]                       0x0800326c   Section        0  object.o(.text.rt_object_init)
    [Anonymous Symbol]                       0x080032ea   Section        0  object.o(.text.rt_object_is_systemobject)
    [Anonymous Symbol]                       0x0800330c   Section        0  board.o(.text.rt_os_tick_callback)
    [Anonymous Symbol]                       0x0800331c   Section        0  ringbuff.o(.text.rt_ringbuffer_data_len)
    [Anonymous Symbol]                       0x08003390   Section        0  ringbuff.o(.text.rt_ringbuffer_getchar)
    [Anonymous Symbol]                       0x080033fa   Section        0  ringbuff.o(.text.rt_ringbuffer_init)
    [Anonymous Symbol]                       0x0800343e   Section        0  ringbuff.o(.text.rt_ringbuffer_putchar)
    rt_ringbuffer_status                     0x080034b5   Thumb Code    70  ringbuff.o(.text.rt_ringbuffer_status)
    [Anonymous Symbol]                       0x080034b4   Section        0  ringbuff.o(.text.rt_ringbuffer_status)
    [Anonymous Symbol]                       0x080034fc   Section        0  scheduler.o(.text.rt_schedule)
    __arm_cp.3_5                             0x08003584   Number         4  scheduler.o(.text.rt_schedule)
    [Anonymous Symbol]                       0x08003588   Section        0  scheduler.o(.text.rt_schedule_insert_thread)
    [Anonymous Symbol]                       0x080035cc   Section        0  scheduler.o(.text.rt_schedule_remove_thread)
    [Anonymous Symbol]                       0x08003610   Section        0  ipc.o(.text.rt_sem_init)
    [Anonymous Symbol]                       0x08003640   Section        0  ipc.o(.text.rt_sem_release)
    __arm_cp.7_0                             0x080036b4   Number         4  ipc.o(.text.rt_sem_release)
    [Anonymous Symbol]                       0x080036b8   Section        0  ipc.o(.text.rt_sem_take)
    [Anonymous Symbol]                       0x0800375c   Section        0  kservice.o(.text.rt_show_version)
    __arm_cp.14_0                            0x08003788   Number         4  kservice.o(.text.rt_show_version)
    __arm_cp.14_1                            0x0800378c   Number         4  kservice.o(.text.rt_show_version)
    __arm_cp.14_2                            0x08003790   Number         4  kservice.o(.text.rt_show_version)
    __arm_cp.14_3                            0x08003794   Number         4  kservice.o(.text.rt_show_version)
    __arm_cp.14_4                            0x08003798   Number         4  kservice.o(.text.rt_show_version)
    [Anonymous Symbol]                       0x0800379c   Section        0  kservice.o(.text.rt_strlen)
    [Anonymous Symbol]                       0x080037c4   Section        0  kservice.o(.text.rt_strncpy)
    [Anonymous Symbol]                       0x08003828   Section        0  scheduler.o(.text.rt_system_scheduler_init)
    __arm_cp.0_0                             0x08003870   Number         4  scheduler.o(.text.rt_system_scheduler_init)
    __arm_cp.0_1                             0x08003874   Number         4  scheduler.o(.text.rt_system_scheduler_init)
    [Anonymous Symbol]                       0x08003878   Section        0  scheduler.o(.text.rt_system_scheduler_start)
    __arm_cp.2_0                             0x080038a8   Number         4  scheduler.o(.text.rt_system_scheduler_start)
    __arm_cp.2_1                             0x080038ac   Number         4  scheduler.o(.text.rt_system_scheduler_start)
    __arm_cp.2_2                             0x080038b0   Number         4  scheduler.o(.text.rt_system_scheduler_start)
    [Anonymous Symbol]                       0x080038b4   Section        0  timer.o(.text.rt_system_timer_init)
    __arm_cp.14_0                            0x080038e0   Number         4  timer.o(.text.rt_system_timer_init)
    [Anonymous Symbol]                       0x080038e4   Section        0  timer.o(.text.rt_system_timer_thread_init)
    [Anonymous Symbol]                       0x080038e8   Section        0  thread.o(.text.rt_thread_exit)
    __arm_cp.0_1                             0x08003944   Number         4  thread.o(.text.rt_thread_exit)
    rt_thread_idle_entry                     0x08003949   Thumb Code    14  idle.o(.text.rt_thread_idle_entry)
    [Anonymous Symbol]                       0x08003948   Section        0  idle.o(.text.rt_thread_idle_entry)
    [Anonymous Symbol]                       0x08003956   Section        0  idle.o(.text.rt_thread_idle_excute)
    [Anonymous Symbol]                       0x08003958   Section        0  idle.o(.text.rt_thread_idle_init)
    __arm_cp.1_0                             0x08003984   Number         4  idle.o(.text.rt_thread_idle_init)
    __arm_cp.1_1                             0x08003988   Number         4  idle.o(.text.rt_thread_idle_init)
    __arm_cp.1_2                             0x0800398c   Number         4  idle.o(.text.rt_thread_idle_init)
    __arm_cp.1_3                             0x08003990   Number         4  idle.o(.text.rt_thread_idle_init)
    [Anonymous Symbol]                       0x08003994   Section        0  thread.o(.text.rt_thread_init)
    [Anonymous Symbol]                       0x080039d8   Section        0  thread.o(.text.rt_thread_mdelay)
    [Anonymous Symbol]                       0x080039f0   Section        0  thread.o(.text.rt_thread_resume)
    [Anonymous Symbol]                       0x08003a3c   Section        0  thread.o(.text.rt_thread_self)
    [Anonymous Symbol]                       0x08003a44   Section        0  thread.o(.text.rt_thread_sleep)
    [Anonymous Symbol]                       0x08003a94   Section        0  thread.o(.text.rt_thread_startup)
    [Anonymous Symbol]                       0x08003ad2   Section        0  thread.o(.text.rt_thread_suspend)
    [Anonymous Symbol]                       0x08003b24   Section        0  thread.o(.text.rt_thread_timeout)
    [Anonymous Symbol]                       0x08003b4c   Section        0  thread.o(.text.rt_thread_yield)
    __arm_cp.9_0                             0x08003bb4   Number         4  thread.o(.text.rt_thread_yield)
    __arm_cp.9_1                             0x08003bb8   Number         4  thread.o(.text.rt_thread_yield)
    [Anonymous Symbol]                       0x08003bbc   Section        0  clock.o(.text.rt_tick_from_millisecond)
    __arm_cp.4_0                             0x08003c10   Number         4  clock.o(.text.rt_tick_from_millisecond)
    [Anonymous Symbol]                       0x08003c14   Section        0  clock.o(.text.rt_tick_get)
    [Anonymous Symbol]                       0x08003c1c   Section        0  clock.o(.text.rt_tick_increase)
    __arm_cp.3_0                             0x08003c54   Number         4  clock.o(.text.rt_tick_increase)
    [Anonymous Symbol]                       0x08003c58   Section        0  timer.o(.text.rt_timer_check)
    [Anonymous Symbol]                       0x08003d20   Section        0  timer.o(.text.rt_timer_control)
    [Anonymous Symbol]                       0x08003db0   Section        0  timer.o(.text.rt_timer_detach)
    [Anonymous Symbol]                       0x08003dde   Section        0  timer.o(.text.rt_timer_init)
    [Anonymous Symbol]                       0x08003e14   Section        0  timer.o(.text.rt_timer_start)
    __arm_cp.4_0                             0x08003f50   Number         4  timer.o(.text.rt_timer_start)
    __arm_cp.4_1                             0x08003f54   Number         4  timer.o(.text.rt_timer_start)
    __arm_cp.4_2                             0x08003f58   Number         4  timer.o(.text.rt_timer_start)
    [Anonymous Symbol]                       0x08003f5c   Section        0  timer.o(.text.rt_timer_stop)
    [Anonymous Symbol]                       0x08003fa0   Section        0  kservice.o(.text.rt_vsnprintf)
    __arm_cp.16_0                            0x080045ec   Number         4  kservice.o(.text.rt_vsnprintf)
    rti_board_end                            0x080045f1   Thumb Code     4  components.o(.text.rti_board_end)
    [Anonymous Symbol]                       0x080045f0   Section        0  components.o(.text.rti_board_end)
    rti_board_start                          0x080045f5   Thumb Code     4  components.o(.text.rti_board_start)
    [Anonymous Symbol]                       0x080045f4   Section        0  components.o(.text.rti_board_start)
    rti_end                                  0x080045f9   Thumb Code     4  components.o(.text.rti_end)
    [Anonymous Symbol]                       0x080045f8   Section        0  components.o(.text.rti_end)
    rti_start                                0x080045fd   Thumb Code     4  components.o(.text.rti_start)
    [Anonymous Symbol]                       0x080045fc   Section        0  components.o(.text.rti_start)
    [Anonymous Symbol]                       0x08004600   Section        0  components.o(.text.rtthread_startup)
    shell_auto_complete                      0x0800462d   Thumb Code    52  shell.o(.text.shell_auto_complete)
    [Anonymous Symbol]                       0x0800462c   Section        0  shell.o(.text.shell_auto_complete)
    __arm_cp.7_0                             0x08004660   Number         4  shell.o(.text.shell_auto_complete)
    __arm_cp.7_1                             0x08004664   Number         4  shell.o(.text.shell_auto_complete)
    show_wait_queue                          0x08004669   Thumb Code    72  cmd.o(.text.show_wait_queue)
    [Anonymous Symbol]                       0x08004668   Section        0  cmd.o(.text.show_wait_queue)
    __arm_cp.9_0                             0x080046b0   Number         4  cmd.o(.text.show_wait_queue)
    __arm_cp.9_1                             0x080046b4   Number         4  cmd.o(.text.show_wait_queue)
    skip_atoi                                0x080046b9   Thumb Code    54  kservice.o(.text.skip_atoi)
    [Anonymous Symbol]                       0x080046b8   Section        0  kservice.o(.text.skip_atoi)
    str_common                               0x080046ef   Thumb Code    92  msh.o(.text.str_common)
    [Anonymous Symbol]                       0x080046ee   Section        0  msh.o(.text.str_common)
    [Anonymous Symbol]                       0x0800474a   Section        0  cmd.o(.text.version)
    i.__scatterload_copy                     0x08004754   Section       14  handlers.o(i.__scatterload_copy)
    i.__scatterload_null                     0x08004762   Section        2  handlers.o(i.__scatterload_null)
    i.__scatterload_zeroinit                 0x08004764   Section       14  handlers.o(i.__scatterload_zeroinit)
    print_number.large_digits                0x08004a83   Data          17  kservice.o(.rodata.print_number.large_digits)
    [Anonymous Symbol]                       0x08004a83   Section        0  kservice.o(.rodata.print_number.large_digits)
    print_number.small_digits                0x08004a94   Data          17  kservice.o(.rodata.print_number.small_digits)
    [Anonymous Symbol]                       0x08004a94   Section        0  kservice.o(.rodata.print_number.small_digits)
    [Anonymous Symbol]                       0x08004aa5   Section        0  cpuport.o(.rodata.str1.1)
    [Anonymous Symbol]                       0x08004b27   Section        0  components.o(.rodata.str1.1)
    [Anonymous Symbol]                       0x08004b2c   Section        0  idle.o(.rodata.str1.1)
    [Anonymous Symbol]                       0x08004b32   Section        0  kservice.o(.rodata.str1.1)
    [Anonymous Symbol]                       0x08004bba   Section        0  cmd.o(.rodata.str1.1)
    [Anonymous Symbol]                       0x08004e2d   Section        0  msh.o(.rodata.str1.1)
    [Anonymous Symbol]                       0x08004e95   Section        0  shell.o(.rodata.str1.1)
    [Anonymous Symbol]                       0x08004ec2   Section        0  air001_core_board.o(.rodata.str1.1)
    __tagsym$$used.0                         0x08004ecc   Number         0  components.o(.rti_fn.0)
    __tagsym$$used.1                         0x08004ed0   Number         0  components.o(.rti_fn.0.end)
    __tagsym$$used.0                         0x08004ed4   Number         0  air001_core_board.o(.rti_fn.1)
    __tagsym$$used.2                         0x08004ed8   Number         0  components.o(.rti_fn.1.end)
    __tagsym$$used.0                         0x08004edc   Number         0  shell.o(.rti_fn.6)
    __tagsym$$used.3                         0x08004ee0   Number         0  components.o(.rti_fn.6.end)
    __tagsym$$used.0                         0x08004ee4   Number         0  cmd.o(FSymTab)
    __tagsym$$used.1                         0x08004ef0   Number         0  cmd.o(FSymTab)
    __tagsym$$used.2                         0x08004efc   Number         0  cmd.o(FSymTab)
    __tagsym$$used.3                         0x08004f08   Number         0  cmd.o(FSymTab)
    __tagsym$$used.4                         0x08004f14   Number         0  cmd.o(FSymTab)
    __tagsym$$used.5                         0x08004f20   Number         0  cmd.o(FSymTab)
    __tagsym$$used.6                         0x08004f2c   Number         0  cmd.o(FSymTab)
    __tagsym$$used.7                         0x08004f38   Number         0  cmd.o(FSymTab)
    __tagsym$$used.8                         0x08004f44   Number         0  cmd.o(FSymTab)
    __tagsym$$used.9                         0x08004f50   Number         0  cmd.o(FSymTab)
    __tagsym$$used.10                        0x08004f5c   Number         0  cmd.o(FSymTab)
    __tagsym$$used.11                        0x08004f68   Number         0  cmd.o(FSymTab)
    __tagsym$$used.0                         0x08004f74   Number         0  msh.o(FSymTab)
    __tagsym$$used.1                         0x08004f80   Number         0  msh.o(FSymTab)
    rt_object_container                      0x20000008   Data          64  object.o(.data.rt_object_container)
    [Anonymous Symbol]                       0x20000008   Section        0  object.o(.data.rt_object_container)
    finsh_get_prompt.finsh_prompt            0x2000011c   Data         129  shell.o(.bss.finsh_get_prompt.finsh_prompt)
    [Anonymous Symbol]                       0x2000011c   Section        0  shell.o(.bss.finsh_get_prompt.finsh_prompt)
    finsh_prompt_custom                      0x200001a0   Data           4  shell.o(.bss.finsh_prompt_custom)
    [Anonymous Symbol]                       0x200001a0   Section        0  shell.o(.bss.finsh_prompt_custom)
    finsh_thread                             0x200001a4   Data         120  shell.o(.bss.finsh_thread)
    [Anonymous Symbol]                       0x200001a4   Section        0  shell.o(.bss.finsh_thread)
    finsh_thread_stack                       0x2000021c   Data        1024  shell.o(.bss.finsh_thread_stack)
    [Anonymous Symbol]                       0x2000021c   Section        0  shell.o(.bss.finsh_thread_stack)
    idle                                     0x2000061c   Data         120  idle.o(.bss.idle)
    [Anonymous Symbol]                       0x2000061c   Section        0  idle.o(.bss.idle)
    main_stack                               0x20000698   Data         256  components.o(.bss.main_stack)
    [Anonymous Symbol]                       0x20000698   Section        0  components.o(.bss.main_stack)
    rt_kprintf.rt_log_buf                    0x20000824   Data         128  kservice.o(.bss.rt_kprintf.rt_log_buf)
    [Anonymous Symbol]                       0x20000824   Section        0  kservice.o(.bss.rt_kprintf.rt_log_buf)
    rt_scheduler_lock_nest                   0x200008a4   Data           2  scheduler.o(.bss.rt_scheduler_lock_nest)
    [Anonymous Symbol]                       0x200008a4   Section        0  scheduler.o(.bss.rt_scheduler_lock_nest)
    rt_thread_stack                          0x200008f4   Data         128  idle.o(.bss.rt_thread_stack)
    [Anonymous Symbol]                       0x200008f4   Section        0  idle.o(.bss.rt_thread_stack)
    rt_tick                                  0x20000978   Data           4  clock.o(.bss.rt_tick)
    [Anonymous Symbol]                       0x20000978   Section        0  clock.o(.bss.rt_tick)
    rt_timer_list                            0x2000097c   Data           8  timer.o(.bss.rt_timer_list)
    [Anonymous Symbol]                       0x2000097c   Section        0  timer.o(.bss.rt_timer_list)
    rt_timer_start.random_nr                 0x20000984   Data           4  timer.o(.bss.rt_timer_start.random_nr)
    [Anonymous Symbol]                       0x20000984   Section        0  timer.o(.bss.rt_timer_start.random_nr)
    shell_rx_sem                             0x20000990   Data          32  air001_core_board.o(.bss.shell_rx_sem)
    [Anonymous Symbol]                       0x20000990   Section        0  air001_core_board.o(.bss.shell_rx_sem)
    STACK                                    0x200009d0   Section     1024  startup_air001_dev.o(STACK)

    Global Symbols

    Symbol Name                              Value     Ov Type        Size  Object(Section)

    BuildAttributes$$THM_ISAv3M$S$PE$A:L22$X:L11$S22$IEEE1$IW$~IW$USESV6$~STKCKD$USESV7$~SHL$OSPACE$EBA8$MICROLIB$REQ8$PRES8$EABIv2 0x00000000   Number         0  anon$$obj.o ABSOLUTE
    __cpp_initialize__aeabi_                  - Undefined Weak Reference
    __cxa_finalize                            - Undefined Weak Reference
    __decompress                              - Undefined Weak Reference
    _clock_init                               - Undefined Weak Reference
    _microlib_exit                            - Undefined Weak Reference
    __Vectors_Size                           0x000000c0   Number         0  startup_air001_dev.o ABSOLUTE
    __Vectors                                0x08000000   Data           4  startup_air001_dev.o(RESET)
    __Vectors_End                            0x080000c0   Data           0  startup_air001_dev.o(RESET)
    __main                                   0x080000c1   Thumb Code     0  entry.o(.ARM.Collect$$$$00000000)
    _main_stk                                0x080000c1   Thumb Code     0  entry2.o(.ARM.Collect$$$$00000001)
    _main_scatterload                        0x080000c5   Thumb Code     0  entry5.o(.ARM.Collect$$$$00000004)
    __main_after_scatterload                 0x080000c9   Thumb Code     0  entry5.o(.ARM.Collect$$$$00000004)
    _main_clock                              0x080000c9   Thumb Code     0  entry7b.o(.ARM.Collect$$$$00000008)
    _main_cpp_init                           0x080000c9   Thumb Code     0  entry8b.o(.ARM.Collect$$$$0000000A)
    _main_init                               0x080000c9   Thumb Code     0  entry9a.o(.ARM.Collect$$$$0000000B)
    __rt_final_cpp                           0x080000d1   Thumb Code     0  entry10a.o(.ARM.Collect$$$$0000000D)
    __rt_final_exit                          0x080000d1   Thumb Code     0  entry11a.o(.ARM.Collect$$$$0000000F)
    rt_hw_interrupt_disable                  0x080000d5   Thumb Code     8  context_rvds.o(.text)
    rt_hw_interrupt_enable                   0x080000dd   Thumb Code     6  context_rvds.o(.text)
    rt_hw_context_switch                     0x080000e3   Thumb Code    28  context_rvds.o(.text)
    rt_hw_context_switch_interrupt           0x080000e3   Thumb Code     0  context_rvds.o(.text)
    PendSV_Handler                           0x080000ff   Thumb Code    84  context_rvds.o(.text)
    rt_hw_context_switch_to                  0x08000153   Thumb Code    44  context_rvds.o(.text)
    rt_hw_interrupt_thread_switch            0x0800017f   Thumb Code     2  context_rvds.o(.text)
    HardFault_Handler                        0x08000181   Thumb Code    12  context_rvds.o(.text)
    Reset_Handler                            0x080001ad   Thumb Code     8  startup_air001_dev.o(.text)
    ADC_COMP_IRQHandler                      0x080001bf   Thumb Code     0  startup_air001_dev.o(.text)
    DMA1_Channel1_IRQHandler                 0x080001bf   Thumb Code     0  startup_air001_dev.o(.text)
    DMA1_Channel2_3_IRQHandler               0x080001bf   Thumb Code     0  startup_air001_dev.o(.text)
    EXTI0_1_IRQHandler                       0x080001bf   Thumb Code     0  startup_air001_dev.o(.text)
    EXTI2_3_IRQHandler                       0x080001bf   Thumb Code     0  startup_air001_dev.o(.text)
    EXTI4_15_IRQHandler                      0x080001bf   Thumb Code     0  startup_air001_dev.o(.text)
    FLASH_IRQHandler                         0x080001bf   Thumb Code     0  startup_air001_dev.o(.text)
    I2C1_IRQHandler                          0x080001bf   Thumb Code     0  startup_air001_dev.o(.text)
    LED_IRQHandler                           0x080001bf   Thumb Code     0  startup_air001_dev.o(.text)
    LPTIM1_IRQHandler                        0x080001bf   Thumb Code     0  startup_air001_dev.o(.text)
    PVD_IRQHandler                           0x080001bf   Thumb Code     0  startup_air001_dev.o(.text)
    RCC_IRQHandler                           0x080001bf   Thumb Code     0  startup_air001_dev.o(.text)
    RTC_IRQHandler                           0x080001bf   Thumb Code     0  startup_air001_dev.o(.text)
    SPI1_IRQHandler                          0x080001bf   Thumb Code     0  startup_air001_dev.o(.text)
    SPI2_IRQHandler                          0x080001bf   Thumb Code     0  startup_air001_dev.o(.text)
    TIM14_IRQHandler                         0x080001bf   Thumb Code     0  startup_air001_dev.o(.text)
    TIM16_IRQHandler                         0x080001bf   Thumb Code     0  startup_air001_dev.o(.text)
    TIM17_IRQHandler                         0x080001bf   Thumb Code     0  startup_air001_dev.o(.text)
    TIM1_BRK_UP_TRG_COM_IRQHandler           0x080001bf   Thumb Code     0  startup_air001_dev.o(.text)
    TIM1_CC_IRQHandler                       0x080001bf   Thumb Code     0  startup_air001_dev.o(.text)
    TIM3_IRQHandler                          0x080001bf   Thumb Code     0  startup_air001_dev.o(.text)
    USART1_IRQHandler                        0x080001bf   Thumb Code     0  startup_air001_dev.o(.text)
    WWDG_IRQHandler                          0x080001bf   Thumb Code     0  startup_air001_dev.o(.text)
    __aeabi_memcpy                           0x080001c9   Thumb Code    36  memcpya.o(.text)
    __aeabi_memcpy4                          0x080001c9   Thumb Code     0  memcpya.o(.text)
    __aeabi_memcpy8                          0x080001c9   Thumb Code     0  memcpya.o(.text)
    __aeabi_memset                           0x080001ed   Thumb Code    14  memseta.o(.text)
    __aeabi_memset4                          0x080001ed   Thumb Code     0  memseta.o(.text)
    __aeabi_memset8                          0x080001ed   Thumb Code     0  memseta.o(.text)
    __aeabi_memclr                           0x080001fb   Thumb Code     4  memseta.o(.text)
    __aeabi_memclr4                          0x080001fb   Thumb Code     0  memseta.o(.text)
    __aeabi_memclr8                          0x080001fb   Thumb Code     0  memseta.o(.text)
    _memset$wrapper                          0x080001ff   Thumb Code    18  memseta.o(.text)
    strcat                                   0x08000211   Thumb Code    24  strcat.o(.text)
    strncpy                                  0x08000229   Thumb Code    26  strncpy.o(.text)
    strlen                                   0x08000243   Thumb Code    14  strlen.o(.text)
    strcpy                                   0x08000251   Thumb Code    18  strcpy.o(.text)
    strncmp                                  0x08000263   Thumb Code    30  strncmp.o(.text)
    __aeabi_uidiv                            0x08000281   Thumb Code     0  uidiv_div0.o(.text)
    __aeabi_uidivmod                         0x08000281   Thumb Code    62  uidiv_div0.o(.text)
    __aeabi_idiv                             0x080002c1   Thumb Code     0  idiv_div0.o(.text)
    __aeabi_idivmod                          0x080002c1   Thumb Code    74  idiv_div0.o(.text)
    __scatterload                            0x08000311   Thumb Code    28  init.o(.text)
    __scatterload_rt2                        0x08000311   Thumb Code     0  init.o(.text)
    main                                     0x08000335   Thumb Code    10  components.o(.text.$Sub$$main)
    BSP_LED_Init                             0x08000341   Thumb Code   108  air001_core_board.o(.text.BSP_LED_Init)
    BSP_LED_Toggle                           0x080003ad   Thumb Code    32  air001_core_board.o(.text.BSP_LED_Toggle)
    BSP_USART_Config                         0x080003d5   Thumb Code   236  air001_core_board.o(.text.BSP_USART_Config)
    HAL_DMA_Abort_IT                         0x080004e5   Thumb Code   164  air001xx_hal_dma.o(.text.HAL_DMA_Abort_IT)
    HAL_GPIO_Init                            0x08000595   Thumb Code   644  air001xx_hal_gpio.o(.text.HAL_GPIO_Init)
    HAL_GPIO_TogglePin                       0x08000831   Thumb Code    50  air001xx_hal_gpio.o(.text.HAL_GPIO_TogglePin)
    HAL_GPIO_WritePin                        0x08000863   Thumb Code    44  air001xx_hal_gpio.o(.text.HAL_GPIO_WritePin)
    HAL_GetTick                              0x08000891   Thumb Code     8  air001xx_hal.o(.text.HAL_GetTick)
    HAL_Init                                 0x0800089d   Thumb Code    44  air001xx_hal.o(.text.HAL_Init)
    HAL_InitTick                             0x080008c9   Thumb Code   120  air001xx_hal.o(.text.HAL_InitTick)
    HAL_MspInit                              0x08000949   Thumb Code    28  air001xx_hal_msp.o(.text.HAL_MspInit)
    HAL_NVIC_EnableIRQ                       0x08000969   Thumb Code    22  air001xx_hal_cortex.o(.text.HAL_NVIC_EnableIRQ)
    HAL_NVIC_SetPriority                     0x0800097f   Thumb Code    28  air001xx_hal_cortex.o(.text.HAL_NVIC_SetPriority)
    HAL_RCC_GetHCLKFreq                      0x0800099d   Thumb Code     8  air001xx_hal_rcc.o(.text.HAL_RCC_GetHCLKFreq)
    HAL_RCC_GetPCLK1Freq                     0x080009a9   Thumb Code    32  air001xx_hal_rcc.o(.text.HAL_RCC_GetPCLK1Freq)
    HAL_SYSTICK_Config                       0x080009d1   Thumb Code    16  air001xx_hal_cortex.o(.text.HAL_SYSTICK_Config)
    HAL_UART_ErrorCallback                   0x080009e1   Thumb Code     8  air001xx_hal_uart.o(.text.HAL_UART_ErrorCallback)
    HAL_UART_IRQHandler                      0x080009e9   Thumb Code   524  air001xx_hal_uart.o(.text.HAL_UART_IRQHandler)
    HAL_UART_Init                            0x08000bf9   Thumb Code   182  air001xx_hal_uart.o(.text.HAL_UART_Init)
    HAL_UART_MspInit                         0x08000caf   Thumb Code     8  air001xx_hal_uart.o(.text.HAL_UART_MspInit)
    HAL_UART_Receive_IT                      0x08000cb7   Thumb Code   186  air001xx_hal_uart.o(.text.HAL_UART_Receive_IT)
    HAL_UART_RxCpltCallback                  0x08000d71   Thumb Code    96  air001_core_board.o(.text.HAL_UART_RxCpltCallback)
    HAL_UART_Transmit                        0x08000de1   Thumb Code   388  air001xx_hal_uart.o(.text.HAL_UART_Transmit)
    HAL_UART_TxCpltCallback                  0x08000f65   Thumb Code     8  air001xx_hal_uart.o(.text.HAL_UART_TxCpltCallback)
    NMI_Handler                              0x08000f6d   Thumb Code     2  air001xx_it.o(.text.NMI_Handler)
    SVC_Handler                              0x08001019   Thumb Code     2  air001xx_it.o(.text.SVC_Handler)
    SysTick_Handler                          0x0800106d   Thumb Code     8  board.o(.text.SysTick_Handler)
    SystemInit                               0x08001075   Thumb Code    32  system_air001xx.o(.text.SystemInit)
    USART2_IRQHandler                        0x08001499   Thumb Code    12  air001_core_board.o(.text.USART2_IRQHandler)
    __rt_ffs                                 0x080014a9   Thumb Code   112  kservice.o(.text.__rt_ffs)
    cmd_ps                                   0x0800175d   Thumb Code    18  msh.o(.text.cmd_ps)
    finsh_get_prompt                         0x080017bd   Thumb Code   116  shell.o(.text.finsh_get_prompt)
    finsh_set_prompt_mode                    0x0800184d   Thumb Code    32  shell.o(.text.finsh_set_prompt_mode)
    finsh_system_function_init               0x0800186d   Thumb Code    24  shell.o(.text.finsh_system_function_init)
    finsh_system_init                        0x0800188d   Thumb Code   116  shell.o(.text.finsh_system_init)
    finsh_thread_entry                       0x08001925   Thumb Code   964  shell.o(.text.finsh_thread_entry)
    hello                                    0x08001d05   Thumb Code    12  cmd.o(.text.hello)
    list                                     0x08001d15   Thumb Code    80  cmd.o(.text.list)
    list_mailbox                             0x08001e8d   Thumb Code   284  cmd.o(.text.list_mailbox)
    list_sem                                 0x08001fbd   Thumb Code   268  cmd.o(.text.list_sem)
    list_thread                              0x080020e1   Thumb Code   376  cmd.o(.text.list_thread)
    list_timer                               0x08002281   Thumb Code   220  cmd.o(.text.list_timer)
    $Super$$main                             0x08002379   Thumb Code    28  main.o(.text.main)
    main_thread_entry                        0x08002395   Thumb Code    18  components.o(.text.main_thread_entry)
    msh_auto_complete                        0x080023a9   Thumb Code   204  msh.o(.text.msh_auto_complete)
    msh_exec                                 0x08002479   Thumb Code   196  msh.o(.text.msh_exec)
    msh_help                                 0x080025b1   Thumb Code    92  msh.o(.text.msh_help)
    msh_is_used                              0x08002621   Thumb Code     4  msh.o(.text.msh_is_used)
    rt_application_init                      0x08002a9d   Thumb Code    52  components.o(.text.rt_application_init)
    rt_components_board_init                 0x08002ae1   Thumb Code    40  components.o(.text.rt_components_board_init)
    rt_components_init                       0x08002b0d   Thumb Code    40  components.o(.text.rt_components_init)
    rt_enter_critical                        0x08002b3d   Thumb Code    28  scheduler.o(.text.rt_enter_critical)
    rt_exit_critical                         0x08002b59   Thumb Code    72  scheduler.o(.text.rt_exit_critical)
    rt_hw_board_init                         0x08002ba5   Thumb Code    12  board.o(.text.rt_hw_board_init)
    rt_hw_console_getchar                    0x08002bb1   Thumb Code    48  air001_core_board.o(.text.rt_hw_console_getchar)
    rt_hw_console_output                     0x08002be9   Thumb Code   112  air001_core_board.o(.text.rt_hw_console_output)
    rt_hw_hard_fault_exception               0x08002c5d   Thumb Code   100  cpuport.o(.text.rt_hw_hard_fault_exception)
    rt_hw_stack_init                         0x08002ce9   Thumb Code   120  cpuport.o(.text.rt_hw_stack_init)
    rt_interrupt_enter                       0x08002d65   Thumb Code    28  irq.o(.text.rt_interrupt_enter)
    rt_interrupt_leave                       0x08002d81   Thumb Code    28  irq.o(.text.rt_interrupt_leave)
    rt_kprintf                               0x08002e65   Thumb Code    64  kservice.o(.text.rt_kprintf)
    rt_memmove                               0x080030c3   Thumb Code   130  kservice.o(.text.rt_memmove)
    rt_memset                                0x08003145   Thumb Code   182  kservice.o(.text.rt_memset)
    rt_object_detach                         0x080031fb   Thumb Code    36  object.o(.text.rt_object_detach)
    rt_object_get_information                0x08003221   Thumb Code    72  object.o(.text.rt_object_get_information)
    rt_object_init                           0x0800326d   Thumb Code   126  object.o(.text.rt_object_init)
    rt_object_is_systemobject                0x080032eb   Thumb Code    34  object.o(.text.rt_object_is_systemobject)
    rt_os_tick_callback                      0x0800330d   Thumb Code    16  board.o(.text.rt_os_tick_callback)
    rt_ringbuffer_data_len                   0x0800331d   Thumb Code   116  ringbuff.o(.text.rt_ringbuffer_data_len)
    rt_ringbuffer_getchar                    0x08003391   Thumb Code   106  ringbuff.o(.text.rt_ringbuffer_getchar)
    rt_ringbuffer_init                       0x080033fb   Thumb Code    68  ringbuff.o(.text.rt_ringbuffer_init)
    rt_ringbuffer_putchar                    0x0800343f   Thumb Code   118  ringbuff.o(.text.rt_ringbuffer_putchar)
    rt_schedule                              0x080034fd   Thumb Code   136  scheduler.o(.text.rt_schedule)
    rt_schedule_insert_thread                0x08003589   Thumb Code    68  scheduler.o(.text.rt_schedule_insert_thread)
    rt_schedule_remove_thread                0x080035cd   Thumb Code    68  scheduler.o(.text.rt_schedule_remove_thread)
    rt_sem_init                              0x08003611   Thumb Code    48  ipc.o(.text.rt_sem_init)
    rt_sem_release                           0x08003641   Thumb Code   116  ipc.o(.text.rt_sem_release)
    rt_sem_take                              0x080036b9   Thumb Code   162  ipc.o(.text.rt_sem_take)
    rt_show_version                          0x0800375d   Thumb Code    44  kservice.o(.text.rt_show_version)
    rt_strlen                                0x0800379d   Thumb Code    40  kservice.o(.text.rt_strlen)
    rt_strncpy                               0x080037c5   Thumb Code    98  kservice.o(.text.rt_strncpy)
    rt_system_scheduler_init                 0x08003829   Thumb Code    72  scheduler.o(.text.rt_system_scheduler_init)
    rt_system_scheduler_start                0x08003879   Thumb Code    48  scheduler.o(.text.rt_system_scheduler_start)
    rt_system_timer_init                     0x080038b5   Thumb Code    44  timer.o(.text.rt_system_timer_init)
    rt_system_timer_thread_init              0x080038e5   Thumb Code     2  timer.o(.text.rt_system_timer_thread_init)
    rt_thread_exit                           0x080038e9   Thumb Code    92  thread.o(.text.rt_thread_exit)
    rt_thread_idle_excute                    0x08003957   Thumb Code     2  idle.o(.text.rt_thread_idle_excute)
    rt_thread_idle_init                      0x08003959   Thumb Code    44  idle.o(.text.rt_thread_idle_init)
    rt_thread_init                           0x08003995   Thumb Code    68  thread.o(.text.rt_thread_init)
    rt_thread_mdelay                         0x080039d9   Thumb Code    24  thread.o(.text.rt_thread_mdelay)
    rt_thread_resume                         0x080039f1   Thumb Code    76  thread.o(.text.rt_thread_resume)
    rt_thread_self                           0x08003a3d   Thumb Code     8  thread.o(.text.rt_thread_self)
    rt_thread_sleep                          0x08003a45   Thumb Code    80  thread.o(.text.rt_thread_sleep)
    rt_thread_startup                        0x08003a95   Thumb Code    62  thread.o(.text.rt_thread_startup)
    rt_thread_suspend                        0x08003ad3   Thumb Code    82  thread.o(.text.rt_thread_suspend)
    rt_thread_timeout                        0x08003b25   Thumb Code    40  thread.o(.text.rt_thread_timeout)
    rt_thread_yield                          0x08003b4d   Thumb Code   104  thread.o(.text.rt_thread_yield)
    rt_tick_from_millisecond                 0x08003bbd   Thumb Code    84  clock.o(.text.rt_tick_from_millisecond)
    rt_tick_get                              0x08003c15   Thumb Code     8  clock.o(.text.rt_tick_get)
    rt_tick_increase                         0x08003c1d   Thumb Code    56  clock.o(.text.rt_tick_increase)
    rt_timer_check                           0x08003c59   Thumb Code   200  timer.o(.text.rt_timer_check)
    rt_timer_control                         0x08003d21   Thumb Code   144  timer.o(.text.rt_timer_control)
    rt_timer_detach                          0x08003db1   Thumb Code    46  timer.o(.text.rt_timer_detach)
    rt_timer_init                            0x08003ddf   Thumb Code    52  timer.o(.text.rt_timer_init)
    rt_timer_start                           0x08003e15   Thumb Code   316  timer.o(.text.rt_timer_start)
    rt_timer_stop                            0x08003f5d   Thumb Code    66  timer.o(.text.rt_timer_stop)
    rt_vsnprintf                             0x08003fa1   Thumb Code  1612  kservice.o(.text.rt_vsnprintf)
    rtthread_startup                         0x08004601   Thumb Code    42  components.o(.text.rtthread_startup)
    version                                  0x0800474b   Thumb Code    10  cmd.o(.text.version)
    __scatterload_copy                       0x08004755   Thumb Code    14  handlers.o(i.__scatterload_copy)
    __scatterload_null                       0x08004763   Thumb Code     2  handlers.o(i.__scatterload_null)
    __scatterload_zeroinit                   0x08004765   Thumb Code    14  handlers.o(i.__scatterload_zeroinit)
    APBPrescTable                            0x08004774   Data          32  system_air001xx.o(.rodata.APBPrescTable)
    LED_PIN                                  0x08004794   Data           2  air001_core_board.o(.rodata.LED_PIN)
    __lowest_bit_bitmap                      0x08004796   Data         256  kservice.o(.rodata.__lowest_bit_bitmap)
    __fsym_hello_name                        0x08004896   Data           6  cmd.o(.rodata.name)
    __fsym_hello_desc                        0x0800489c   Data          16  cmd.o(.rodata.name)
    __fsym_version_name                      0x080048ac   Data           8  cmd.o(.rodata.name)
    __fsym_version_desc                      0x080048b4   Data          35  cmd.o(.rodata.name)
    __fsym___cmd_version_name                0x080048d7   Data          14  cmd.o(.rodata.name)
    __fsym___cmd_version_desc                0x080048e5   Data          35  cmd.o(.rodata.name)
    __fsym_list_thread_name                  0x08004908   Data          12  cmd.o(.rodata.name)
    __fsym_list_thread_desc                  0x08004914   Data          12  cmd.o(.rodata.name)
    __fsym___cmd_list_thread_name            0x08004920   Data          18  cmd.o(.rodata.name)
    __fsym___cmd_list_thread_desc            0x08004932   Data          12  cmd.o(.rodata.name)
    __fsym_list_sem_name                     0x0800493e   Data           9  cmd.o(.rodata.name)
    __fsym_list_sem_desc                     0x08004947   Data          25  cmd.o(.rodata.name)
    __fsym___cmd_list_sem_name               0x08004960   Data          15  cmd.o(.rodata.name)
    __fsym___cmd_list_sem_desc               0x0800496f   Data          25  cmd.o(.rodata.name)
    __fsym_list_mailbox_name                 0x08004988   Data          13  cmd.o(.rodata.name)
    __fsym_list_mailbox_desc                 0x08004995   Data          24  cmd.o(.rodata.name)
    __fsym___cmd_list_mailbox_name           0x080049ad   Data          19  cmd.o(.rodata.name)
    __fsym___cmd_list_mailbox_desc           0x080049c0   Data          24  cmd.o(.rodata.name)
    __fsym_list_timer_name                   0x080049d8   Data          11  cmd.o(.rodata.name)
    __fsym_list_timer_desc                   0x080049e3   Data          21  cmd.o(.rodata.name)
    __fsym___cmd_list_timer_name             0x080049f8   Data          17  cmd.o(.rodata.name)
    __fsym___cmd_list_timer_desc             0x08004a09   Data          21  cmd.o(.rodata.name)
    __fsym_list_name                         0x08004a1e   Data           5  cmd.o(.rodata.name)
    __fsym_list_desc                         0x08004a23   Data          26  cmd.o(.rodata.name)
    __fsym___cmd_help_name                   0x08004a3d   Data          11  msh.o(.rodata.name)
    __fsym___cmd_help_desc                   0x08004a48   Data          22  msh.o(.rodata.name)
    __fsym___cmd_ps_name                     0x08004a5e   Data           9  msh.o(.rodata.name)
    __fsym___cmd_ps_desc                     0x08004a67   Data          28  msh.o(.rodata.name)
    __rt_init_rti_start                      0x08004ecc   Data           4  components.o(.rti_fn.0)
    __rt_init_rti_board_start                0x08004ed0   Data           4  components.o(.rti_fn.0.end)
    __rt_init_BSP_USART_Config               0x08004ed4   Data           4  air001_core_board.o(.rti_fn.1)
    __rt_init_rti_board_end                  0x08004ed8   Data           4  components.o(.rti_fn.1.end)
    __rt_init_finsh_system_init              0x08004edc   Data           4  shell.o(.rti_fn.6)
    __rt_init_rti_end                        0x08004ee0   Data           4  components.o(.rti_fn.6.end)
    FSymTab$$Base                            0x08004ee4   Number         0  cmd.o(FSymTab)
    __fsym_hello                             0x08004ee4   Data          12  cmd.o(FSymTab)
    __fsym_version                           0x08004ef0   Data          12  cmd.o(FSymTab)
    __fsym___cmd_version                     0x08004efc   Data          12  cmd.o(FSymTab)
    __fsym_list_thread                       0x08004f08   Data          12  cmd.o(FSymTab)
    __fsym___cmd_list_thread                 0x08004f14   Data          12  cmd.o(FSymTab)
    __fsym_list_sem                          0x08004f20   Data          12  cmd.o(FSymTab)
    __fsym___cmd_list_sem                    0x08004f2c   Data          12  cmd.o(FSymTab)
    __fsym_list_mailbox                      0x08004f38   Data          12  cmd.o(FSymTab)
    __fsym___cmd_list_mailbox                0x08004f44   Data          12  cmd.o(FSymTab)
    __fsym_list_timer                        0x08004f50   Data          12  cmd.o(FSymTab)
    __fsym___cmd_list_timer                  0x08004f5c   Data          12  cmd.o(FSymTab)
    __fsym_list                              0x08004f68   Data          12  cmd.o(FSymTab)
    __fsym___cmd_help                        0x08004f74   Data          12  msh.o(FSymTab)
    __fsym___cmd_ps                          0x08004f80   Data          12  msh.o(FSymTab)
    FSymTab$$Limit                           0x08004f8c   Number         0  msh.o(FSymTab)
    Region$$Table$$Base                      0x08004f8c   Number         0  anon$$obj.o(Region$$Table)
    Region$$Table$$Limit                     0x08004fac   Number         0  anon$$obj.o(Region$$Table)
    LED_PORT                                 0x20000000   Data           4  air001_core_board.o(.data.LED_PORT)
    SystemCoreClock                          0x20000004   Data           4  system_air001xx.o(.data.SystemCoreClock)
    uwTickFreq                               0x20000048   Data           4  air001xx_hal.o(.data.uwTickFreq)
    uwTickPrio                               0x2000004c   Data           4  air001xx_hal.o(.data.uwTickPrio)
    DebugUartHandle                          0x20000050   Data          76  air001_core_board.o(.bss.DebugUartHandle)
    _shell                                   0x2000009c   Data         120  shell.o(.bss._shell)
    _syscall_table_begin                     0x20000114   Data           4  shell.o(.bss._syscall_table_begin)
    _syscall_table_end                       0x20000118   Data           4  shell.o(.bss._syscall_table_end)
    main_thread                              0x20000798   Data         120  components.o(.bss.main_thread)
    rt_current_priority                      0x20000810   Data           1  scheduler.o(.bss.rt_current_priority)
    rt_current_thread                        0x20000814   Data           4  scheduler.o(.bss.rt_current_thread)
    rt_interrupt_from_thread                 0x20000818   Data           4  cpuport.o(.bss.rt_interrupt_from_thread)
    rt_interrupt_nest                        0x2000081c   Data           1  irq.o(.bss.rt_interrupt_nest)
    rt_interrupt_to_thread                   0x20000820   Data           4  cpuport.o(.bss.rt_interrupt_to_thread)
    rt_thread_defunct                        0x200008a8   Data           8  scheduler.o(.bss.rt_thread_defunct)
    rt_thread_priority_table                 0x200008b0   Data          64  scheduler.o(.bss.rt_thread_priority_table)
    rt_thread_ready_priority_group           0x200008f0   Data           4  scheduler.o(.bss.rt_thread_ready_priority_group)
    rt_thread_switch_interrupt_flag          0x20000974   Data           4  cpuport.o(.bss.rt_thread_switch_interrupt_flag)
    rx_buf                                   0x20000988   Data           1  air001_core_board.o(.bss.rx_buf)
    shell                                    0x2000098c   Data           4  shell.o(.bss.shell)
    uart_rx_buf                              0x200009b0   Data          16  air001_core_board.o(.bss.uart_rx_buf)
    uart_rxcb                                0x200009c0   Data          12  air001_core_board.o(.bss.uart_rxcb)
    uwTick                                   0x200009cc   Data           4  air001xx_hal.o(.bss.uwTick)
    __initial_sp                             0x20000dd0   Data           0  startup_air001_dev.o(STACK)



==============================================================================

Memory Map of the image

  Image Entry point : 0x080000c1

  Load Region LR_IROM1 (Base: 0x08000000, Size: 0x00005000, Max: 0x00008000, ABSOLUTE)

    Execution Region ER_IROM1 (Exec base: 0x08000000, Load base: 0x08000000, Size: 0x00004fac, Max: 0x00008000, ABSOLUTE)

    Exec Addr    Load Addr    Size         Type   Attr      Idx    E Section Name        Object

    0x08000000   0x08000000   0x000000c0   Data   RO          949    RESET               startup_air001_dev.o
    0x080000c0   0x080000c0   0x00000000   Code   RO         1066  * .ARM.Collect$$$$00000000  mc_p.l(entry.o)
    0x080000c0   0x080000c0   0x00000004   Code   RO         1091    .ARM.Collect$$$$00000001  mc_p.l(entry2.o)
    0x080000c4   0x080000c4   0x00000004   Code   RO         1094    .ARM.Collect$$$$00000004  mc_p.l(entry5.o)
    0x080000c8   0x080000c8   0x00000000   Code   RO         1096    .ARM.Collect$$$$00000008  mc_p.l(entry7b.o)
    0x080000c8   0x080000c8   0x00000000   Code   RO         1098    .ARM.Collect$$$$0000000A  mc_p.l(entry8b.o)
    0x080000c8   0x080000c8   0x00000008   Code   RO         1099    .ARM.Collect$$$$0000000B  mc_p.l(entry9a.o)
    0x080000d0   0x080000d0   0x00000000   Code   RO         1101    .ARM.Collect$$$$0000000D  mc_p.l(entry10a.o)
    0x080000d0   0x080000d0   0x00000000   Code   RO         1103    .ARM.Collect$$$$0000000F  mc_p.l(entry11a.o)
    0x080000d0   0x080000d0   0x00000004   Code   RO         1092    .ARM.Collect$$$$00002712  mc_p.l(entry2.o)
    0x080000d4   0x080000d4   0x000000d8   Code   RO            1    .text               context_rvds.o
    0x080001ac   0x080001ac   0x0000001c   Code   RO          950    .text               startup_air001_dev.o
    0x080001c8   0x080001c8   0x00000024   Code   RO         1075    .text               mc_p.l(memcpya.o)
    0x080001ec   0x080001ec   0x00000024   Code   RO         1077    .text               mc_p.l(memseta.o)
    0x08000210   0x08000210   0x00000018   Code   RO         1079    .text               mc_p.l(strcat.o)
    0x08000228   0x08000228   0x0000001a   Code   RO         1081    .text               mc_p.l(strncpy.o)
    0x08000242   0x08000242   0x0000000e   Code   RO         1083    .text               mc_p.l(strlen.o)
    0x08000250   0x08000250   0x00000012   Code   RO         1085    .text               mc_p.l(strcpy.o)
    0x08000262   0x08000262   0x0000001e   Code   RO         1087    .text               mc_p.l(strncmp.o)
    0x08000280   0x08000280   0x0000003e   Code   RO         1107    .text               mc_p.l(uidiv_div0.o)
    0x080002be   0x080002be   0x00000002   PAD
    0x080002c0   0x080002c0   0x00000050   Code   RO         1109    .text               mc_p.l(idiv_div0.o)
    0x08000310   0x08000310   0x00000024   Code   RO         1113    .text               mc_p.l(init.o)
    0x08000334   0x08000334   0x0000000a   Code   RO           55    .text.$Sub$$main    components.o
    0x0800033e   0x0800033e   0x00000002   PAD
    0x08000340   0x08000340   0x0000006c   Code   RO          957    .text.BSP_LED_Init  air001_core_board.o
    0x080003ac   0x080003ac   0x00000028   Code   RO          965    .text.BSP_LED_Toggle  air001_core_board.o
    0x080003d4   0x080003d4   0x00000110   Code   RO          973    .text.BSP_USART_Config  air001_core_board.o
    0x080004e4   0x080004e4   0x000000b0   Code   RO          548    .text.HAL_DMA_Abort_IT  air001xx_hal_dma.o
    0x08000594   0x08000594   0x0000029c   Code   RO          632    .text.HAL_GPIO_Init  air001xx_hal_gpio.o
    0x08000830   0x08000830   0x00000032   Code   RO          640    .text.HAL_GPIO_TogglePin  air001xx_hal_gpio.o
    0x08000862   0x08000862   0x0000002c   Code   RO          638    .text.HAL_GPIO_WritePin  air001xx_hal_gpio.o
    0x0800088e   0x0800088e   0x00000002   PAD
    0x08000890   0x08000890   0x0000000c   Code   RO          891    .text.HAL_GetTick   air001xx_hal.o
    0x0800089c   0x0800089c   0x0000002c   Code   RO          879    .text.HAL_Init      air001xx_hal.o
    0x080008c8   0x080008c8   0x00000080   Code   RO          881    .text.HAL_InitTick  air001xx_hal.o
    0x08000948   0x08000948   0x00000020   Code   RO         1006    .text.HAL_MspInit   air001xx_hal_msp.o
    0x08000968   0x08000968   0x00000016   Code   RO          491    .text.HAL_NVIC_EnableIRQ  air001xx_hal_cortex.o
    0x0800097e   0x0800097e   0x0000001c   Code   RO          487    .text.HAL_NVIC_SetPriority  air001xx_hal_cortex.o
    0x0800099a   0x0800099a   0x00000002   PAD
    0x0800099c   0x0800099c   0x0000000c   Code   RO          734    .text.HAL_RCC_GetHCLKFreq  air001xx_hal_rcc.o
    0x080009a8   0x080009a8   0x00000028   Code   RO          736    .text.HAL_RCC_GetPCLK1Freq  air001xx_hal_rcc.o
    0x080009d0   0x080009d0   0x00000010   Code   RO          503    .text.HAL_SYSTICK_Config  air001xx_hal_cortex.o
    0x080009e0   0x080009e0   0x00000008   Code   RO          844    .text.HAL_UART_ErrorCallback  air001xx_hal_uart.o
    0x080009e8   0x080009e8   0x00000210   Code   RO          838    .text.HAL_UART_IRQHandler  air001xx_hal_uart.o
    0x08000bf8   0x08000bf8   0x000000b6   Code   RO          762    .text.HAL_UART_Init  air001xx_hal_uart.o
    0x08000cae   0x08000cae   0x00000008   Code   RO          764    .text.HAL_UART_MspInit  air001xx_hal_uart.o
    0x08000cb6   0x08000cb6   0x000000ba   Code   RO          786    .text.HAL_UART_Receive_IT  air001xx_hal_uart.o
    0x08000d70   0x08000d70   0x00000070   Code   RO          979    .text.HAL_UART_RxCpltCallback  air001_core_board.o
    0x08000de0   0x08000de0   0x00000184   Code   RO          778    .text.HAL_UART_Transmit  air001xx_hal_uart.o
    0x08000f64   0x08000f64   0x00000008   Code   RO          850    .text.HAL_UART_TxCpltCallback  air001xx_hal_uart.o
    0x08000f6c   0x08000f6c   0x00000002   Code   RO         1014    .text.NMI_Handler   air001xx_it.o
    0x08000f6e   0x08000f6e   0x00000002   PAD
    0x08000f70   0x08000f70   0x00000020   Code   RO          493    .text.NVIC_EnableIRQ  air001xx_hal_cortex.o
    0x08000f90   0x08000f90   0x00000088   Code   RO          489    .text.NVIC_SetPriority  air001xx_hal_cortex.o
    0x08001018   0x08001018   0x00000002   Code   RO         1016    .text.SVC_Handler   air001xx_it.o
    0x0800101a   0x0800101a   0x00000002   PAD
    0x0800101c   0x0800101c   0x00000050   Code   RO          505    .text.SysTick_Config  air001xx_hal_cortex.o
    0x0800106c   0x0800106c   0x00000008   Code   RO         1027    .text.SysTick_Handler  board.o
    0x08001074   0x08001074   0x00000030   Code   RO          935    .text.SystemInit    system_air001xx.o
    0x080010a4   0x080010a4   0x00000050   Code   RO          768    .text.UART_AdvFeatureConfig  air001xx_hal_uart.o
    0x080010f4   0x080010f4   0x00000020   Code   RO          842    .text.UART_DMAAbortOnError  air001xx_hal_uart.o
    0x08001114   0x08001114   0x0000002a   Code   RO          810    .text.UART_EndRxTransfer  air001xx_hal_uart.o
    0x0800113e   0x0800113e   0x00000026   Code   RO          848    .text.UART_EndTransmit_IT  air001xx_hal_uart.o
    0x08001164   0x08001164   0x000000c0   Code   RO          840    .text.UART_Receive_IT  air001xx_hal_uart.o
    0x08001224   0x08001224   0x0000012c   Code   RO          766    .text.UART_SetConfig  air001xx_hal_uart.o
    0x08001350   0x08001350   0x000000a8   Code   RO          846    .text.UART_Transmit_IT  air001xx_hal_uart.o
    0x080013f8   0x080013f8   0x0000009e   Code   RO          780    .text.UART_WaitOnFlagUntilTimeout  air001xx_hal_uart.o
    0x08001496   0x08001496   0x00000002   PAD
    0x08001498   0x08001498   0x00000010   Code   RO          977    .text.USART2_IRQHandler  air001_core_board.o
    0x080014a8   0x080014a8   0x00000074   Code   RO          203    .text.__rt_ffs      kservice.o
    0x0800151c   0x0800151c   0x000000ce   Code   RO          426    .text._msh_exec_cmd  msh.o
    0x080015ea   0x080015ea   0x00000002   PAD
    0x080015ec   0x080015ec   0x000000b4   Code   RO          299    .text._rt_thread_init  thread.o
    0x080016a0   0x080016a0   0x00000064   Code   RO          342    .text._rt_timer_init  timer.o
    0x08001704   0x08001704   0x00000030   Code   RO          346    .text._rt_timer_remove  timer.o
    0x08001734   0x08001734   0x00000028   Code   RO          293    .text._thread_cleanup_execute  thread.o
    0x0800175c   0x0800175c   0x00000012   Code   RO          422    .text.cmd_ps        msh.o
    0x0800176e   0x0800176e   0x0000004c   Code   RO          205    .text.divide        kservice.o
    0x080017ba   0x080017ba   0x00000002   PAD
    0x080017bc   0x080017bc   0x00000088   Code   RO          446    .text.finsh_get_prompt  shell.o
    0x08001844   0x08001844   0x00000008   Code   RO          458    .text.finsh_getchar  shell.o
    0x0800184c   0x0800184c   0x00000020   Code   RO          450    .text.finsh_set_prompt_mode  shell.o
    0x0800186c   0x0800186c   0x00000020   Code   RO          462    .text.finsh_system_function_init  shell.o
    0x0800188c   0x0800188c   0x00000098   Code   RO          466    .text.finsh_system_init  shell.o
    0x08001924   0x08001924   0x000003e0   Code   RO          456    .text.finsh_thread_entry  shell.o
    0x08001d04   0x08001d04   0x00000010   Code   RO          381    .text.hello         cmd.o
    0x08001d14   0x08001d14   0x00000064   Code   RO          405    .text.list          cmd.o
    0x08001d78   0x08001d78   0x0000003e   Code   RO          387    .text.list_find_init  cmd.o
    0x08001db6   0x08001db6   0x000000d6   Code   RO          391    .text.list_get_next  cmd.o
    0x08001e8c   0x08001e8c   0x00000130   Code   RO          401    .text.list_mailbox  cmd.o
    0x08001fbc   0x08001fbc   0x00000124   Code   RO          393    .text.list_sem      cmd.o
    0x080020e0   0x080020e0   0x000001a0   Code   RO          385    .text.list_thread   cmd.o
    0x08002280   0x08002280   0x000000f8   Code   RO          403    .text.list_timer    cmd.o
    0x08002378   0x08002378   0x0000001c   Code   RO         1038    .text.main          main.o
    0x08002394   0x08002394   0x00000012   Code   RO           59    .text.main_thread_entry  components.o
    0x080023a6   0x080023a6   0x00000002   PAD
    0x080023a8   0x080023a8   0x000000d0   Code   RO          428    .text.msh_auto_complete  msh.o
    0x08002478   0x08002478   0x000000c8   Code   RO          424    .text.msh_exec      msh.o
    0x08002540   0x08002540   0x00000070   Code   RO          432    .text.msh_get_cmd   msh.o
    0x080025b0   0x080025b0   0x00000070   Code   RO          420    .text.msh_help      msh.o
    0x08002620   0x08002620   0x00000004   Code   RO          418    .text.msh_is_used   msh.o
    0x08002624   0x08002624   0x000001ec   Code   RO          434    .text.msh_split     msh.o
    0x08002810   0x08002810   0x00000024   Code   RO          389    .text.object_split  cmd.o
    0x08002834   0x08002834   0x00000268   Code   RO          191    .text.print_number  kservice.o
    0x08002a9c   0x08002a9c   0x00000044   Code   RO           61    .text.rt_application_init  components.o
    0x08002ae0   0x08002ae0   0x0000002c   Code   RO           51    .text.rt_components_board_init  components.o
    0x08002b0c   0x08002b0c   0x00000030   Code   RO           53    .text.rt_components_init  components.o
    0x08002b3c   0x08002b3c   0x0000001c   Code   RO          271    .text.rt_enter_critical  scheduler.o
    0x08002b58   0x08002b58   0x0000004c   Code   RO          273    .text.rt_exit_critical  scheduler.o
    0x08002ba4   0x08002ba4   0x0000000c   Code   RO         1029    .text.rt_hw_board_init  board.o
    0x08002bb0   0x08002bb0   0x00000038   Code   RO          981    .text.rt_hw_console_getchar  air001_core_board.o
    0x08002be8   0x08002be8   0x00000074   Code   RO          975    .text.rt_hw_console_output  air001_core_board.o
    0x08002c5c   0x08002c5c   0x0000008c   Code   RO           10    .text.rt_hw_hard_fault_exception  cpuport.o
    0x08002ce8   0x08002ce8   0x0000007c   Code   RO            8    .text.rt_hw_stack_init  cpuport.o
    0x08002d64   0x08002d64   0x0000001c   Code   RO          141    .text.rt_interrupt_enter  irq.o
    0x08002d80   0x08002d80   0x00000020   Code   RO          143    .text.rt_interrupt_leave  irq.o
    0x08002da0   0x08002da0   0x0000001a   Code   RO          114    .text.rt_ipc_list_resume  ipc.o
    0x08002dba   0x08002dba   0x00000094   Code   RO          106    .text.rt_ipc_list_suspend  ipc.o
    0x08002e4e   0x08002e4e   0x00000014   Code   RO           98    .text.rt_ipc_object_init  ipc.o
    0x08002e62   0x08002e62   0x00000002   PAD
    0x08002e64   0x08002e64   0x00000044   Code   RO          185    .text.rt_kprintf    kservice.o
    0x08002ea8   0x08002ea8   0x00000010   Code   RO          120    .text.rt_list_init  ipc.o
    0x08002eb8   0x08002eb8   0x00000010   Code   RO          255    .text.rt_list_init  scheduler.o
    0x08002ec8   0x08002ec8   0x00000010   Code   RO          331    .text.rt_list_init  thread.o
    0x08002ed8   0x08002ed8   0x00000010   Code   RO          358    .text.rt_list_init  timer.o
    0x08002ee8   0x08002ee8   0x00000026   Code   RO          233    .text.rt_list_insert_after  object.o
    0x08002f0e   0x08002f0e   0x00000026   Code   RO          295    .text.rt_list_insert_after  thread.o
    0x08002f34   0x08002f34   0x00000026   Code   RO          350    .text.rt_list_insert_after  timer.o
    0x08002f5a   0x08002f5a   0x00000026   Code   RO          132    .text.rt_list_insert_before  ipc.o
    0x08002f80   0x08002f80   0x00000026   Code   RO          263    .text.rt_list_insert_before  scheduler.o
    0x08002fa6   0x08002fa6   0x00000026   Code   RO          313    .text.rt_list_insert_before  thread.o
    0x08002fcc   0x08002fcc   0x00000012   Code   RO          112    .text.rt_list_isempty  ipc.o
    0x08002fde   0x08002fde   0x00000012   Code   RO          269    .text.rt_list_isempty  scheduler.o
    0x08002ff0   0x08002ff0   0x00000012   Code   RO          360    .text.rt_list_isempty  timer.o
    0x08003002   0x08003002   0x00000012   Code   RO          395    .text.rt_list_isempty  cmd.o
    0x08003014   0x08003014   0x0000002e   Code   RO          397    .text.rt_list_len   cmd.o
    0x08003042   0x08003042   0x00000020   Code   RO          237    .text.rt_list_remove  object.o
    0x08003062   0x08003062   0x00000020   Code   RO          267    .text.rt_list_remove  scheduler.o
    0x08003082   0x08003082   0x00000020   Code   RO          311    .text.rt_list_remove  thread.o
    0x080030a2   0x080030a2   0x00000020   Code   RO          362    .text.rt_list_remove  timer.o
    0x080030c2   0x080030c2   0x00000082   Code   RO          165    .text.rt_memmove    kservice.o
    0x08003144   0x08003144   0x000000b6   Code   RO          161    .text.rt_memset     kservice.o
    0x080031fa   0x080031fa   0x00000024   Code   RO          235    .text.rt_object_detach  object.o
    0x0800321e   0x0800321e   0x00000002   PAD
    0x08003220   0x08003220   0x0000004c   Code   RO          225    .text.rt_object_get_information  object.o
    0x0800326c   0x0800326c   0x0000007e   Code   RO          231    .text.rt_object_init  object.o
    0x080032ea   0x080032ea   0x00000022   Code   RO          239    .text.rt_object_is_systemobject  object.o
    0x0800330c   0x0800330c   0x00000010   Code   RO         1025    .text.rt_os_tick_callback  board.o
    0x0800331c   0x0800331c   0x00000074   Code   RO         1050    .text.rt_ringbuffer_data_len  ringbuff.o
    0x08003390   0x08003390   0x0000006a   Code   RO         1058    .text.rt_ringbuffer_getchar  ringbuff.o
    0x080033fa   0x080033fa   0x00000044   Code   RO         1054    .text.rt_ringbuffer_init  ringbuff.o
    0x0800343e   0x0800343e   0x00000076   Code   RO         1056    .text.rt_ringbuffer_putchar  ringbuff.o
    0x080034b4   0x080034b4   0x00000046   Code   RO         1052    .text.rt_ringbuffer_status  ringbuff.o
    0x080034fa   0x080034fa   0x00000002   PAD
    0x080034fc   0x080034fc   0x0000008c   Code   RO          259    .text.rt_schedule   scheduler.o
    0x08003588   0x08003588   0x00000044   Code   RO          261    .text.rt_schedule_insert_thread  scheduler.o
    0x080035cc   0x080035cc   0x00000044   Code   RO          265    .text.rt_schedule_remove_thread  scheduler.o
    0x08003610   0x08003610   0x00000030   Code   RO           96    .text.rt_sem_init   ipc.o
    0x08003640   0x08003640   0x00000078   Code   RO          110    .text.rt_sem_release  ipc.o
    0x080036b8   0x080036b8   0x000000a2   Code   RO          104    .text.rt_sem_take   ipc.o
    0x0800375a   0x0800375a   0x00000002   PAD
    0x0800375c   0x0800375c   0x00000040   Code   RO          183    .text.rt_show_version  kservice.o
    0x0800379c   0x0800379c   0x00000028   Code   RO          171    .text.rt_strlen     kservice.o
    0x080037c4   0x080037c4   0x00000062   Code   RO          175    .text.rt_strncpy    kservice.o
    0x08003826   0x08003826   0x00000002   PAD
    0x08003828   0x08003828   0x00000050   Code   RO          253    .text.rt_system_scheduler_init  scheduler.o
    0x08003878   0x08003878   0x0000003c   Code   RO          257    .text.rt_system_scheduler_start  scheduler.o
    0x080038b4   0x080038b4   0x00000030   Code   RO          368    .text.rt_system_timer_init  timer.o
    0x080038e4   0x080038e4   0x00000002   Code   RO          370    .text.rt_system_timer_thread_init  timer.o
    0x080038e6   0x080038e6   0x00000002   PAD
    0x080038e8   0x080038e8   0x00000060   Code   RO          291    .text.rt_thread_exit  thread.o
    0x08003948   0x08003948   0x0000000e   Code   RO           82    .text.rt_thread_idle_entry  idle.o
    0x08003956   0x08003956   0x00000002   Code   RO           78    .text.rt_thread_idle_excute  idle.o
    0x08003958   0x08003958   0x0000003c   Code   RO           80    .text.rt_thread_idle_init  idle.o
    0x08003994   0x08003994   0x00000044   Code   RO          297    .text.rt_thread_init  thread.o
    0x080039d8   0x080039d8   0x00000018   Code   RO          323    .text.rt_thread_mdelay  thread.o
    0x080039f0   0x080039f0   0x0000004c   Code   RO          305    .text.rt_thread_resume  thread.o
    0x08003a3c   0x08003a3c   0x00000008   Code   RO          301    .text.rt_thread_self  thread.o
    0x08003a44   0x08003a44   0x00000050   Code   RO          315    .text.rt_thread_sleep  thread.o
    0x08003a94   0x08003a94   0x0000003e   Code   RO          303    .text.rt_thread_startup  thread.o
    0x08003ad2   0x08003ad2   0x00000052   Code   RO          317    .text.rt_thread_suspend  thread.o
    0x08003b24   0x08003b24   0x00000028   Code   RO          327    .text.rt_thread_timeout  thread.o
    0x08003b4c   0x08003b4c   0x00000070   Code   RO          309    .text.rt_thread_yield  thread.o
    0x08003bbc   0x08003bbc   0x00000058   Code   RO           33    .text.rt_tick_from_millisecond  clock.o
    0x08003c14   0x08003c14   0x00000008   Code   RO           27    .text.rt_tick_get   clock.o
    0x08003c1c   0x08003c1c   0x0000003c   Code   RO           31    .text.rt_tick_increase  clock.o
    0x08003c58   0x08003c58   0x000000c8   Code   RO          356    .text.rt_timer_check  timer.o
    0x08003d20   0x08003d20   0x00000090   Code   RO          354    .text.rt_timer_control  timer.o
    0x08003db0   0x08003db0   0x0000002e   Code   RO          344    .text.rt_timer_detach  timer.o
    0x08003dde   0x08003dde   0x00000034   Code   RO          340    .text.rt_timer_init  timer.o
    0x08003e12   0x08003e12   0x00000002   PAD
    0x08003e14   0x08003e14   0x00000148   Code   RO          348    .text.rt_timer_start  timer.o
    0x08003f5c   0x08003f5c   0x00000042   Code   RO          352    .text.rt_timer_stop  timer.o
    0x08003f9e   0x08003f9e   0x00000002   PAD
    0x08003fa0   0x08003fa0   0x00000650   Code   RO          187    .text.rt_vsnprintf  kservice.o
    0x080045f0   0x080045f0   0x00000004   Code   RO           47    .text.rti_board_end  components.o
    0x080045f4   0x080045f4   0x00000004   Code   RO           45    .text.rti_board_start  components.o
    0x080045f8   0x080045f8   0x00000004   Code   RO           49    .text.rti_end       components.o
    0x080045fc   0x080045fc   0x00000004   Code   RO           43    .text.rti_start     components.o
    0x08004600   0x08004600   0x0000002a   Code   RO           57    .text.rtthread_startup  components.o
    0x0800462a   0x0800462a   0x00000002   PAD
    0x0800462c   0x0800462c   0x0000003c   Code   RO          460    .text.shell_auto_complete  shell.o
    0x08004668   0x08004668   0x00000050   Code   RO          399    .text.show_wait_queue  cmd.o
    0x080046b8   0x080046b8   0x00000036   Code   RO          189    .text.skip_atoi     kservice.o
    0x080046ee   0x080046ee   0x0000005c   Code   RO          430    .text.str_common    msh.o
    0x0800474a   0x0800474a   0x0000000a   Code   RO          383    .text.version       cmd.o
    0x08004754   0x08004754   0x0000000e   Code   RO         1117    i.__scatterload_copy  mc_p.l(handlers.o)
    0x08004762   0x08004762   0x00000002   Code   RO         1118    i.__scatterload_null  mc_p.l(handlers.o)
    0x08004764   0x08004764   0x0000000e   Code   RO         1119    i.__scatterload_zeroinit  mc_p.l(handlers.o)
    0x08004772   0x08004772   0x00000002   PAD
    0x08004774   0x08004774   0x00000020   Data   RO          939    .rodata.APBPrescTable  system_air001xx.o
    0x08004794   0x08004794   0x00000002   Data   RO          988    .rodata.LED_PIN     air001_core_board.o
    0x08004796   0x08004796   0x00000100   Data   RO          210    .rodata.__lowest_bit_bitmap  kservice.o
    0x08004896   0x08004896   0x000001a7   Data   RO          408    .rodata.name        cmd.o
    0x08004a3d   0x08004a3d   0x00000046   Data   RO          437    .rodata.name        msh.o
    0x08004a83   0x08004a83   0x00000011   Data   RO          212    .rodata.print_number.large_digits  kservice.o
    0x08004a94   0x08004a94   0x00000011   Data   RO          211    .rodata.print_number.small_digits  kservice.o
    0x08004aa5   0x08004aa5   0x00000082   Data   RO           14    .rodata.str1.1      cpuport.o
    0x08004b27   0x08004b27   0x00000005   Data   RO           68    .rodata.str1.1      components.o
    0x08004b2c   0x08004b2c   0x00000006   Data   RO           87    .rodata.str1.1      idle.o
    0x08004b32   0x08004b32   0x00000088   Data   RO          208    .rodata.str1.1      kservice.o
    0x08004bba   0x08004bba   0x00000273   Data   RO          407    .rodata.str1.1      cmd.o
    0x08004e2d   0x08004e2d   0x00000068   Data   RO          436    .rodata.str1.1      msh.o
    0x08004e95   0x08004e95   0x0000002d   Data   RO          475    .rodata.str1.1      shell.o
    0x08004ec2   0x08004ec2   0x00000009   Data   RO          996    .rodata.str1.1      air001_core_board.o
    0x08004ecb   0x08004ecb   0x00000001   PAD
    0x08004ecc   0x08004ecc   0x00000004   Data   RO           63    .rti_fn.0           components.o
    0x08004ed0   0x08004ed0   0x00000004   Data   RO           64    .rti_fn.0.end       components.o
    0x08004ed4   0x08004ed4   0x00000004   Data   RO          998    .rti_fn.1           air001_core_board.o
    0x08004ed8   0x08004ed8   0x00000004   Data   RO           65    .rti_fn.1.end       components.o
    0x08004edc   0x08004edc   0x00000004   Data   RO          479    .rti_fn.6           shell.o
    0x08004ee0   0x08004ee0   0x00000004   Data   RO           66    .rti_fn.6.end       components.o
    0x08004ee4   0x08004ee4   0x00000090   Data   RO          409    FSymTab             cmd.o
    0x08004f74   0x08004f74   0x00000018   Data   RO          438    FSymTab             msh.o
    0x08004f8c   0x08004f8c   0x00000020   Data   RO         1116    Region$$Table       anon$$obj.o


    Execution Region RW_IRAM1 (Exec base: 0x20000000, Load base: 0x08004fb0, Size: 0x00000dd0, Max: 0x00001000, ABSOLUTE)

    Exec Addr    Load Addr    Size         Type   Attr      Idx    E Section Name        Object

    0x20000000   0x08004fb0   0x00000004   Data   RW          987    .data.LED_PORT      air001_core_board.o
    0x20000004   0x08004fb4   0x00000004   Data   RW          937    .data.SystemCoreClock  system_air001xx.o
    0x20000008   0x08004fb8   0x00000040   Data   RW          245    .data.rt_object_container  object.o
    0x20000048   0x08004ff8   0x00000004   Data   RW          924    .data.uwTickFreq    air001xx_hal.o
    0x2000004c   0x08004ffc   0x00000004   Data   RW          923    .data.uwTickPrio    air001xx_hal.o
    0x20000050        -       0x0000004c   Zero   RW          993    .bss.DebugUartHandle  air001_core_board.o
    0x2000009c        -       0x00000078   Zero   RW          476    .bss._shell         shell.o
    0x20000114        -       0x00000004   Zero   RW          468    .bss._syscall_table_begin  shell.o
    0x20000118        -       0x00000004   Zero   RW          469    .bss._syscall_table_end  shell.o
    0x2000011c        -       0x00000081   Zero   RW          472    .bss.finsh_get_prompt.finsh_prompt  shell.o
    0x2000019d   0x08005000   0x00000003   PAD
    0x200001a0        -       0x00000004   Zero   RW          474    .bss.finsh_prompt_custom  shell.o
    0x200001a4        -       0x00000078   Zero   RW          477    .bss.finsh_thread   shell.o
    0x2000021c        -       0x00000400   Zero   RW          478    .bss.finsh_thread_stack  shell.o
    0x2000061c        -       0x00000078   Zero   RW           86    .bss.idle           idle.o
    0x20000694   0x08005000   0x00000004   PAD
    0x20000698        -       0x00000100   Zero   RW           69    .bss.main_stack     components.o
    0x20000798        -       0x00000078   Zero   RW           67    .bss.main_thread    components.o
    0x20000810        -       0x00000001   Zero   RW          280    .bss.rt_current_priority  scheduler.o
    0x20000811   0x08005000   0x00000003   PAD
    0x20000814        -       0x00000004   Zero   RW          277    .bss.rt_current_thread  scheduler.o
    0x20000818        -       0x00000004   Zero   RW           15    .bss.rt_interrupt_from_thread  cpuport.o
    0x2000081c        -       0x00000001   Zero   RW          147    .bss.rt_interrupt_nest  irq.o
    0x2000081d   0x08005000   0x00000003   PAD
    0x20000820        -       0x00000004   Zero   RW           16    .bss.rt_interrupt_to_thread  cpuport.o
    0x20000824        -       0x00000080   Zero   RW          209    .bss.rt_kprintf.rt_log_buf  kservice.o
    0x200008a4        -       0x00000002   Zero   RW          278    .bss.rt_scheduler_lock_nest  scheduler.o
    0x200008a6   0x08005000   0x00000002   PAD
    0x200008a8        -       0x00000008   Zero   RW          282    .bss.rt_thread_defunct  scheduler.o
    0x200008b0        -       0x00000040   Zero   RW          279    .bss.rt_thread_priority_table  scheduler.o
    0x200008f0        -       0x00000004   Zero   RW          281    .bss.rt_thread_ready_priority_group  scheduler.o
    0x200008f4        -       0x00000080   Zero   RW           88    .bss.rt_thread_stack  idle.o
    0x20000974        -       0x00000004   Zero   RW           17    .bss.rt_thread_switch_interrupt_flag  cpuport.o
    0x20000978        -       0x00000004   Zero   RW           35    .bss.rt_tick        clock.o
    0x2000097c        -       0x00000008   Zero   RW          373    .bss.rt_timer_list  timer.o
    0x20000984        -       0x00000004   Zero   RW          372    .bss.rt_timer_start.random_nr  timer.o
    0x20000988        -       0x00000001   Zero   RW          994    .bss.rx_buf         air001_core_board.o
    0x20000989   0x08005000   0x00000003   PAD
    0x2000098c        -       0x00000004   Zero   RW          473    .bss.shell          shell.o
    0x20000990        -       0x00000020   Zero   RW          995    .bss.shell_rx_sem   air001_core_board.o
    0x200009b0        -       0x00000010   Zero   RW          992    .bss.uart_rx_buf    air001_core_board.o
    0x200009c0        -       0x0000000c   Zero   RW          997    .bss.uart_rxcb      air001_core_board.o
    0x200009cc        -       0x00000004   Zero   RW          925    .bss.uwTick         air001xx_hal.o
    0x200009d0        -       0x00000400   Zero   RW          947    STACK               startup_air001_dev.o


==============================================================================

Image component sizes


      Code (inc. data)   RO Data    RW Data    ZI Data      Debug   Object Name

       720         76         15          4        137       9202   air001_core_board.o
       184         12          0          8          4       5175   air001xx_hal.o
       314         24          0          0          0       5028   air001xx_hal_cortex.o
       176         12          0          0          0       7073   air001xx_hal_dma.o
       762         24          0          0          0       4216   air001xx_hal_gpio.o
        32          4          0          0          0       1204   air001xx_hal_msp.o
        52         12          0          0          0       9139   air001xx_hal_rcc.o
      2318         16          0          0          0      15792   air001xx_hal_uart.o
         4          0          0          0          0        475   air001xx_it.o
        36          0          0          0          0        605   board.o
       156          8          0          0          4       2400   clock.o
      1842        148       1194          0          0       8542   cmd.o
       246         28         21          0        376       3111   components.o
       216         32          0          0          0        820   context_rvds.o
       264         44        130          0         12       1835   cpuport.o
        76         16          6          0        248       2138   idle.o
       596          4          0          0          0       7066   ipc.o
        60          4          0          0          1       1005   irq.o
      3060        376        426          0        128      10036   kservice.o
        28          0          0          0          0        692   main.o
      1444         40        198          0          0       4036   msh.o
       342          4          0         64          0       4194   object.o
       478          0          0          0          0       2055   ringbuff.o
       624         28          0          0         83       4154   scheduler.o
      1412        100         49          0       1409       5589   shell.o
        28          8        192          0       1024        600   startup_air001_dev.o
        48         16         32          4          0       2051   system_air001xx.o
       992         20          0          0          0       6544   thread.o
      1138         36          0          0         12       5301   timer.o

    ----------------------------------------------------------------------
     17684       1092       2296         80       3456     130078   Object Totals
         0          0         32          0          0          0   (incl. Generated)
        36          0          1          0         18          0   (incl. Padding)

    ----------------------------------------------------------------------

      Code (inc. data)   RO Data    RW Data    ZI Data      Debug   Library Member Name

         0          0          0          0          0          0   entry.o
         0          0          0          0          0          0   entry10a.o
         0          0          0          0          0          0   entry11a.o
         8          4          0          0          0          0   entry2.o
         4          0          0          0          0          0   entry5.o
         0          0          0          0          0          0   entry7b.o
         0          0          0          0          0          0   entry8b.o
         8          4          0          0          0          0   entry9a.o
        30          0          0          0          0          0   handlers.o
        80          6          0          0          0         72   idiv_div0.o
        36          8          0          0          0         68   init.o
        36          0          0          0          0         60   memcpya.o
        36          0          0          0          0        100   memseta.o
        24          0          0          0          0         60   strcat.o
        18          0          0          0          0         60   strcpy.o
        14          0          0          0          0         60   strlen.o
        30          0          0          0          0         72   strncmp.o
        26          0          0          0          0         68   strncpy.o
        62          0          0          0          0         72   uidiv_div0.o

    ----------------------------------------------------------------------
       416         22          0          0          0        692   Library Totals
         4          0          0          0          0          0   (incl. Padding)

    ----------------------------------------------------------------------

      Code (inc. data)   RO Data    RW Data    ZI Data      Debug   Library Name

       412         22          0          0          0        692   mc_p.l

    ----------------------------------------------------------------------
       416         22          0          0          0        692   Library Totals

    ----------------------------------------------------------------------

==============================================================================


      Code (inc. data)   RO Data    RW Data    ZI Data      Debug   

     18100       1114       2296         80       3456     130086   Grand Totals
     18100       1114       2296         80       3456     130086   ELF Image Totals
     18100       1114       2296         80          0          0   ROM Totals

==============================================================================

    Total RO  Size (Code + RO Data)                20396 (  19.92kB)
    Total RW  Size (RW Data + ZI Data)              3536 (   3.45kB)
    Total ROM Size (Code + RO Data + RW Data)      20476 (  20.00kB)

==============================================================================

